Archive member included because of file (symbol)

/home/brecht/Programs/SimplicityStudio_v4/developer/toolchains/gnu_arm/4.9_2015q3/bin/../lib/gcc/arm-none-eabi/4.9.3/armv6-m/libgcc.a(_udivsi3.o)
                              ./CMSIS/EFM32HG/system_efm32hg.o (__aeabi_uidiv)
/home/brecht/Programs/SimplicityStudio_v4/developer/toolchains/gnu_arm/4.9_2015q3/bin/../lib/gcc/arm-none-eabi/4.9.3/armv6-m/libgcc.a(_divsi3.o)
                              ./VL53L1X_API/VL53L1X_api.o (__aeabi_idiv)
/home/brecht/Programs/SimplicityStudio_v4/developer/toolchains/gnu_arm/4.9_2015q3/bin/../lib/gcc/arm-none-eabi/4.9.3/armv6-m/libgcc.a(_dvmd_tls.o)
                              /home/brecht/Programs/SimplicityStudio_v4/developer/toolchains/gnu_arm/4.9_2015q3/bin/../lib/gcc/arm-none-eabi/4.9.3/armv6-m/libgcc.a(_udivsi3.o) (__aeabi_idiv0)
/home/brecht/Programs/SimplicityStudio_v4/developer/toolchains/gnu_arm/4.9_2015q3/bin/../lib/gcc/arm-none-eabi/4.9.3/armv6-m/libgcc.a(_arm_cmpdf2.o)
                              ./src/delay.o (__aeabi_dcmple)
/home/brecht/Programs/SimplicityStudio_v4/developer/toolchains/gnu_arm/4.9_2015q3/bin/../lib/gcc/arm-none-eabi/4.9.3/armv6-m/libgcc.a(_clzsi2.o)
                              ./emlib/em_cmu.o (__clzsi2)
/home/brecht/Programs/SimplicityStudio_v4/developer/toolchains/gnu_arm/4.9_2015q3/bin/../lib/gcc/arm-none-eabi/4.9.3/armv6-m/libgcc.a(_aeabi_uldivmod.o)
                              ./emdrv/ustimer.o (__aeabi_uldivmod)
/home/brecht/Programs/SimplicityStudio_v4/developer/toolchains/gnu_arm/4.9_2015q3/bin/../lib/gcc/arm-none-eabi/4.9.3/armv6-m/libgcc.a(_muldi3.o)
                              ./emdrv/ustimer.o (__aeabi_lmul)
/home/brecht/Programs/SimplicityStudio_v4/developer/toolchains/gnu_arm/4.9_2015q3/bin/../lib/gcc/arm-none-eabi/4.9.3/armv6-m/libgcc.a(_fixunssfsi.o)
                              ./VL53L1X_API/VL53L1X_calibration.o (__aeabi_f2uiz)
/home/brecht/Programs/SimplicityStudio_v4/developer/toolchains/gnu_arm/4.9_2015q3/bin/../lib/gcc/arm-none-eabi/4.9.3/armv6-m/libgcc.a(_fixunsdfsi.o)
                              ./VL53L1X_API/VL53L1X_api.o (__aeabi_d2uiz)
/home/brecht/Programs/SimplicityStudio_v4/developer/toolchains/gnu_arm/4.9_2015q3/bin/../lib/gcc/arm-none-eabi/4.9.3/armv6-m/libgcc.a(bpabi.o)
                              /home/brecht/Programs/SimplicityStudio_v4/developer/toolchains/gnu_arm/4.9_2015q3/bin/../lib/gcc/arm-none-eabi/4.9.3/armv6-m/libgcc.a(_aeabi_uldivmod.o) (__gnu_uldivmod_helper)
/home/brecht/Programs/SimplicityStudio_v4/developer/toolchains/gnu_arm/4.9_2015q3/bin/../lib/gcc/arm-none-eabi/4.9.3/armv6-m/libgcc.a(addsf3.o)
                              ./VL53L1X_API/VL53L1X_calibration.o (__aeabi_fadd)
/home/brecht/Programs/SimplicityStudio_v4/developer/toolchains/gnu_arm/4.9_2015q3/bin/../lib/gcc/arm-none-eabi/4.9.3/armv6-m/libgcc.a(divsf3.o)
                              ./src/adc.o (__aeabi_fdiv)
/home/brecht/Programs/SimplicityStudio_v4/developer/toolchains/gnu_arm/4.9_2015q3/bin/../lib/gcc/arm-none-eabi/4.9.3/armv6-m/libgcc.a(mulsf3.o)
                              ./src/adc.o (__aeabi_fmul)
/home/brecht/Programs/SimplicityStudio_v4/developer/toolchains/gnu_arm/4.9_2015q3/bin/../lib/gcc/arm-none-eabi/4.9.3/armv6-m/libgcc.a(subsf3.o)
                              ./src/adc.o (__aeabi_fsub)
/home/brecht/Programs/SimplicityStudio_v4/developer/toolchains/gnu_arm/4.9_2015q3/bin/../lib/gcc/arm-none-eabi/4.9.3/armv6-m/libgcc.a(fixsfsi.o)
                              ./src/adc.o (__aeabi_f2iz)
/home/brecht/Programs/SimplicityStudio_v4/developer/toolchains/gnu_arm/4.9_2015q3/bin/../lib/gcc/arm-none-eabi/4.9.3/armv6-m/libgcc.a(floatsisf.o)
                              ./src/adc.o (__aeabi_i2f)
/home/brecht/Programs/SimplicityStudio_v4/developer/toolchains/gnu_arm/4.9_2015q3/bin/../lib/gcc/arm-none-eabi/4.9.3/armv6-m/libgcc.a(divdf3.o)
                              ./src/adc.o (__aeabi_ddiv)
/home/brecht/Programs/SimplicityStudio_v4/developer/toolchains/gnu_arm/4.9_2015q3/bin/../lib/gcc/arm-none-eabi/4.9.3/armv6-m/libgcc.a(eqdf2.o)
                              /home/brecht/Programs/SimplicityStudio_v4/developer/toolchains/gnu_arm/4.9_2015q3/bin/../lib/gcc/arm-none-eabi/4.9.3/armv6-m/libgcc.a(_arm_cmpdf2.o) (__eqdf2)
/home/brecht/Programs/SimplicityStudio_v4/developer/toolchains/gnu_arm/4.9_2015q3/bin/../lib/gcc/arm-none-eabi/4.9.3/armv6-m/libgcc.a(gedf2.o)
                              /home/brecht/Programs/SimplicityStudio_v4/developer/toolchains/gnu_arm/4.9_2015q3/bin/../lib/gcc/arm-none-eabi/4.9.3/armv6-m/libgcc.a(_arm_cmpdf2.o) (__gedf2)
/home/brecht/Programs/SimplicityStudio_v4/developer/toolchains/gnu_arm/4.9_2015q3/bin/../lib/gcc/arm-none-eabi/4.9.3/armv6-m/libgcc.a(ledf2.o)
                              /home/brecht/Programs/SimplicityStudio_v4/developer/toolchains/gnu_arm/4.9_2015q3/bin/../lib/gcc/arm-none-eabi/4.9.3/armv6-m/libgcc.a(_arm_cmpdf2.o) (__ledf2)
[...]
Memory Configuration

Name             Origin             Length             Attributes
FLASH            0x00000000         0x00010000         xr
RAM              0x20000000         0x00002000         xrw
*default*        0x00000000         0xffffffff

Linker script and memory map

LOAD /home/brecht/Programs/SimplicityStudio_v4/developer/toolchains/gnu_arm/4.9_2015q3/bin/../lib/gcc/arm-none-eabi/4.9.3/armv6-m/crti.o
LOAD /home/brecht/Programs/SimplicityStudio_v4/developer/toolchains/gnu_arm/4.9_2015q3/bin/../lib/gcc/arm-none-eabi/4.9.3/armv6-m/crtbegin.o
LOAD /home/brecht/Programs/SimplicityStudio_v4/developer/toolchains/gnu_arm/4.9_2015q3/bin/../lib/gcc/arm-none-eabi/4.9.3/../../../../arm-none-eabi/lib/armv6-m/crt0.o
LOAD ./emlib/em_assert.o
LOAD ./emlib/em_cmu.o
LOAD ./emlib/em_core.o
LOAD ./emlib/em_emu.o
LOAD ./emlib/em_gpio.o
LOAD ./CMSIS/EFM32HG/startup_efm32hg.o
LOAD ./CMSIS/EFM32HG/system_efm32hg.o
LOAD ./src/BG96_at_driver.o
LOAD ./src/DS18B20.o
LOAD ./src/adc.o
LOAD ./src/delay.o
LOAD ./src/i2c.o
LOAD ./src/interrupt.o
LOAD ./src/main.o
LOAD ./src/serlcd.o
LOAD ./src/util.o
LOAD ./src/util_string.o
LOAD ./dbprint/dbprint.o
LOAD ./VL53L1X_PLATFORM/vl53l1_platform.o
LOAD ./VL53L1X_API/VL53L1X_api.o
LOAD ./VL53L1X_API/VL53L1X_calibration.o
LOAD ./emdrv/ustimer.o
LOAD ./emlib/em_adc.o
LOAD ./emlib/em_i2c.o
LOAD ./emlib/em_rtc.o
LOAD ./emlib/em_timer.o
LOAD ./emlib/em_usart.o
LOAD ./src/VL43L1X.o
START GROUP
LOAD /home/brecht/Programs/SimplicityStudio_v4/developer/toolchains/gnu_arm/4.9_2015q3/bin/../lib/gcc/arm-none-eabi/4.9.3/armv6-m/libgcc.a
LOAD /home/brecht/Programs/SimplicityStudio_v4/developer/toolchains/gnu_arm/4.9_2015q3/bin/../lib/gcc/arm-none-eabi/4.9.3/../../../../arm-none-eabi/lib/armv6-m/libc_nano.a
LOAD /home/brecht/Programs/SimplicityStudio_v4/developer/toolchains/gnu_arm/4.9_2015q3/bin/../lib/gcc/arm-none-eabi/4.9.3/../../../../arm-none-eabi/lib/armv6-m/libnosys.a
END GROUP
START GROUP
LOAD /home/brecht/Programs/SimplicityStudio_v4/developer/toolchains/gnu_arm/4.9_2015q3/bin/../lib/gcc/arm-none-eabi/4.9.3/armv6-m/libgcc.a
LOAD /home/brecht/Programs/SimplicityStudio_v4/developer/toolchains/gnu_arm/4.9_2015q3/bin/../lib/gcc/arm-none-eabi/4.9.3/../../../../arm-none-eabi/lib/armv6-m/libg_nano.a
LOAD /home/brecht/Programs/SimplicityStudio_v4/developer/toolchains/gnu_arm/4.9_2015q3/bin/../lib/gcc/arm-none-eabi/4.9.3/../../../../arm-none-eabi/lib/armv6-m/libc_nano.a
END GROUP
START GROUP
LOAD /home/brecht/Programs/SimplicityStudio_v4/developer/toolchains/gnu_arm/4.9_2015q3/bin/../lib/gcc/arm-none-eabi/4.9.3/armv6-m/libgcc.a
LOAD /home/brecht/Programs/SimplicityStudio_v4/developer/toolchains/gnu_arm/4.9_2015q3/bin/../lib/gcc/arm-none-eabi/4.9.3/../../../../arm-none-eabi/lib/armv6-m/libc_nano.a
END GROUP
LOAD /home/brecht/Programs/SimplicityStudio_v4/developer/toolchains/gnu_arm/4.9_2015q3/bin/../lib/gcc/arm-none-eabi/4.9.3/armv6-m/crtend.o
LOAD /home/brecht/Programs/SimplicityStudio_v4/developer/toolchains/gnu_arm/4.9_2015q3/bin/../lib/gcc/arm-none-eabi/4.9.3/armv6-m/crtn.o

.text           0x00000000     0x6358
 *(.vectors)
 .vectors       0x00000000       0x94 ./CMSIS/EFM32HG/startup_efm32hg.o
                0x00000000                __Vectors
                0x00000094                __Vectors_End = .
                0x00000094                __Vectors_Size = (__Vectors_End - __Vectors)
                0x00000094                __end__ = .
 *(.text*)
 .text          0x00000094       0x60 /home/brecht/Programs/SimplicityStudio_v4/developer/toolchains/gnu_arm/4.9_2015q3/bin/../lib/gcc/arm-none-eabi/4.9.3/armv6-m/crtbegin.o
 .text          0x000000f4       0x78 /home/brecht/Programs/SimplicityStudio_v4/developer/toolchains/gnu_arm/4.9_2015q3/bin/../lib/gcc/arm-none-eabi/4.9.3/../../../../arm-none-eabi/lib/armv6-m/crt0.o
                0x000000f4                _mainCRTStartup
                0x000000f4                _start
 .text.assertEFM
                0x0000016c        0x4 ./emlib/em_assert.o
                0x0000016c                assertEFM
 .text.flashWaitStateMax
                0x00000170       0x50 ./emlib/em_cmu.o
 .text.auxClkGet
                0x000001c0       0x94 ./emlib/em_cmu.o
 .text.CMU_UpdateWaitStates
                0x00000254       0x4c ./emlib/em_cmu.o
                0x00000254                CMU_UpdateWaitStates
 .text.CMU_ClockEnable
                0x000002a0       0x9c ./emlib/em_cmu.o
                0x000002a0                CMU_ClockEnable
 .text.CMU_ClockSelectGet
                0x0000033c       0xcc ./emlib/em_cmu.o
                0x0000033c                CMU_ClockSelectGet
 .text.lfClkGet
                0x00000408       0xec ./emlib/em_cmu.o
 .text.CMU_ClockFreqGet
                0x000004f4       0xec ./emlib/em_cmu.o
                0x000004f4                CMU_ClockFreqGet
 .text.CMU_OscillatorEnable
                0x000005e0       0x88 ./emlib/em_cmu.o
                0x000005e0                CMU_OscillatorEnable
 .text.CMU_ClockSelectSet
                0x00000668      0x168 ./emlib/em_cmu.o
                0x00000668                CMU_ClockSelectSet
 .text.CORE_EnterCritical
                0x000007d0        0x8 ./emlib/em_core.o
                0x000007d0                CORE_EnterCritical
 .text.CORE_ExitCritical
                0x000007d8        0x8 ./emlib/em_core.o
                0x000007d8                CORE_ExitCritical
 .text.emState.part.0
                0x000007e0       0x24 ./emlib/em_emu.o
 .text.emState  0x00000804       0x8c ./emlib/em_emu.o
 .text.EMU_EnterEM3
                0x00000890       0x8c ./emlib/em_emu.o
                0x00000890                EMU_EnterEM3
 .text.GPIO_ExtIntConfig
                0x0000091c       0xe4 ./emlib/em_gpio.o
                0x0000091c                GPIO_ExtIntConfig
 .text.GPIO_PinModeSet
                0x00000a00      0x240 ./emlib/em_gpio.o
                0x00000a00                GPIO_PinModeSet
 .text          0x00000c40       0x30 ./CMSIS/EFM32HG/startup_efm32hg.o
                0x00000c40                Reset_Handler
                0x00000c6c                TIMER2_IRQHandler
                0x00000c6c                I2C0_IRQHandler
                0x00000c6c                SysTick_Handler
                0x00000c6c                MSC_IRQHandler
                0x00000c6c                LEUART0_IRQHandler
                0x00000c6c                TIMER1_IRQHandler
                0x00000c6c                Default_Handler
                0x00000c6c                PCNT0_IRQHandler
                0x00000c6c                USB_IRQHandler
                0x00000c6c                ACMP0_IRQHandler
                0x00000c6c                CMU_IRQHandler
                0x00000c6c                AES_IRQHandler
                0x00000c6c                VCMP_IRQHandler
                0x00000c6c                DMA_IRQHandler
 .text.SystemMaxCoreClockGet
                0x00000c70        0x8 ./CMSIS/EFM32HG/system_efm32hg.o
                0x00000c70                SystemMaxCoreClockGet
 .text.SystemHFClockGet
                0x00000c78       0xc0 ./CMSIS/EFM32HG/system_efm32hg.o
                0x00000c78                SystemHFClockGet
 .text.SystemCoreClockGet
                0x00000d38       0x20 ./CMSIS/EFM32HG/system_efm32hg.o
                0x00000d38                SystemCoreClockGet
 .text.SystemInit
                0x00000d58       0x10 ./CMSIS/EFM32HG/system_efm32hg.o
                0x00000d58                SystemInit
 .text.SystemLFRCOClockGet
                0x00000d68        0x8 ./CMSIS/EFM32HG/system_efm32hg.o
                0x00000d68                SystemLFRCOClockGet
 .text.SystemULFRCOClockGet
                0x00000d70        0x8 ./CMSIS/EFM32HG/system_efm32hg.o
                0x00000d70                SystemULFRCOClockGet
 .text.SystemLFXOClockGet
                0x00000d78        0xc ./CMSIS/EFM32HG/system_efm32hg.o
                0x00000d78                SystemLFXOClockGet
 .text.initBG96
                0x00000d84       0x8c ./src/BG96_at_driver.o
                0x00000d84                initBG96
 .text.powerBG96
                0x00000e10       0x18 ./src/BG96_at_driver.o
                0x00000e10                powerBG96
 .text.sendCMD  0x00000e28       0x20 ./src/BG96_at_driver.o
                0x00000e28                sendCMD
 .text.readResponse
                0x00000e48       0x24 ./src/BG96_at_driver.o
                0x00000e48                readResponse
 .text.waitForResponse
                0x00000e6c       0x78 ./src/BG96_at_driver.o
                0x00000e6c                waitForResponse
 .text.transmissionBegin.isra.1
                0x00000ee4       0x98 ./src/BG96_at_driver.o
 .text.transmissionEnd.isra.3
                0x00000f7c       0x6c ./src/BG96_at_driver.o
 .text.sendMeasurements
                0x00000fe8      0x180 ./src/BG96_at_driver.o
                0x00000fe8                sendMeasurements
 .text.sendStatus
                0x00001168       0x90 ./src/BG96_at_driver.o
                0x00001168                sendStatus
 .text.sendPulse
                0x000011f8       0xa8 ./src/BG96_at_driver.o
                0x000011f8                sendPulse
 .text.init_DS18B20
                0x000012a0       0xb8 ./src/DS18B20.o
 .text.readByteFromDS18B20
                0x00001358       0xa8 ./src/DS18B20.o
 .text.powerDS18B20
                0x00001400       0x88 ./src/DS18B20.o
 .text.writeByteToDS18B20
                0x00001488       0xdc ./src/DS18B20.o
 .text.readTempDS18B20
                0x00001564      0x180 ./src/DS18B20.o
                0x00001564                readTempDS18B20
 .text.ADC0_IRQHandler
                0x000016e4       0x18 ./src/adc.o
                0x000016e4                ADC0_IRQHandler
 .text.initRTC  0x000016fc       0x7c ./src/delay.o
 .text.delay    0x00001778       0x78 ./src/delay.o
                0x00001778                delay
 .text.sleep    0x000017f0       0x8c ./src/delay.o
                0x000017f0                sleep
 .text.RTC_checkWakeup
                0x0000187c        0xc ./src/delay.o
                0x0000187c                RTC_checkWakeup
 .text.RTC_clearWakeup
                0x00001888        0xc ./src/delay.o
                0x00001888                RTC_clearWakeup
 .text.RTC_getPassedSleeptime
                0x00001894       0x1c ./src/delay.o
                0x00001894                RTC_getPassedSleeptime
 .text.RTC_IRQHandler
                0x000018b0       0x2c ./src/delay.o
                0x000018b0                RTC_IRQHandler
 .text.initI2C  0x000018dc       0xa0 ./src/i2c.o
                0x000018dc                initI2C
 .text.initGPIOwakeup
                0x0000197c       0xa8 ./src/interrupt.o
                0x0000197c                initGPIOwakeup
 .text.BTN_getTriggered
                0x00001a24        0xc ./src/interrupt.o
                0x00001a24                BTN_getTriggered
 .text.BTN_setTriggered
                0x00001a30        0xc ./src/interrupt.o
                0x00001a30                BTN_setTriggered
 .text.PULSE_getTriggered
                0x00001a3c       0x28 ./src/interrupt.o
                0x00001a3c                PULSE_getTriggered
 .text.PULSE_setTriggered
                0x00001a64       0x20 ./src/interrupt.o
                0x00001a64                PULSE_setTriggered
 .text.GPIO_EVEN_IRQHandler
                0x00001a84       0x48 ./src/interrupt.o
                0x00001a84                GPIO_EVEN_IRQHandler
 .text.GPIO_ODD_IRQHandler
                0x00001acc       0x30 ./src/interrupt.o
                0x00001acc                GPIO_ODD_IRQHandler
 .text.checkBTNinterrupts
                0x00001afc       0x18 ./src/main.o
                0x00001afc                checkBTNinterrupts
 .text.displayMeas
                0x00001b14       0xe0 ./src/main.o
                0x00001b14                displayMeas
 .text.startup.main
                0x00001bf4      0x29c ./src/main.o
                0x00001bf4                main
 .text.NMI_Handler
                0x00001e90        0x4 ./src/main.o
                0x00001e90                NMI_Handler
 .text.HardFault_Handler
                0x00001e94        0x4 ./src/main.o
                0x00001e94                HardFault_Handler
 .text.SVC_Handler
                0x00001e98        0x4 ./src/main.o
                0x00001e98                SVC_Handler
 .text.PendSV_Handler
                0x00001e9c        0x4 ./src/main.o
                0x00001e9c                PendSV_Handler
 .text.clearLCD
                0x00001ea0       0x50 ./src/serlcd.o
                0x00001ea0                clearLCD
 .text.writeStringLCD
                0x00001ef0       0x58 ./src/serlcd.o
                0x00001ef0                writeStringLCD
 .text.setCursorLCD
                0x00001f48       0x70 ./src/serlcd.o
                0x00001f48                setCursorLCD
 .text.initGNDd
                0x00001fb8       0x3c ./src/util.o
 .text.error    0x00001ff4       0x68 ./src/util.o
                0x00001ff4                error
 .text.charASCII_to_charHex
                0x0000205c       0x68 ./src/util_string.o
                0x0000205c                charASCII_to_charHex
 .text.uint32_to_charDec
                0x000020c4       0x58 ./src/util_string.o
                0x000020c4                uint32_to_charDec
 .text.uint32_to_charHex
                0x0000211c       0x90 ./src/util_string.o
                0x0000211c                uint32_to_charHex
 .text.stringStartsWith
                0x000021ac       0x34 ./src/util_string.o
                0x000021ac                stringStartsWith
 .text.uint32_to_charDec.part.0
                0x000021e0       0x58 ./dbprint/dbprint.o
 .text.dbprint  0x00002238       0x24 ./dbprint/dbprint.o
                0x00002238                dbprint
 .text.dbprintln
                0x0000225c       0x20 ./dbprint/dbprint.o
                0x0000225c                dbprintln
 .text.dbprint_color
                0x0000227c       0x68 ./dbprint/dbprint.o
                0x0000227c                dbprint_color
 .text.dbprintln_color
                0x000022e4       0x20 ./dbprint/dbprint.o
                0x000022e4                dbprintln_color
 .text.dbinfo   0x00002304       0x18 ./dbprint/dbprint.o
                0x00002304                dbinfo
 .text.dbwarn   0x0000231c       0x1c ./dbprint/dbprint.o
                0x0000231c                dbwarn
 .text.dbcrit   0x00002338       0x1c ./dbprint/dbprint.o
                0x00002338                dbcrit
 .text.dbprint_INIT
                0x00002354      0x31c ./dbprint/dbprint.o
                0x00002354                dbprint_INIT
 .text.dbprintInt
                0x00002670       0x40 ./dbprint/dbprint.o
                0x00002670                dbprintInt
 .text.dbinfoInt
                0x000026b0       0x28 ./dbprint/dbprint.o
                0x000026b0                dbinfoInt
 .text.dbwarnInt
                0x000026d8       0x2c ./dbprint/dbprint.o
                0x000026d8                dbwarnInt
 .text.dbcritInt
                0x00002704       0x2c ./dbprint/dbprint.o
                0x00002704                dbcritInt
 .text.dbprintlnInt
                0x00002730       0x20 ./dbprint/dbprint.o
                0x00002730                dbprintlnInt
 .text.dbprintInt_hex
                0x00002750      0x108 ./dbprint/dbprint.o
                0x00002750                dbprintInt_hex
 .text.dbinfoInt_hex
                0x00002858       0x28 ./dbprint/dbprint.o
                0x00002858                dbinfoInt_hex
 .text.USART0_RX_IRQHandler
                0x00002880       0x5c ./dbprint/dbprint.o
                0x00002880                USART0_RX_IRQHandler
 .text.USART0_TX_IRQHandler
                0x000028dc       0x40 ./dbprint/dbprint.o
                0x000028dc                USART0_TX_IRQHandler
 .text.USART1_RX_IRQHandler
                0x0000291c        0x8 ./dbprint/dbprint.o
                0x0000291c                USART1_RX_IRQHandler
 .text.USART1_TX_IRQHandler
                0x00002924        0x8 ./dbprint/dbprint.o
                0x00002924                USART1_TX_IRQHandler
 .text.VL53L1_WrByte
                0x0000292c       0x54 ./VL53L1X_PLATFORM/vl53l1_platform.o
                0x0000292c                VL53L1_WrByte
 .text.VL53L1_WrWord
                0x00002980       0x58 ./VL53L1X_PLATFORM/vl53l1_platform.o
                0x00002980                VL53L1_WrWord
 .text.VL53L1_WrDWord
                0x000029d8       0x60 ./VL53L1X_PLATFORM/vl53l1_platform.o
                0x000029d8                VL53L1_WrDWord
 .text.VL53L1_RdByte
                0x00002a38       0x50 ./VL53L1X_PLATFORM/vl53l1_platform.o
                0x00002a38                VL53L1_RdByte
 .text.VL53L1_RdWord
                0x00002a88       0x60 ./VL53L1X_PLATFORM/vl53l1_platform.o
                0x00002a88                VL53L1_RdWord
 .text.VL53L1_RdDWord
                0x00002ae8       0x70 ./VL53L1X_PLATFORM/vl53l1_platform.o
                0x00002ae8                VL53L1_RdDWord
 .text.VL53L1X_ClearInterrupt
                0x00002b58        0xc ./VL53L1X_API/VL53L1X_api.o
                0x00002b58                VL53L1X_ClearInterrupt
 .text.VL53L1X_GetInterruptPolarity
                0x00002b64       0x24 ./VL53L1X_API/VL53L1X_api.o
                0x00002b64                VL53L1X_GetInterruptPolarity
 .text.VL53L1X_StartRanging
                0x00002b88        0xc ./VL53L1X_API/VL53L1X_api.o
                0x00002b88                VL53L1X_StartRanging
 .text.VL53L1X_CheckForDataReady
                0x00002b94       0x3c ./VL53L1X_API/VL53L1X_api.o
                0x00002b94                VL53L1X_CheckForDataReady
 .text.VL53L1X_SensorInit
                0x00002bd0       0x70 ./VL53L1X_API/VL53L1X_api.o
                0x00002bd0                VL53L1X_SensorInit
 .text.VL53L1X_GetDistanceMode
                0x00002c40       0x2c ./VL53L1X_API/VL53L1X_api.o
                0x00002c40                VL53L1X_GetDistanceMode
 .text.VL53L1X_SetTimingBudgetInMs
                0x00002c6c      0x1b0 ./VL53L1X_API/VL53L1X_api.o
                0x00002c6c                VL53L1X_SetTimingBudgetInMs
 .text.VL53L1X_SetInterMeasurementInMs
                0x00002e1c       0x48 ./VL53L1X_API/VL53L1X_api.o
                0x00002e1c                VL53L1X_SetInterMeasurementInMs
 .text.VL53L1X_BootState
                0x00002e64       0x20 ./VL53L1X_API/VL53L1X_api.o
                0x00002e64                VL53L1X_BootState
 .text.VL53L1X_GetSensorId
                0x00002e84       0x20 ./VL53L1X_API/VL53L1X_api.o
                0x00002e84                VL53L1X_GetSensorId
 .text.VL53L1X_GetDistance
                0x00002ea4       0x1c ./VL53L1X_API/VL53L1X_api.o
                0x00002ea4                VL53L1X_GetDistance
 .text.VL53L1X_GetRangeStatus
                0x00002ec0       0x30 ./VL53L1X_API/VL53L1X_api.o
                0x00002ec0                VL53L1X_GetRangeStatus
 .text.VL53L1X_GetOffset
                0x00002ef0       0x20 ./VL53L1X_API/VL53L1X_api.o
                0x00002ef0                VL53L1X_GetOffset
 .text.VL53L1X_GetXtalk
                0x00002f10       0x20 ./VL53L1X_API/VL53L1X_api.o
                0x00002f10                VL53L1X_GetXtalk
 .text.USTIMER_Init
                0x00002f30      0x104 ./emdrv/ustimer.o
                0x00002f30                USTIMER_Init
 .text.USTIMER_DeInit
                0x00003034       0x44 ./emdrv/ustimer.o
                0x00003034                USTIMER_DeInit
 .text.USTIMER_DelayIntSafe
                0x00003078       0xa8 ./emdrv/ustimer.o
                0x00003078                USTIMER_DelayIntSafe
 .text.TIMER0_IRQHandler
                0x00003120       0x1c ./emdrv/ustimer.o
                0x00003120                TIMER0_IRQHandler
 .text.I2C_BusFreqSet
                0x0000313c       0xf4 ./emlib/em_i2c.o
                0x0000313c                I2C_BusFreqSet
 .text.I2C_Init
                0x00003230       0x68 ./emlib/em_i2c.o
                0x00003230                I2C_Init
 .text.I2C_Transfer
                0x00003298      0x2fc ./emlib/em_i2c.o
                0x00003298                I2C_Transfer
 .text.I2C_TransferInit
                0x00003594       0xac ./emlib/em_i2c.o
                0x00003594                I2C_TransferInit
 .text.RTC_CompareSet
                0x00003640       0x40 ./emlib/em_rtc.o
                0x00003640                RTC_CompareSet
 .text.RTC_Enable
                0x00003680       0x14 ./emlib/em_rtc.o
                0x00003680                RTC_Enable
 .text.RTC_Init
                0x00003694       0x20 ./emlib/em_rtc.o
                0x00003694                RTC_Init
 .text.TIMER_Init
                0x000036b4       0xe4 ./emlib/em_timer.o
                0x000036b4                TIMER_Init
 .text.TIMER_InitCC
                0x00003798       0xa4 ./emlib/em_timer.o
                0x00003798                TIMER_InitCC
 .text.USART_BaudrateAsyncSet
                0x0000383c       0xf8 ./emlib/em_usart.o
                0x0000383c                USART_BaudrateAsyncSet
 .text.USART_Reset
                0x00003934       0x74 ./emlib/em_usart.o
                0x00003934                USART_Reset
 .text.USART_InitAsync
                0x000039a8       0x7c ./emlib/em_usart.o
                0x000039a8                USART_InitAsync
 .text.USART_Rx
                0x00003a24       0x10 ./emlib/em_usart.o
                0x00003a24                USART_Rx
 .text.USART_Tx
                0x00003a34        0xc ./emlib/em_usart.o
                0x00003a34                USART_Tx
 .text.initVL53L1X
                0x00003a40      0x148 ./src/VL43L1X.o
                0x00003a40                initVL53L1X
 .text.measureVL53L1X
                0x00003b88       0xbc ./src/VL43L1X.o
                0x00003b88                measureVL53L1X
 .text          0x00003c44      0x120 /home/brecht/Programs/SimplicityStudio_v4/developer/toolchains/gnu_arm/4.9_2015q3/bin/../lib/gcc/arm-none-eabi/4.9.3/armv6-m/libgcc.a(_udivsi3.o)
                0x00003c44                __udivsi3
                0x00003c44                __aeabi_uidiv
                0x00003d50                __aeabi_uidivmod
 .text          0x00003d64        0x4 /home/brecht/Programs/SimplicityStudio_v4/developer/toolchains/gnu_arm/4.9_2015q3/bin/../lib/gcc/arm-none-eabi/4.9.3/armv6-m/libgcc.a(_dvmd_tls.o)
                0x00003d64                __aeabi_ldiv0
                0x00003d64                __aeabi_idiv0
 .text          0x00003d68       0x7c /home/brecht/Programs/SimplicityStudio_v4/developer/toolchains/gnu_arm/4.9_2015q3/bin/../lib/gcc/arm-none-eabi/4.9.3/armv6-m/libgcc.a(_arm_cmpdf2.o)
                0x00003d68                __aeabi_cdrcmple
                0x00003d78                __aeabi_cdcmple
                0x00003d78                __aeabi_cdcmpeq
                0x00003d88                __aeabi_dcmpeq
                0x00003d94                __aeabi_dcmplt
                0x00003da8                __aeabi_dcmple
                0x00003dbc                __aeabi_dcmpgt
                0x00003dd0                __aeabi_dcmpge
 .text          0x00003de4       0x3c /home/brecht/Programs/SimplicityStudio_v4/developer/toolchains/gnu_arm/4.9_2015q3/bin/../lib/gcc/arm-none-eabi/4.9.3/armv6-m/libgcc.a(_clzsi2.o)
                0x00003de4                __clzsi2
 .text          0x00003e20       0x40 /home/brecht/Programs/SimplicityStudio_v4/developer/toolchains/gnu_arm/4.9_2015q3/bin/../lib/gcc/arm-none-eabi/4.9.3/armv6-m/libgcc.a(_aeabi_uldivmod.o)
                0x00003e20                __aeabi_uldivmod
 .text          0x00003e60       0x54 /home/brecht/Programs/SimplicityStudio_v4/developer/toolchains/gnu_arm/4.9_2015q3/bin/../lib/gcc/arm-none-eabi/4.9.3/armv6-m/libgcc.a(_muldi3.o)
                0x00003e60                __aeabi_lmul
                0x00003e60                __muldi3
 .text          0x00003eb4       0x3c /home/brecht/Programs/SimplicityStudio_v4/developer/toolchains/gnu_arm/4.9_2015q3/bin/../lib/gcc/arm-none-eabi/4.9.3/armv6-m/libgcc.a(_fixunsdfsi.o)
                0x00003eb4                __fixunsdfsi
                0x00003eb4                __aeabi_d2uiz
 .text          0x00003ef0       0x6c /home/brecht/Programs/SimplicityStudio_v4/developer/toolchains/gnu_arm/4.9_2015q3/bin/../lib/gcc/arm-none-eabi/4.9.3/armv6-m/libgcc.a(bpabi.o)
                0x00003ef0                __gnu_ldivmod_helper
                0x00003f28                __gnu_uldivmod_helper
 .text          0x00003f5c       0x88 /home/brecht/Programs/SimplicityStudio_v4/developer/toolchains/gnu_arm/4.9_2015q3/bin/../lib/gcc/arm-none-eabi/4.9.3/armv6-m/libgcc.a(eqdf2.o)
                0x00003f5c                __eqdf2
                0x00003f5c                __nedf2
 .text          0x00003fe4       0xe0 /home/brecht/Programs/SimplicityStudio_v4/developer/toolchains/gnu_arm/4.9_2015q3/bin/../lib/gcc/arm-none-eabi/4.9.3/armv6-m/libgcc.a(gedf2.o)
                0x00003fe4                __gtdf2
                0x00003fe4                __gedf2
 .text          0x000040c4       0xcc /home/brecht/Programs/SimplicityStudio_v4/developer/toolchains/gnu_arm/4.9_2015q3/bin/../lib/gcc/arm-none-eabi/4.9.3/armv6-m/libgcc.a(ledf2.o)
                0x000040c4                __ltdf2
                0x000040c4                __ledf2
 .text          0x00004190      0x534 /home/brecht/Programs/SimplicityStudio_v4/developer/toolchains/gnu_arm/4.9_2015q3/bin/../lib/gcc/arm-none-eabi/4.9.3/armv6-m/libgcc.a(muldf3.o)
                0x00004190                __aeabi_dmul
 .text          0x000046c4      0x6f4 /home/brecht/Programs/SimplicityStudio_v4/developer/toolchains/gnu_arm/4.9_2015q3/bin/../lib/gcc/arm-none-eabi/4.9.3/armv6-m/libgcc.a(subdf3.o)
                0x000046c4                __aeabi_dsub
 .text          0x00004db8       0x6c /home/brecht/Programs/SimplicityStudio_v4/developer/toolchains/gnu_arm/4.9_2015q3/bin/../lib/gcc/arm-none-eabi/4.9.3/armv6-m/libgcc.a(fixdfsi.o)
                0x00004db8                __aeabi_d2iz
 .text          0x00004e24       0x78 /home/brecht/Programs/SimplicityStudio_v4/developer/toolchains/gnu_arm/4.9_2015q3/bin/../lib/gcc/arm-none-eabi/4.9.3/armv6-m/libgcc.a(floatsidf.o)
                0x00004e24                __aeabi_i2d
 .text          0x00004e9c       0x64 /home/brecht/Programs/SimplicityStudio_v4/developer/toolchains/gnu_arm/4.9_2015q3/bin/../lib/gcc/arm-none-eabi/4.9.3/armv6-m/libgcc.a(floatunsidf.o)
                0x00004e9c                __aeabi_ui2d
 .text          0x00004f00      0x1f0 /home/brecht/Programs/SimplicityStudio_v4/developer/toolchains/gnu_arm/4.9_2015q3/bin/../lib/gcc/arm-none-eabi/4.9.3/armv6-m/libgcc.a(_divdi3.o)
                0x00004f00                __divdi3
 .text          0x000050f0      0x158 /home/brecht/Programs/SimplicityStudio_v4/developer/toolchains/gnu_arm/4.9_2015q3/bin/../lib/gcc/arm-none-eabi/4.9.3/armv6-m/libgcc.a(_udivdi3.o)
                0x000050f0                __udivdi3
 .text          0x00005248       0x18 /home/brecht/Programs/SimplicityStudio_v4/developer/toolchains/gnu_arm/4.9_2015q3/bin/../lib/gcc/arm-none-eabi/4.9.3/armv6-m/libgcc.a(_clzdi2.o)
                0x00005248                __clzdi2
 .text.exit     0x00005260       0x2c /home/brecht/Programs/SimplicityStudio_v4/developer/toolchains/gnu_arm/4.9_2015q3/bin/../lib/gcc/arm-none-eabi/4.9.3/../../../../arm-none-eabi/lib/armv6-m/libc_nano.a(lib_a-exit.o)
                0x00005260                exit
 .text.__libc_init_array
                0x0000528c       0x4c /home/brecht/Programs/SimplicityStudio_v4/developer/toolchains/gnu_arm/4.9_2015q3/bin/../lib/gcc/arm-none-eabi/4.9.3/../../../../arm-none-eabi/lib/armv6-m/libc_nano.a(lib_a-init.o)
                0x0000528c                __libc_init_array
 .text.memcpy   0x000052d8       0x12 /home/brecht/Programs/SimplicityStudio_v4/developer/toolchains/gnu_arm/4.9_2015q3/bin/../lib/gcc/arm-none-eabi/4.9.3/../../../../arm-none-eabi/lib/armv6-m/libc_nano.a(lib_a-memcpy.o)
                0x000052d8                memcpy
 .text.memset   0x000052ea       0x10 /home/brecht/Programs/SimplicityStudio_v4/developer/toolchains/gnu_arm/4.9_2015q3/bin/../lib/gcc/arm-none-eabi/4.9.3/../../../../arm-none-eabi/lib/armv6-m/libc_nano.a(lib_a-memset.o)
                0x000052ea                memset
 *fill*         0x000052fa        0x2 
 .text._exit    0x000052fc        0x4 /home/brecht/Programs/SimplicityStudio_v4/developer/toolchains/gnu_arm/4.9_2015q3/bin/../lib/gcc/arm-none-eabi/4.9.3/../../../../arm-none-eabi/lib/armv6-m/libnosys.a(_exit.o)
                0x000052fc                _exit
 *(.init)
 .init          0x00005300        0x4 /home/brecht/Programs/SimplicityStudio_v4/developer/toolchains/gnu_arm/4.9_2015q3/bin/../lib/gcc/arm-none-eabi/4.9.3/armv6-m/crti.o
                0x00005300                _init
 .init          0x00005304        0x8 /home/brecht/Programs/SimplicityStudio_v4/developer/toolchains/gnu_arm/4.9_2015q3/bin/../lib/gcc/arm-none-eabi/4.9.3/armv6-m/crtn.o
 *(.fini)
 .fini          0x0000530c        0x4 /home/brecht/Programs/SimplicityStudio_v4/developer/toolchains/gnu_arm/4.9_2015q3/bin/../lib/gcc/arm-none-eabi/4.9.3/armv6-m/crti.o
                0x0000530c                _fini
 .fini          0x00005310        0x8 /home/brecht/Programs/SimplicityStudio_v4/developer/toolchains/gnu_arm/4.9_2015q3/bin/../lib/gcc/arm-none-eabi/4.9.3/armv6-m/crtn.o
 .fini.__stub   0x00005318       0x10 linker stubs
 *crtbegin.o(.ctors)
 *crtbegin?.o(.ctors)
 *(EXCLUDE_FILE(*crtend.o *crtend?.o) .ctors)
 *(SORT(.ctors.*))
 *(.ctors)
 *crtbegin.o(.dtors)
 *crtbegin?.o(.dtors)
 *(EXCLUDE_FILE(*crtend.o *crtend?.o) .dtors)
 *(SORT(.dtors.*))
 *(.dtors)
 *(.rodata*)
 .rodata.CMU_ClockEnable
                0x00005328       0x2c ./emlib/em_cmu.o
 .rodata.CMU_ClockSelectGet
                0x00005354       0x1c ./emlib/em_cmu.o
 .rodata.CMU_OscillatorEnable
                0x00005370       0x18 ./emlib/em_cmu.o
 .rodata.CMU_ClockSelectSet
                0x00005388       0x68 ./emlib/em_cmu.o
 .rodata.str1.4
                0x000053f0       0xd7 ./emlib/em_cmu.o
 *fill*         0x000054c7        0x1 
 .rodata.str1.4
                0x000054c8       0xd8 ./emlib/em_gpio.o
 .rodata        0x000055a0       0x18 ./src/BG96_at_driver.o
 .rodata.str1.4
                0x000055b8      0x33f ./src/BG96_at_driver.o
                                0x343 (size before relaxing)
 *fill*         0x000058f7        0x1 
 .rodata.str1.4
                0x000058f8       0x85 ./src/DS18B20.o
 *fill*         0x0000597d        0x3 
 .rodata        0x00005980        0x3 ./src/delay.o
 *fill*         0x00005983        0x1 
 .rodata.str1.4
                0x00005984       0x63 ./src/delay.o
 *fill*         0x000059e7        0x1 
 .rodata        0x000059e8       0x10 ./src/i2c.o
 .rodata.str1.4
                0x000059f8       0x11 ./src/i2c.o
 *fill*         0x00005a09        0x3 
 .rodata.str1.4
                0x00005a0c       0x19 ./src/interrupt.o
 *fill*         0x00005a25        0x3 
 .rodata.main   0x00005a28       0x18 ./src/main.o
 .rodata.str1.4
                0x00005a40      0x144 ./src/main.o
                                0x148 (size before relaxing)
 .rodata        0x00005b84        0x8 ./src/serlcd.o
 .rodata.str1.4
                0x00005b8c       0x7b ./src/util.o
 *fill*         0x00005c07        0x1 
 .rodata.str1.4
                0x00005c08       0x11 ./src/util_string.o
 *fill*         0x00005c19        0x3 
 .rodata.dbprint_color
                0x00005c1c       0x1c ./dbprint/dbprint.o
 .rodata.dbprint_INIT
                0x00005c38       0x50 ./dbprint/dbprint.o
 .rodata        0x00005c88       0x18 ./dbprint/dbprint.o
 .rodata.str1.4
                0x00005ca0      0x184 ./dbprint/dbprint.o
 .rodata.status_rtn
                0x00005e24       0x18 ./VL53L1X_API/VL53L1X_api.o
 .rodata.VL51L1X_DEFAULT_CONFIGURATION
                0x00005e3c       0x5b ./VL53L1X_API/VL53L1X_api.o
                0x00005e3c                VL51L1X_DEFAULT_CONFIGURATION
 *fill*         0x00005e97        0x1 
 .rodata.I2C_Transfer
                0x00005e98       0x24 ./emlib/em_i2c.o
 .rodata.i2cNSum
                0x00005ebc        0x4 ./emlib/em_i2c.o
 .rodata.CSWTCH.10
                0x00005ec0        0xc ./emlib/em_i2c.o
 .rodata.CSWTCH.11
                0x00005ecc        0xc ./emlib/em_i2c.o
 .rodata.str1.4
                0x00005ed8       0x6a ./emlib/em_i2c.o
 *fill*         0x00005f42        0x2 
 .rodata.str1.4
                0x00005f44       0x6a ./emlib/em_rtc.o
 *fill*         0x00005fae        0x2 
 .rodata.str1.4
                0x00005fb0       0xd9 ./emlib/em_timer.o
 *fill*         0x00006089        0x3 
 .rodata.str1.4
                0x0000608c       0x6c ./emlib/em_usart.o
 .rodata.str1.4
                0x000060f8      0x214 ./src/VL43L1X.o
                                0x219 (size before relaxing)
 .rodata        0x0000630c       0x40 /home/brecht/Programs/SimplicityStudio_v4/developer/toolchains/gnu_arm/4.9_2015q3/bin/../lib/gcc/arm-none-eabi/4.9.3/armv6-m/libgcc.a(muldf3.o)
 .rodata.str1.1
                0x0000634c        0x2 /home/brecht/Programs/SimplicityStudio_v4/developer/toolchains/gnu_arm/4.9_2015q3/bin/../lib/gcc/arm-none-eabi/4.9.3/../../../../arm-none-eabi/lib/armv6-m/libc_nano.a(lib_a-impure.o)
 *fill*         0x0000634e        0x2 
 .rodata._global_impure_ptr
                0x00006350        0x4 /home/brecht/Programs/SimplicityStudio_v4/developer/toolchains/gnu_arm/4.9_2015q3/bin/../lib/gcc/arm-none-eabi/4.9.3/../../../../arm-none-eabi/lib/armv6-m/libc_nano.a(lib_a-impure.o)
                0x00006350                _global_impure_ptr
 *(.eh_frame*)
 .eh_frame      0x00006354        0x0 /home/brecht/Programs/SimplicityStudio_v4/developer/toolchains/gnu_arm/4.9_2015q3/bin/../lib/gcc/arm-none-eabi/4.9.3/armv6-m/crtbegin.o
 .eh_frame      0x00006354        0x4 /home/brecht/Programs/SimplicityStudio_v4/developer/toolchains/gnu_arm/4.9_2015q3/bin/../lib/gcc/arm-none-eabi/4.9.3/armv6-m/crtend.o

.glue_7         0x00006358        0x0
 .glue_7        0x00000000        0x0 linker stubs

.glue_7t        0x00006358        0x0
 .glue_7t       0x00000000        0x0 linker stubs

.vfp11_veneer   0x00006358        0x0
 .vfp11_veneer  0x00000000        0x0 linker stubs

.v4_bx          0x00006358        0x0
 .v4_bx         0x00000000        0x0 linker stubs

.iplt           0x00006358        0x0
 .iplt          0x00000000        0x0 /home/brecht/Programs/SimplicityStudio_v4/developer/toolchains/gnu_arm/4.9_2015q3/bin/../lib/gcc/arm-none-eabi/4.9.3/armv6-m/crtbegin.o

.ARM.extab
 *(.ARM.extab* .gnu.linkonce.armextab.*)
                0x00006358                __exidx_start = .

.ARM.exidx      0x00006358        0x8
 *(.ARM.exidx* .gnu.linkonce.armexidx.*)
 .ARM.exidx     0x00006358        0x8 /home/brecht/Programs/SimplicityStudio_v4/developer/toolchains/gnu_arm/4.9_2015q3/bin/../lib/gcc/arm-none-eabi/4.9.3/../../../../arm-none-eabi/lib/armv6-m/crt0.o
 .ARM.exidx     0x00006360        0x0 /home/brecht/Programs/SimplicityStudio_v4/developer/toolchains/gnu_arm/4.9_2015q3/bin/../lib/gcc/arm-none-eabi/4.9.3/armv6-m/libgcc.a(_divdi3.o)
                                  0x8 (size before relaxing)
 .ARM.exidx     0x00006360        0x0 /home/brecht/Programs/SimplicityStudio_v4/developer/toolchains/gnu_arm/4.9_2015q3/bin/../lib/gcc/arm-none-eabi/4.9.3/armv6-m/libgcc.a(_udivdi3.o)
                                  0x8 (size before relaxing)
                0x00006360                __exidx_end = .
                0x00006360                __etext = .

.rel.dyn        0x00006360        0x0
 .rel.iplt      0x00000000        0x0 /home/brecht/Programs/SimplicityStudio_v4/developer/toolchains/gnu_arm/4.9_2015q3/bin/../lib/gcc/arm-none-eabi/4.9.3/armv6-m/crtbegin.o

.data           0x20000000       0x80 load address 0x00006360
                0x20000000                __data_start__ = .
 *(vtable)
 *(.data*)
 .data.SystemLFXOClock
                0x20000000        0x4 ./CMSIS/EFM32HG/system_efm32hg.o
 .data.SystemHFXOClock
                0x20000004        0x4 ./CMSIS/EFM32HG/system_efm32hg.o
 .data.SystemCoreClock
                0x20000008        0x4 ./CMSIS/EFM32HG/system_efm32hg.o
                0x20000008                SystemCoreClock
 .data.impure_data
                0x2000000c       0x60 /home/brecht/Programs/SimplicityStudio_v4/developer/toolchains/gnu_arm/4.9_2015q3/bin/../lib/gcc/arm-none-eabi/4.9.3/../../../../arm-none-eabi/lib/armv6-m/libc_nano.a(lib_a-impure.o)
                0x2000006c                . = ALIGN (0x4)
 *(.ram)
 .ram           0x2000006c        0x8 ./emlib/em_emu.o
                0x20000074                . = ALIGN (0x4)
                0x20000074                PROVIDE (__preinit_array_start, .)
 *(.preinit_array)
                0x20000074                PROVIDE (__preinit_array_end, .)
                0x20000074                . = ALIGN (0x4)
                0x20000074                PROVIDE (__init_array_start, .)
 *(SORT(.init_array.*))
 *(.init_array)
 .init_array    0x20000074        0x4 /home/brecht/Programs/SimplicityStudio_v4/developer/toolchains/gnu_arm/4.9_2015q3/bin/../lib/gcc/arm-none-eabi/4.9.3/armv6-m/crtbegin.o
                0x20000078                PROVIDE (__init_array_end, .)
                0x20000078                . = ALIGN (0x4)
                0x20000078                PROVIDE (__fini_array_start, .)
 *(SORT(.fini_array.*))
 *(.fini_array)
 .fini_array    0x20000078        0x4 /home/brecht/Programs/SimplicityStudio_v4/developer/toolchains/gnu_arm/4.9_2015q3/bin/../lib/gcc/arm-none-eabi/4.9.3/armv6-m/crtbegin.o
                0x2000007c                PROVIDE (__fini_array_end, .)
 *(.jcr*)
 .jcr           0x2000007c        0x0 /home/brecht/Programs/SimplicityStudio_v4/developer/toolchains/gnu_arm/4.9_2015q3/bin/../lib/gcc/arm-none-eabi/4.9.3/armv6-m/crtbegin.o
 .jcr           0x2000007c        0x4 /home/brecht/Programs/SimplicityStudio_v4/developer/toolchains/gnu_arm/4.9_2015q3/bin/../lib/gcc/arm-none-eabi/4.9.3/armv6-m/crtend.o
                0x20000080                . = ALIGN (0x4)
                0x20000080                __data_end__ = .

.igot.plt       0x20000080        0x0 load address 0x000063e0
 .igot.plt      0x00000000        0x0 /home/brecht/Programs/SimplicityStudio_v4/developer/toolchains/gnu_arm/4.9_2015q3/bin/../lib/gcc/arm-none-eabi/4.9.3/armv6-m/crtbegin.o

.bss            0x20000080      0x1a8 load address 0x000063e0
                0x20000080                . = ALIGN (0x4)
                0x20000080                __bss_start__ = .
 *(.bss*)
 .bss           0x20000080       0x1c /home/brecht/Programs/SimplicityStudio_v4/developer/toolchains/gnu_arm/4.9_2015q3/bin/../lib/gcc/arm-none-eabi/4.9.3/armv6-m/crtbegin.o
 .bss.cmuStatus.8279
                0x2000009c        0x4 ./emlib/em_emu.o
 .bss.hfClock.8280
                0x200000a0        0x1 ./emlib/em_emu.o
 .bss.TEMP1_VDD_initialized
                0x200000a1        0x1 ./src/DS18B20.o
                0x200000a1                TEMP1_VDD_initialized
 .bss.TEMP0_VDD_initialized
                0x200000a2        0x1 ./src/DS18B20.o
                0x200000a2                TEMP0_VDD_initialized
 .bss.adcConversionComplete
                0x200000a3        0x1 ./src/adc.o
                0x200000a3                adcConversionComplete
 .bss.RTC_sleep_wakeup
                0x200000a4        0x1 ./src/delay.o
 .bss.sleeping  0x200000a5        0x1 ./src/delay.o
                0x200000a5                sleeping
 .bss.RTC_initialized
                0x200000a6        0x1 ./src/delay.o
                0x200000a6                RTC_initialized
 .bss.I2C_initialized
                0x200000a7        0x1 ./src/i2c.o
                0x200000a7                I2C_initialized
 .bss.BTN_triggered
                0x200000a8        0x1 ./src/interrupt.o
                0x200000a8                BTN_triggered
 .bss.PULSE1_triggered
                0x200000a9        0x1 ./src/interrupt.o
                0x200000a9                PULSE1_triggered
 .bss.PULSE0_triggered
                0x200000aa        0x1 ./src/interrupt.o
                0x200000aa                PULSE0_triggered
 .bss.MCUstate  0x200000ab        0x1 ./src/main.o
 .bss.errorNumber
                0x200000ac        0x1 ./src/util.o
                0x200000ac                errorNumber
 .bss.GNDd_initialized
                0x200000ad        0x1 ./src/util.o
                0x200000ad                GNDd_initialized
 .bss.dataReceived
                0x200000ae        0x1 ./dbprint/dbprint.o
                0x200000ae                dataReceived
 *fill*         0x200000af        0x1 
 .bss.i.8547    0x200000b0        0x4 ./dbprint/dbprint.o
 .bss.i.8552    0x200000b4        0x4 ./dbprint/dbprint.o
 .bss.minTicks  0x200000b8        0x4 ./emdrv/ustimer.o
 .bss.freq      0x200000bc        0x4 ./emdrv/ustimer.o
 .bss.timeElapsed
                0x200000c0        0x1 ./emdrv/ustimer.o
 *fill*         0x200000c1        0x3 
 .bss.i2cTransfer
                0x200000c4        0xc ./emlib/em_i2c.o
 *(COMMON)
 COMMON         0x200000d0       0x91 ./src/BG96_at_driver.o
                0x200000d0                DEVICE_ID_hex
                0x20000104                DEVICE_TOKEN_hex
 *fill*         0x20000161        0x3 
 COMMON         0x20000164       0x1c ./src/main.o
                0x20000164                data
 COMMON         0x20000180       0xa4 ./dbprint/dbprint.o
                0x20000180                dbpointer
                0x20000184                rx_buffer
                0x200001d4                tx_buffer
 COMMON         0x20000224        0x4 ./src/VL43L1X.o
                0x20000224                offset
                0x20000226                xtalk
                0x20000228                . = ALIGN (0x4)
                0x20000228                __bss_end__ = .

.heap           0x20000228      0x400
                0x20000228                __HeapBase = .
                0x20000228                __end__ = .
                0x20000228                end = __end__
                0x20000228                _end = __end__
 *(.heap*)
 .heap          0x20000228      0x400 ./CMSIS/EFM32HG/startup_efm32hg.o
                0x20000628                __HeapLimit = .

.stack_dummy    0x20000228      0x400
 *(.stack*)
 .stack         0x20000228      0x400 ./CMSIS/EFM32HG/startup_efm32hg.o
                0x20002000                __StackTop = (ORIGIN (RAM) + 0x2000)
                0x20001c00                __StackLimit = (__StackTop - SIZEOF (.stack_dummy))
                0x20002000                PROVIDE (__stack, __StackTop)
                0x00000001                ASSERT ((__StackLimit >= __HeapLimit), region RAM overflowed with stack)
                0x00000001                ASSERT ((0x10000 >= (__etext + SIZEOF (.data))), FLASH memory overflowed !)
OUTPUT(EFM32HG222F64_iot-mbbr.axf elf32-littlearm)

.ARM.attributes
                0x00000000       0x28
 .ARM.attributes
                0x00000000       0x1e /home/brecht/Programs/SimplicityStudio_v4/developer/toolchains/gnu_arm/4.9_2015q3/bin/../lib/gcc/arm-none-eabi/4.9.3/armv6-m/crti.o
 .ARM.attributes
                0x0000001e       0x2c /home/brecht/Programs/SimplicityStudio_v4/developer/toolchains/gnu_arm/4.9_2015q3/bin/../lib/gcc/arm-none-eabi/4.9.3/armv6-m/crtbegin.o
 .ARM.attributes
                0x0000004a       0x1b /home/brecht/Programs/SimplicityStudio_v4/developer/toolchains/gnu_arm/4.9_2015q3/bin/../lib/gcc/arm-none-eabi/4.9.3/../../../../arm-none-eabi/lib/armv6-m/crt0.o
 .ARM.attributes
                0x00000065       0x32 ./emlib/em_assert.o
 .ARM.attributes
                0x00000097       0x32 ./emlib/em_cmu.o
 .ARM.attributes
                0x000000c9       0x32 ./emlib/em_core.o
 .ARM.attributes
                0x000000fb       0x32 ./emlib/em_emu.o
 .ARM.attributes
                0x0000012d       0x32 ./emlib/em_gpio.o
 .ARM.attributes
                0x0000015f       0x1b ./CMSIS/EFM32HG/startup_efm32hg.o
 .ARM.attributes
                0x0000017a       0x32 ./CMSIS/EFM32HG/system_efm32hg.o
 .ARM.attributes
                0x000001ac       0x32 ./src/BG96_at_driver.o
 .ARM.attributes
                0x000001de       0x32 ./src/DS18B20.o
 .ARM.attributes
                0x00000210       0x32 ./src/adc.o
 .ARM.attributes
                0x00000242       0x32 ./src/delay.o
 .ARM.attributes
                0x00000274       0x32 ./src/i2c.o
 .ARM.attributes
                0x000002a6       0x32 ./src/interrupt.o
 .ARM.attributes
                0x000002d8       0x32 ./src/main.o
 .ARM.attributes
                0x0000030a       0x32 ./src/serlcd.o
 .ARM.attributes
                0x0000033c       0x32 ./src/util.o
 .ARM.attributes
                0x0000036e       0x32 ./src/util_string.o
 .ARM.attributes
                0x000003a0       0x32 ./dbprint/dbprint.o
 .ARM.attributes
                0x000003d2       0x32 ./VL53L1X_PLATFORM/vl53l1_platform.o
 .ARM.attributes
                0x00000404       0x32 ./VL53L1X_API/VL53L1X_api.o
 .ARM.attributes
                0x00000436       0x32 ./emdrv/ustimer.o
 .ARM.attributes
                0x00000468       0x32 ./emlib/em_i2c.o
 .ARM.attributes
                0x0000049a       0x32 ./emlib/em_rtc.o
 .ARM.attributes
                0x000004cc       0x32 ./emlib/em_timer.o
 .ARM.attributes
                0x000004fe       0x32 ./emlib/em_usart.o
 .ARM.attributes
                0x00000530       0x32 ./src/VL43L1X.o
 .ARM.attributes
                0x00000562       0x1e /home/brecht/Programs/SimplicityStudio_v4/developer/toolchains/gnu_arm/4.9_2015q3/bin/../lib/gcc/arm-none-eabi/4.9.3/armv6-m/libgcc.a(_udivsi3.o)
 .ARM.attributes
                0x00000580       0x1e /home/brecht/Programs/SimplicityStudio_v4/developer/toolchains/gnu_arm/4.9_2015q3/bin/../lib/gcc/arm-none-eabi/4.9.3/armv6-m/libgcc.a(_dvmd_tls.o)
 .ARM.attributes
                0x0000059e       0x1e /home/brecht/Programs/SimplicityStudio_v4/developer/toolchains/gnu_arm/4.9_2015q3/bin/../lib/gcc/arm-none-eabi/4.9.3/armv6-m/libgcc.a(_arm_cmpdf2.o)
 .ARM.attributes
                0x000005bc       0x1e /home/brecht/Programs/SimplicityStudio_v4/developer/toolchains/gnu_arm/4.9_2015q3/bin/../lib/gcc/arm-none-eabi/4.9.3/armv6-m/libgcc.a(_clzsi2.o)
 .ARM.attributes
                0x000005da       0x1e /home/brecht/Programs/SimplicityStudio_v4/developer/toolchains/gnu_arm/4.9_2015q3/bin/../lib/gcc/arm-none-eabi/4.9.3/armv6-m/libgcc.a(_aeabi_uldivmod.o)
 .ARM.attributes
                0x000005f8       0x2c /home/brecht/Programs/SimplicityStudio_v4/developer/toolchains/gnu_arm/4.9_2015q3/bin/../lib/gcc/arm-none-eabi/4.9.3/armv6-m/libgcc.a(_muldi3.o)
 .ARM.attributes
                0x00000624       0x2c /home/brecht/Programs/SimplicityStudio_v4/developer/toolchains/gnu_arm/4.9_2015q3/bin/../lib/gcc/arm-none-eabi/4.9.3/armv6-m/libgcc.a(_fixunsdfsi.o)
 .ARM.attributes
                0x00000650       0x2c /home/brecht/Programs/SimplicityStudio_v4/developer/toolchains/gnu_arm/4.9_2015q3/bin/../lib/gcc/arm-none-eabi/4.9.3/armv6-m/libgcc.a(bpabi.o)
 .ARM.attributes
                0x0000067c       0x2c /home/brecht/Programs/SimplicityStudio_v4/developer/toolchains/gnu_arm/4.9_2015q3/bin/../lib/gcc/arm-none-eabi/4.9.3/armv6-m/libgcc.a(eqdf2.o)
 .ARM.attributes
                0x000006a8       0x2c /home/brecht/Programs/SimplicityStudio_v4/developer/toolchains/gnu_arm/4.9_2015q3/bin/../lib/gcc/arm-none-eabi/4.9.3/armv6-m/libgcc.a(gedf2.o)
 .ARM.attributes
                0x000006d4       0x2c /home/brecht/Programs/SimplicityStudio_v4/developer/toolchains/gnu_arm/4.9_2015q3/bin/../lib/gcc/arm-none-eabi/4.9.3/armv6-m/libgcc.a(ledf2.o)
 .ARM.attributes
                0x00000700       0x2c /home/brecht/Programs/SimplicityStudio_v4/developer/toolchains/gnu_arm/4.9_2015q3/bin/../lib/gcc/arm-none-eabi/4.9.3/armv6-m/libgcc.a(muldf3.o)
 .ARM.attributes
                0x0000072c       0x2c /home/brecht/Programs/SimplicityStudio_v4/developer/toolchains/gnu_arm/4.9_2015q3/bin/../lib/gcc/arm-none-eabi/4.9.3/armv6-m/libgcc.a(subdf3.o)
 .ARM.attributes
                0x00000758       0x2c /home/brecht/Programs/SimplicityStudio_v4/developer/toolchains/gnu_arm/4.9_2015q3/bin/../lib/gcc/arm-none-eabi/4.9.3/armv6-m/libgcc.a(fixdfsi.o)
 .ARM.attributes
                0x00000784       0x2c /home/brecht/Programs/SimplicityStudio_v4/developer/toolchains/gnu_arm/4.9_2015q3/bin/../lib/gcc/arm-none-eabi/4.9.3/armv6-m/libgcc.a(floatsidf.o)
 .ARM.attributes
                0x000007b0       0x2c /home/brecht/Programs/SimplicityStudio_v4/developer/toolchains/gnu_arm/4.9_2015q3/bin/../lib/gcc/arm-none-eabi/4.9.3/armv6-m/libgcc.a(floatunsidf.o)
 .ARM.attributes
                0x000007dc       0x2c /home/brecht/Programs/SimplicityStudio_v4/developer/toolchains/gnu_arm/4.9_2015q3/bin/../lib/gcc/arm-none-eabi/4.9.3/armv6-m/libgcc.a(_divdi3.o)
 .ARM.attributes
                0x00000808       0x2c /home/brecht/Programs/SimplicityStudio_v4/developer/toolchains/gnu_arm/4.9_2015q3/bin/../lib/gcc/arm-none-eabi/4.9.3/armv6-m/libgcc.a(_udivdi3.o)
 .ARM.attributes
                0x00000834       0x1e /home/brecht/Programs/SimplicityStudio_v4/developer/toolchains/gnu_arm/4.9_2015q3/bin/../lib/gcc/arm-none-eabi/4.9.3/armv6-m/libgcc.a(_clzdi2.o)
 .ARM.attributes
                0x00000852       0x2c /home/brecht/Programs/SimplicityStudio_v4/developer/toolchains/gnu_arm/4.9_2015q3/bin/../lib/gcc/arm-none-eabi/4.9.3/../../../../arm-none-eabi/lib/armv6-m/libc_nano.a(lib_a-exit.o)
 .ARM.attributes
                0x0000087e       0x2c /home/brecht/Programs/SimplicityStudio_v4/developer/toolchains/gnu_arm/4.9_2015q3/bin/../lib/gcc/arm-none-eabi/4.9.3/../../../../arm-none-eabi/lib/armv6-m/libc_nano.a(lib_a-impure.o)
 .ARM.attributes
                0x000008aa       0x2c /home/brecht/Programs/SimplicityStudio_v4/developer/toolchains/gnu_arm/4.9_2015q3/bin/../lib/gcc/arm-none-eabi/4.9.3/../../../../arm-none-eabi/lib/armv6-m/libc_nano.a(lib_a-init.o)
 .ARM.attributes
                0x000008d6       0x2c /home/brecht/Programs/SimplicityStudio_v4/developer/toolchains/gnu_arm/4.9_2015q3/bin/../lib/gcc/arm-none-eabi/4.9.3/../../../../arm-none-eabi/lib/armv6-m/libc_nano.a(lib_a-memcpy.o)
 .ARM.attributes
                0x00000902       0x2c /home/brecht/Programs/SimplicityStudio_v4/developer/toolchains/gnu_arm/4.9_2015q3/bin/../lib/gcc/arm-none-eabi/4.9.3/../../../../arm-none-eabi/lib/armv6-m/libc_nano.a(lib_a-memset.o)
 .ARM.attributes
                0x0000092e       0x2c /home/brecht/Programs/SimplicityStudio_v4/developer/toolchains/gnu_arm/4.9_2015q3/bin/../lib/gcc/arm-none-eabi/4.9.3/../../../../arm-none-eabi/lib/armv6-m/libnosys.a(_exit.o)
 .ARM.attributes
                0x0000095a       0x2c /home/brecht/Programs/SimplicityStudio_v4/developer/toolchains/gnu_arm/4.9_2015q3/bin/../lib/gcc/arm-none-eabi/4.9.3/armv6-m/crtend.o
 .ARM.attributes
                0x00000986       0x1e /home/brecht/Programs/SimplicityStudio_v4/developer/toolchains/gnu_arm/4.9_2015q3/bin/../lib/gcc/arm-none-eabi/4.9.3/armv6-m/crtn.o

.comment        0x00000000       0x70
 .comment       0x00000000       0x70 ./emlib/em_assert.o
                                 0x71 (size before relaxing)
 .comment       0x00000000       0x71 ./emlib/em_cmu.o
 .comment       0x00000000       0x71 ./emlib/em_core.o
 .comment       0x00000000       0x71 ./emlib/em_emu.o
 .comment       0x00000000       0x71 ./emlib/em_gpio.o
 .comment       0x00000000       0x71 ./CMSIS/EFM32HG/system_efm32hg.o
 .comment       0x00000000       0x71 ./src/BG96_at_driver.o
 .comment       0x00000000       0x71 ./src/DS18B20.o
 .comment       0x00000000       0x71 ./src/adc.o
 .comment       0x00000000       0x71 ./src/delay.o
 .comment       0x00000000       0x71 ./src/i2c.o
 .comment       0x00000000       0x71 ./src/interrupt.o
 .comment       0x00000000       0x71 ./src/main.o
 .comment       0x00000000       0x71 ./src/serlcd.o
 .comment       0x00000000       0x71 ./src/util.o
 .comment       0x00000000       0x71 ./src/util_string.o
 .comment       0x00000000       0x71 ./dbprint/dbprint.o
 .comment       0x00000000       0x71 ./VL53L1X_PLATFORM/vl53l1_platform.o
 .comment       0x00000000       0x71 ./VL53L1X_API/VL53L1X_api.o
 .comment       0x00000000       0x71 ./emdrv/ustimer.o
 .comment       0x00000000       0x71 ./emlib/em_i2c.o
 .comment       0x00000000       0x71 ./emlib/em_rtc.o
 .comment       0x00000000       0x71 ./emlib/em_timer.o
 .comment       0x00000000       0x71 ./emlib/em_usart.o
 .comment       0x00000000       0x71 ./src/VL43L1X.o

.debug_info     0x00000000    0x14e93
 .debug_info    0x00000000       0x77 ./emlib/em_assert.o
 .debug_info    0x00000077     0x1f99 ./emlib/em_cmu.o
 .debug_info    0x00002010      0xce3 ./emlib/em_core.o
 .debug_info    0x00002cf3      0xc3e ./emlib/em_emu.o
 .debug_info    0x00003931      0x964 ./emlib/em_gpio.o
 .debug_info    0x00004295      0x110 ./CMSIS/EFM32HG/startup_efm32hg.o
 .debug_info    0x000043a5      0x5d6 ./CMSIS/EFM32HG/system_efm32hg.o
 .debug_info    0x0000497b     0x18e6 ./src/BG96_at_driver.o
 .debug_info    0x00006261     0x1103 ./src/DS18B20.o
 .debug_info    0x00007364     0x100f ./src/adc.o
 .debug_info    0x00008373      0xa46 ./src/delay.o
 .debug_info    0x00008db9      0x5e9 ./src/i2c.o
 .debug_info    0x000093a2      0xa42 ./src/interrupt.o
 .debug_info    0x00009de4     0x1014 ./src/main.o
 .debug_info    0x0000adf8      0x69f ./src/serlcd.o
 .debug_info    0x0000b497      0x77e ./src/util.o
 .debug_info    0x0000bc15      0x33a ./src/util_string.o
 .debug_info    0x0000bf4f     0x1f64 ./dbprint/dbprint.o
 .debug_info    0x0000deb3      0x918 ./VL53L1X_PLATFORM/vl53l1_platform.o
 .debug_info    0x0000e7cb     0x1ef5 ./VL53L1X_API/VL53L1X_api.o
 .debug_info    0x000106c0     0x12b3 ./emdrv/ustimer.o
 .debug_info    0x00011973      0xd49 ./emlib/em_i2c.o
 .debug_info    0x000126bc      0x475 ./emlib/em_rtc.o
 .debug_info    0x00012b31      0xad3 ./emlib/em_timer.o
 .debug_info    0x00013604     0x1177 ./emlib/em_usart.o
 .debug_info    0x0001477b      0x718 ./src/VL43L1X.o

.debug_abbrev   0x00000000     0x3e2e
 .debug_abbrev  0x00000000       0x66 ./emlib/em_assert.o
 .debug_abbrev  0x00000066      0x3fe ./emlib/em_cmu.o
 .debug_abbrev  0x00000464      0x2d4 ./emlib/em_core.o
 .debug_abbrev  0x00000738      0x307 ./emlib/em_emu.o
 .debug_abbrev  0x00000a3f      0x283 ./emlib/em_gpio.o
 .debug_abbrev  0x00000cc2       0x14 ./CMSIS/EFM32HG/startup_efm32hg.o
 .debug_abbrev  0x00000cd6      0x1d9 ./CMSIS/EFM32HG/system_efm32hg.o
 .debug_abbrev  0x00000eaf      0x367 ./src/BG96_at_driver.o
 .debug_abbrev  0x00001216      0x348 ./src/DS18B20.o
 .debug_abbrev  0x0000155e      0x2c6 ./src/adc.o
 .debug_abbrev  0x00001824      0x2f6 ./src/delay.o
 .debug_abbrev  0x00001b1a      0x142 ./src/i2c.o
 .debug_abbrev  0x00001c5c      0x28c ./src/interrupt.o
 .debug_abbrev  0x00001ee8      0x218 ./src/main.o
 .debug_abbrev  0x00002100      0x220 ./src/serlcd.o
 .debug_abbrev  0x00002320      0x1ed ./src/util.o
 .debug_abbrev  0x0000250d      0x185 ./src/util_string.o
 .debug_abbrev  0x00002692      0x3a9 ./dbprint/dbprint.o
 .debug_abbrev  0x00002a3b      0x212 ./VL53L1X_PLATFORM/vl53l1_platform.o
 .debug_abbrev  0x00002c4d      0x2d2 ./VL53L1X_API/VL53L1X_api.o
 .debug_abbrev  0x00002f1f      0x396 ./emdrv/ustimer.o
 .debug_abbrev  0x000032b5      0x370 ./emlib/em_i2c.o
 .debug_abbrev  0x00003625      0x23a ./emlib/em_rtc.o
 .debug_abbrev  0x0000385f      0x21e ./emlib/em_timer.o
 .debug_abbrev  0x00003a7d      0x297 ./emlib/em_usart.o
 .debug_abbrev  0x00003d14      0x11a ./src/VL43L1X.o

.debug_aranges  0x00000000      0xad0
 .debug_aranges
                0x00000000       0x20 ./emlib/em_assert.o
 .debug_aranges
                0x00000020      0x110 ./emlib/em_cmu.o
 .debug_aranges
                0x00000130       0xe0 ./emlib/em_core.o
 .debug_aranges
                0x00000210       0x80 ./emlib/em_emu.o
 .debug_aranges
                0x00000290       0x48 ./emlib/em_gpio.o
 .debug_aranges
                0x000002d8       0x20 ./CMSIS/EFM32HG/startup_efm32hg.o
 .debug_aranges
                0x000002f8       0x68 ./CMSIS/EFM32HG/system_efm32hg.o
 .debug_aranges
                0x00000360       0x70 ./src/BG96_at_driver.o
 .debug_aranges
                0x000003d0       0x40 ./src/DS18B20.o
 .debug_aranges
                0x00000410       0x30 ./src/adc.o
 .debug_aranges
                0x00000440       0x50 ./src/delay.o
 .debug_aranges
                0x00000490       0x20 ./src/i2c.o
 .debug_aranges
                0x000004b0       0x50 ./src/interrupt.o
 .debug_aranges
                0x00000500       0x50 ./src/main.o
 .debug_aranges
                0x00000550       0x40 ./src/serlcd.o
 .debug_aranges
                0x00000590       0x30 ./src/util.o
 .debug_aranges
                0x000005c0       0x40 ./src/util_string.o
 .debug_aranges
                0x00000600      0x108 ./dbprint/dbprint.o
 .debug_aranges
                0x00000708       0x60 ./VL53L1X_PLATFORM/vl53l1_platform.o
 .debug_aranges
                0x00000768      0x168 ./VL53L1X_API/VL53L1X_api.o
 .debug_aranges
                0x000008d0       0x48 ./emdrv/ustimer.o
 .debug_aranges
                0x00000918       0x50 ./emlib/em_i2c.o
 .debug_aranges
                0x00000968       0x50 ./emlib/em_rtc.o
 .debug_aranges
                0x000009b8       0x38 ./emlib/em_timer.o
 .debug_aranges
                0x000009f0       0xb8 ./emlib/em_usart.o
 .debug_aranges
                0x00000aa8       0x28 ./src/VL43L1X.o

.debug_ranges   0x00000000     0x1618
 .debug_ranges  0x00000000       0x10 ./emlib/em_assert.o
 .debug_ranges  0x00000010      0x2b8 ./emlib/em_cmu.o
 .debug_ranges  0x000002c8      0x1c8 ./emlib/em_core.o
 .debug_ranges  0x00000490       0xf8 ./emlib/em_emu.o
 .debug_ranges  0x00000588      0x1b8 ./emlib/em_gpio.o
 .debug_ranges  0x00000740       0x58 ./CMSIS/EFM32HG/system_efm32hg.o
 .debug_ranges  0x00000798       0x90 ./src/BG96_at_driver.o
 .debug_ranges  0x00000828      0x188 ./src/DS18B20.o
 .debug_ranges  0x000009b0       0xf8 ./src/adc.o
 .debug_ranges  0x00000aa8       0x90 ./src/delay.o
 .debug_ranges  0x00000b38       0x10 ./src/i2c.o
 .debug_ranges  0x00000b48       0x70 ./src/interrupt.o
 .debug_ranges  0x00000bb8       0x58 ./src/main.o
 .debug_ranges  0x00000c10       0x30 ./src/serlcd.o
 .debug_ranges  0x00000c40       0x38 ./src/util.o
 .debug_ranges  0x00000c78       0x90 ./src/util_string.o
 .debug_ranges  0x00000d08      0x238 ./dbprint/dbprint.o
 .debug_ranges  0x00000f40       0x50 ./VL53L1X_PLATFORM/vl53l1_platform.o
 .debug_ranges  0x00000f90      0x170 ./VL53L1X_API/VL53L1X_api.o
 .debug_ranges  0x00001100      0x160 ./emdrv/ustimer.o
 .debug_ranges  0x00001260      0x190 ./emlib/em_i2c.o
 .debug_ranges  0x000013f0       0x70 ./emlib/em_rtc.o
 .debug_ranges  0x00001460       0xe0 ./emlib/em_timer.o
 .debug_ranges  0x00001540       0xc0 ./emlib/em_usart.o
 .debug_ranges  0x00001600       0x18 ./src/VL43L1X.o

.debug_macro    0x00000000    0x16970
 .debug_macro   0x00000000       0x23 ./emlib/em_assert.o
 .debug_macro   0x00000023      0x82c ./emlib/em_assert.o
 .debug_macro   0x0000084f       0x10 ./emlib/em_assert.o
 .debug_macro   0x0000085f       0x22 ./emlib/em_assert.o
 .debug_macro   0x00000881      0x347 ./emlib/em_cmu.o
 .debug_macro   0x00000bc8      0x2fc ./emlib/em_cmu.o
 .debug_macro   0x00000ec4       0x12 ./emlib/em_cmu.o
 .debug_macro   0x00000ed6       0x22 ./emlib/em_cmu.o
 .debug_macro   0x00000ef8       0x44 ./emlib/em_cmu.o
 .debug_macro   0x00000f3c       0xe3 ./emlib/em_cmu.o
 .debug_macro   0x0000101f       0x22 ./emlib/em_cmu.o
 .debug_macro   0x00001041      0x1df ./emlib/em_cmu.o
 .debug_macro   0x00001220       0x1c ./emlib/em_cmu.o
 .debug_macro   0x0000123c       0x22 ./emlib/em_cmu.o
 .debug_macro   0x0000125e       0xb5 ./emlib/em_cmu.o
 .debug_macro   0x00001313       0x12 ./emlib/em_cmu.o
 .debug_macro   0x00001325       0x58 ./emlib/em_cmu.o
 .debug_macro   0x0000137d       0x35 ./emlib/em_cmu.o
 .debug_macro   0x000013b2       0x9c ./emlib/em_cmu.o
 .debug_macro   0x0000144e      0x166 ./emlib/em_cmu.o
 .debug_macro   0x000015b4       0x52 ./emlib/em_cmu.o
 .debug_macro   0x00001606       0x16 ./emlib/em_cmu.o
 .debug_macro   0x0000161c       0x43 ./emlib/em_cmu.o
 .debug_macro   0x0000165f      0x180 ./emlib/em_cmu.o
 .debug_macro   0x000017df      0x297 ./emlib/em_cmu.o
 .debug_macro   0x00001a76       0x10 ./emlib/em_cmu.o
 .debug_macro   0x00001a86       0x35 ./emlib/em_cmu.o
 .debug_macro   0x00001abb       0xde ./emlib/em_cmu.o
 .debug_macro   0x00001b99       0xe4 ./emlib/em_cmu.o
 .debug_macro   0x00001c7d      0x37c ./emlib/em_cmu.o
 .debug_macro   0x00001ff9      0x2b2 ./emlib/em_cmu.o
 .debug_macro   0x000022ab     0x14a7 ./emlib/em_cmu.o
 .debug_macro   0x00003752      0x82f ./emlib/em_cmu.o
 .debug_macro   0x00003f81       0xfa ./emlib/em_cmu.o
 .debug_macro   0x0000407b      0x1b5 ./emlib/em_cmu.o
 .debug_macro   0x00004230     0x16b0 ./emlib/em_cmu.o
 .debug_macro   0x000058e0      0x6cc ./emlib/em_cmu.o
 .debug_macro   0x00005fac     0x1bdc ./emlib/em_cmu.o
 .debug_macro   0x00007b88      0x22b ./emlib/em_cmu.o
 .debug_macro   0x00007db3     0x1c0b ./emlib/em_cmu.o
 .debug_macro   0x000099be      0x33f ./emlib/em_cmu.o
 .debug_macro   0x00009cfd      0xf1e ./emlib/em_cmu.o
 .debug_macro   0x0000ac1b      0xf9c ./emlib/em_cmu.o
 .debug_macro   0x0000bbb7      0xa5d ./emlib/em_cmu.o
 .debug_macro   0x0000c614     0x106c ./emlib/em_cmu.o
 .debug_macro   0x0000d680      0x381 ./emlib/em_cmu.o
 .debug_macro   0x0000da01      0x1cb ./emlib/em_cmu.o
 .debug_macro   0x0000dbcc      0x166 ./emlib/em_cmu.o
 .debug_macro   0x0000dd32      0x258 ./emlib/em_cmu.o
 .debug_macro   0x0000df8a       0x40 ./emlib/em_cmu.o
 .debug_macro   0x0000dfca      0x2b9 ./emlib/em_cmu.o
 .debug_macro   0x0000e283       0xc4 ./emlib/em_cmu.o
 .debug_macro   0x0000e347      0x254 ./emlib/em_cmu.o
 .debug_macro   0x0000e59b     0x22e8 ./emlib/em_cmu.o
 .debug_macro   0x00010883      0x100 ./emlib/em_cmu.o
 .debug_macro   0x00010983      0x100 ./emlib/em_cmu.o
 .debug_macro   0x00010a83       0xbf ./emlib/em_cmu.o
 .debug_macro   0x00010b42      0x2f8 ./emlib/em_cmu.o
 .debug_macro   0x00010e3a       0x2b ./emlib/em_cmu.o
 .debug_macro   0x00010e65       0xee ./emlib/em_cmu.o
 .debug_macro   0x00010f53       0x69 ./emlib/em_cmu.o
 .debug_macro   0x00010fbc       0x11 ./emlib/em_cmu.o
 .debug_macro   0x00010fcd      0x2ea ./emlib/em_core.o
 .debug_macro   0x000112b7       0x63 ./emlib/em_core.o
 .debug_macro   0x0001131a       0xba ./emlib/em_core.o
 .debug_macro   0x000113d4      0x371 ./emlib/em_emu.o
 .debug_macro   0x00011745       0x25 ./emlib/em_emu.o
 .debug_macro   0x0001176a       0x34 ./emlib/em_emu.o
 .debug_macro   0x0001179e      0x2d5 ./emlib/em_gpio.o
 .debug_macro   0x00011a73       0xb9 ./emlib/em_gpio.o
 .debug_macro   0x00011b2c      0x2bc ./CMSIS/EFM32HG/system_efm32hg.o
 .debug_macro   0x00011de8      0x341 ./src/BG96_at_driver.o
 .debug_macro   0x00012129       0x10 ./src/BG96_at_driver.o
 .debug_macro   0x00012139       0xf1 ./src/BG96_at_driver.o
 .debug_macro   0x0001222a       0x1c ./src/BG96_at_driver.o
 .debug_macro   0x00012246       0x16 ./src/BG96_at_driver.o
 .debug_macro   0x0001225c      0x1ab ./src/BG96_at_driver.o
 .debug_macro   0x00012407      0x351 ./src/DS18B20.o
 .debug_macro   0x00012758       0x10 ./src/DS18B20.o
 .debug_macro   0x00012768       0x4c ./src/DS18B20.o
 .debug_macro   0x000127b4       0x10 ./src/DS18B20.o
 .debug_macro   0x000127c4      0x31c ./src/adc.o
 .debug_macro   0x00012ae0       0xb2 ./src/adc.o
 .debug_macro   0x00012b92      0x32b ./src/delay.o
 .debug_macro   0x00012ebd       0x10 ./src/delay.o
 .debug_macro   0x00012ecd      0x314 ./src/i2c.o
 .debug_macro   0x000131e1       0x45 ./src/i2c.o
 .debug_macro   0x00013226      0x31d ./src/interrupt.o
 .debug_macro   0x00013543      0x39c ./src/main.o
 .debug_macro   0x000138df      0x2fe ./src/main.o
 .debug_macro   0x00013bdd      0x3e5 ./src/serlcd.o
 .debug_macro   0x00013fc2      0x313 ./src/util.o
 .debug_macro   0x000142d5       0x67 ./src/util_string.o
 .debug_macro   0x0001433c      0x334 ./dbprint/dbprint.o
 .debug_macro   0x00014670       0xeb ./dbprint/dbprint.o
 .debug_macro   0x0001475b      0x3d5 ./VL53L1X_PLATFORM/vl53l1_platform.o
 .debug_macro   0x00014b30      0x29d ./VL53L1X_PLATFORM/vl53l1_platform.o
 .debug_macro   0x00014dcd       0x1c ./VL53L1X_PLATFORM/vl53l1_platform.o
 .debug_macro   0x00014de9       0x10 ./VL53L1X_PLATFORM/vl53l1_platform.o
 .debug_macro   0x00014df9       0x10 ./VL53L1X_PLATFORM/vl53l1_platform.o
 .debug_macro   0x00014e09       0x22 ./VL53L1X_PLATFORM/vl53l1_platform.o
 .debug_macro   0x00014e2b       0xbe ./VL53L1X_PLATFORM/vl53l1_platform.o
 .debug_macro   0x00014ee9       0x16 ./VL53L1X_PLATFORM/vl53l1_platform.o
 .debug_macro   0x00014eff      0x166 ./VL53L1X_PLATFORM/vl53l1_platform.o
 .debug_macro   0x00015065       0x16 ./VL53L1X_PLATFORM/vl53l1_platform.o
 .debug_macro   0x0001507b       0x22 ./VL53L1X_PLATFORM/vl53l1_platform.o
 .debug_macro   0x0001509d       0x16 ./VL53L1X_PLATFORM/vl53l1_platform.o
 .debug_macro   0x000150b3       0x10 ./VL53L1X_PLATFORM/vl53l1_platform.o
 .debug_macro   0x000150c3       0x10 ./VL53L1X_PLATFORM/vl53l1_platform.o
 .debug_macro   0x000150d3       0x10 ./VL53L1X_PLATFORM/vl53l1_platform.o
 .debug_macro   0x000150e3       0x2e ./VL53L1X_PLATFORM/vl53l1_platform.o
 .debug_macro   0x00015111       0xaf ./VL53L1X_PLATFORM/vl53l1_platform.o
 .debug_macro   0x000151c0       0xf2 ./VL53L1X_PLATFORM/vl53l1_platform.o
 .debug_macro   0x000152b2      0x19e ./VL53L1X_API/VL53L1X_api.o
 .debug_macro   0x00015450      0x112 ./VL53L1X_API/VL53L1X_api.o
 .debug_macro   0x00015562      0x382 ./emdrv/ustimer.o
 .debug_macro   0x000158e4       0x7f ./emdrv/ustimer.o
 .debug_macro   0x00015963      0x32e ./emlib/em_i2c.o
 .debug_macro   0x00015c91       0x3f ./emlib/em_i2c.o
 .debug_macro   0x00015cd0      0x2d0 ./emlib/em_rtc.o
 .debug_macro   0x00015fa0      0x2c3 ./emlib/em_timer.o
 .debug_macro   0x00016263       0x79 ./emlib/em_timer.o
 .debug_macro   0x000162dc      0x310 ./emlib/em_usart.o
 .debug_macro   0x000165ec      0x384 ./src/VL43L1X.o

.debug_line     0x00000000     0xef28
 .debug_line    0x00000000      0x196 ./emlib/em_assert.o
 .debug_line    0x00000196     0x10ba ./emlib/em_cmu.o
 .debug_line    0x00001250      0xad8 ./emlib/em_core.o
 .debug_line    0x00001d28      0xa77 ./emlib/em_emu.o
 .debug_line    0x0000279f      0x993 ./emlib/em_gpio.o
 .debug_line    0x00003132       0xdc ./CMSIS/EFM32HG/startup_efm32hg.o
 .debug_line    0x0000320e      0x80c ./CMSIS/EFM32HG/system_efm32hg.o
 .debug_line    0x00003a1a      0xa08 ./src/BG96_at_driver.o
 .debug_line    0x00004422      0xc76 ./src/DS18B20.o
 .debug_line    0x00005098      0x9d3 ./src/adc.o
 .debug_line    0x00005a6b      0x9a7 ./src/delay.o
 .debug_line    0x00006412      0x830 ./src/i2c.o
 .debug_line    0x00006c42      0x928 ./src/interrupt.o
 .debug_line    0x0000756a      0xa02 ./src/main.o
 .debug_line    0x00007f6c      0x8ed ./src/serlcd.o
 .debug_line    0x00008859      0x888 ./src/util.o
 .debug_line    0x000090e1      0x37c ./src/util_string.o
 .debug_line    0x0000945d      0xb86 ./dbprint/dbprint.o
 .debug_line    0x00009fe3      0xa2c ./VL53L1X_PLATFORM/vl53l1_platform.o
 .debug_line    0x0000aa0f      0x881 ./VL53L1X_API/VL53L1X_api.o
 .debug_line    0x0000b290      0xb21 ./emdrv/ustimer.o
 .debug_line    0x0000bdb1      0xb30 ./emlib/em_i2c.o
 .debug_line    0x0000c8e1      0x86c ./emlib/em_rtc.o
 .debug_line    0x0000d14d      0x903 ./emlib/em_timer.o
 .debug_line    0x0000da50      0xb35 ./emlib/em_usart.o
 .debug_line    0x0000e585      0x9a3 ./src/VL43L1X.o

.debug_str      0x00000000    0x6d96d
 .debug_str     0x00000000     0x2434 ./emlib/em_assert.o
                               0x243e (size before relaxing)
 .debug_str     0x00002434    0x6400f ./emlib/em_cmu.o
                              0x666d2 (size before relaxing)
 .debug_str     0x00066443      0xb62 ./emlib/em_core.o
                              0x65172 (size before relaxing)
 .debug_str     0x00066fa5      0x3d9 ./emlib/em_emu.o
                              0x66864 (size before relaxing)
 .debug_str     0x0006737e      0x48c ./emlib/em_gpio.o
                              0x64ef4 (size before relaxing)
 .debug_str     0x0006780a      0x1a0 ./CMSIS/EFM32HG/system_efm32hg.o
                              0x64620 (size before relaxing)
 .debug_str     0x000679aa     0x10e9 ./src/BG96_at_driver.o
                              0x66a00 (size before relaxing)
 .debug_str     0x00068a93      0x4ab ./src/DS18B20.o
                              0x66868 (size before relaxing)
 .debug_str     0x00068f3e      0xa7e ./src/adc.o
                              0x66a67 (size before relaxing)
 .debug_str     0x000699bc      0x1a6 ./src/delay.o
                              0x6608e (size before relaxing)
 .debug_str     0x00069b62      0x1fc ./src/i2c.o
                              0x66523 (size before relaxing)
 .debug_str     0x00069d5e       0xde ./src/interrupt.o
                              0x66630 (size before relaxing)
 .debug_str     0x00069e3c      0x1ef ./src/main.o
                              0x6655a (size before relaxing)
 .debug_str     0x0006a02b      0x3ef ./src/serlcd.o
                              0x664e0 (size before relaxing)
 .debug_str     0x0006a41a       0x39 ./src/util.o
                              0x6646a (size before relaxing)
 .debug_str     0x0006a453       0x63 ./src/util_string.o
                               0x3139 (size before relaxing)
 .debug_str     0x0006a4b6      0x2b7 ./dbprint/dbprint.o
                              0x66723 (size before relaxing)
 .debug_str     0x0006a76d      0xdf7 ./VL53L1X_PLATFORM/vl53l1_platform.o
                              0x66a84 (size before relaxing)
 .debug_str     0x0006b564      0xcfd ./VL53L1X_API/VL53L1X_api.o
                               0x6dc0 (size before relaxing)
 .debug_str     0x0006c261      0xb36 ./emdrv/ustimer.o
                              0x66fa1 (size before relaxing)
 .debug_str     0x0006cd97      0x29d ./emlib/em_i2c.o
                              0x65f2d (size before relaxing)
 .debug_str     0x0006d034       0xd9 ./emlib/em_rtc.o
                              0x644eb (size before relaxing)
 .debug_str     0x0006d10d      0x261 ./emlib/em_timer.o
                              0x64e74 (size before relaxing)
 .debug_str     0x0006d36e      0x5d0 ./emlib/em_usart.o
                              0x6645c (size before relaxing)
 .debug_str     0x0006d93e       0x2f ./src/VL43L1X.o
                              0x65ce8 (size before relaxing)

.debug_frame    0x00000000     0x1f74
 .debug_frame   0x00000000       0x20 ./emlib/em_assert.o
 .debug_frame   0x00000020      0x2e0 ./emlib/em_cmu.o
 .debug_frame   0x00000300      0x238 ./emlib/em_core.o
 .debug_frame   0x00000538      0x124 ./emlib/em_emu.o
 .debug_frame   0x0000065c       0xbc ./emlib/em_gpio.o
 .debug_frame   0x00000718       0xd0 ./CMSIS/EFM32HG/system_efm32hg.o
 .debug_frame   0x000007e8      0x148 ./src/BG96_at_driver.o
 .debug_frame   0x00000930       0xb4 ./src/DS18B20.o
 .debug_frame   0x000009e4       0x58 ./src/adc.o
 .debug_frame   0x00000a3c       0xac ./src/delay.o
 .debug_frame   0x00000ae8       0x30 ./src/i2c.o
 .debug_frame   0x00000b18       0x94 ./src/interrupt.o
 .debug_frame   0x00000bac       0xb0 ./src/main.o
 .debug_frame   0x00000c5c       0x94 ./src/serlcd.o
 .debug_frame   0x00000cf0       0x58 ./src/util.o
 .debug_frame   0x00000d48       0x9c ./src/util_string.o
 .debug_frame   0x00000de4      0x31c ./dbprint/dbprint.o
 .debug_frame   0x00001100      0x118 ./VL53L1X_PLATFORM/vl53l1_platform.o
 .debug_frame   0x00001218      0x4c4 ./VL53L1X_API/VL53L1X_api.o
 .debug_frame   0x000016dc       0xbc ./emdrv/ustimer.o
 .debug_frame   0x00001798       0xdc ./emlib/em_i2c.o
 .debug_frame   0x00001874       0x94 ./emlib/em_rtc.o
 .debug_frame   0x00001908       0x94 ./emlib/em_timer.o
 .debug_frame   0x0000199c      0x1dc ./emlib/em_usart.o
 .debug_frame   0x00001b78       0x58 ./src/VL43L1X.o
 .debug_frame   0x00001bd0       0x20 /home/brecht/Programs/SimplicityStudio_v4/developer/toolchains/gnu_arm/4.9_2015q3/bin/../lib/gcc/arm-none-eabi/4.9.3/armv6-m/libgcc.a(_udivsi3.o)
 .debug_frame   0x00001bf0       0x34 /home/brecht/Programs/SimplicityStudio_v4/developer/toolchains/gnu_arm/4.9_2015q3/bin/../lib/gcc/arm-none-eabi/4.9.3/armv6-m/libgcc.a(_muldi3.o)
 .debug_frame   0x00001c24       0x2c /home/brecht/Programs/SimplicityStudio_v4/developer/toolchains/gnu_arm/4.9_2015q3/bin/../lib/gcc/arm-none-eabi/4.9.3/armv6-m/libgcc.a(_fixunsdfsi.o)
 .debug_frame   0x00001c50       0x50 /home/brecht/Programs/SimplicityStudio_v4/developer/toolchains/gnu_arm/4.9_2015q3/bin/../lib/gcc/arm-none-eabi/4.9.3/armv6-m/libgcc.a(bpabi.o)
 .debug_frame   0x00001ca0       0x38 /home/brecht/Programs/SimplicityStudio_v4/developer/toolchains/gnu_arm/4.9_2015q3/bin/../lib/gcc/arm-none-eabi/4.9.3/armv6-m/libgcc.a(eqdf2.o)
 .debug_frame   0x00001cd8       0x38 /home/brecht/Programs/SimplicityStudio_v4/developer/toolchains/gnu_arm/4.9_2015q3/bin/../lib/gcc/arm-none-eabi/4.9.3/armv6-m/libgcc.a(gedf2.o)
 .debug_frame   0x00001d10       0x38 /home/brecht/Programs/SimplicityStudio_v4/developer/toolchains/gnu_arm/4.9_2015q3/bin/../lib/gcc/arm-none-eabi/4.9.3/armv6-m/libgcc.a(ledf2.o)
 .debug_frame   0x00001d48       0x3c /home/brecht/Programs/SimplicityStudio_v4/developer/toolchains/gnu_arm/4.9_2015q3/bin/../lib/gcc/arm-none-eabi/4.9.3/armv6-m/libgcc.a(muldf3.o)
 .debug_frame   0x00001d84       0x3c /home/brecht/Programs/SimplicityStudio_v4/developer/toolchains/gnu_arm/4.9_2015q3/bin/../lib/gcc/arm-none-eabi/4.9.3/armv6-m/libgcc.a(subdf3.o)
 .debug_frame   0x00001dc0       0x2c /home/brecht/Programs/SimplicityStudio_v4/developer/toolchains/gnu_arm/4.9_2015q3/bin/../lib/gcc/arm-none-eabi/4.9.3/armv6-m/libgcc.a(fixdfsi.o)
 .debug_frame   0x00001dec       0x2c /home/brecht/Programs/SimplicityStudio_v4/developer/toolchains/gnu_arm/4.9_2015q3/bin/../lib/gcc/arm-none-eabi/4.9.3/armv6-m/libgcc.a(floatsidf.o)
 .debug_frame   0x00001e18       0x28 /home/brecht/Programs/SimplicityStudio_v4/developer/toolchains/gnu_arm/4.9_2015q3/bin/../lib/gcc/arm-none-eabi/4.9.3/armv6-m/libgcc.a(floatunsidf.o)
 .debug_frame   0x00001e40       0x3c /home/brecht/Programs/SimplicityStudio_v4/developer/toolchains/gnu_arm/4.9_2015q3/bin/../lib/gcc/arm-none-eabi/4.9.3/armv6-m/libgcc.a(_divdi3.o)
 .debug_frame   0x00001e7c       0x3c /home/brecht/Programs/SimplicityStudio_v4/developer/toolchains/gnu_arm/4.9_2015q3/bin/../lib/gcc/arm-none-eabi/4.9.3/armv6-m/libgcc.a(_udivdi3.o)
 .debug_frame   0x00001eb8       0x28 /home/brecht/Programs/SimplicityStudio_v4/developer/toolchains/gnu_arm/4.9_2015q3/bin/../lib/gcc/arm-none-eabi/4.9.3/../../../../arm-none-eabi/lib/armv6-m/libc_nano.a(lib_a-exit.o)
 .debug_frame   0x00001ee0       0x2c /home/brecht/Programs/SimplicityStudio_v4/developer/toolchains/gnu_arm/4.9_2015q3/bin/../lib/gcc/arm-none-eabi/4.9.3/../../../../arm-none-eabi/lib/armv6-m/libc_nano.a(lib_a-init.o)
 .debug_frame   0x00001f0c       0x28 /home/brecht/Programs/SimplicityStudio_v4/developer/toolchains/gnu_arm/4.9_2015q3/bin/../lib/gcc/arm-none-eabi/4.9.3/../../../../arm-none-eabi/lib/armv6-m/libc_nano.a(lib_a-memcpy.o)
 .debug_frame   0x00001f34       0x20 /home/brecht/Programs/SimplicityStudio_v4/developer/toolchains/gnu_arm/4.9_2015q3/bin/../lib/gcc/arm-none-eabi/4.9.3/../../../../arm-none-eabi/lib/armv6-m/libc_nano.a(lib_a-memset.o)
 .debug_frame   0x00001f54       0x20 /home/brecht/Programs/SimplicityStudio_v4/developer/toolchains/gnu_arm/4.9_2015q3/bin/../lib/gcc/arm-none-eabi/4.9.3/../../../../arm-none-eabi/lib/armv6-m/libnosys.a(_exit.o)

.debug_loc      0x00000000     0xa5a7
 .debug_loc     0x00000000     0x2144 ./emlib/em_cmu.o
 .debug_loc     0x00002144      0x78a ./emlib/em_core.o
 .debug_loc     0x000028ce      0x34f ./emlib/em_emu.o
 .debug_loc     0x00002c1d      0xcbc ./emlib/em_gpio.o
 .debug_loc     0x000038d9      0x187 ./CMSIS/EFM32HG/system_efm32hg.o
 .debug_loc     0x00003a60      0x3c2 ./src/BG96_at_driver.o
 .debug_loc     0x00003e22      0x8d3 ./src/DS18B20.o
 .debug_loc     0x000046f5      0x304 ./src/adc.o
 .debug_loc     0x000049f9      0x17e ./src/delay.o
 .debug_loc     0x00004b77       0x2c ./src/i2c.o
 .debug_loc     0x00004ba3       0x8e ./src/interrupt.o
 .debug_loc     0x00004c31      0x156 ./src/main.o
 .debug_loc     0x00004d87      0x27e ./src/serlcd.o
 .debug_loc     0x00005005      0x124 ./src/util.o
 .debug_loc     0x00005129      0x39c ./src/util_string.o
 .debug_loc     0x000054c5     0x106e ./dbprint/dbprint.o
 .debug_loc     0x00006533      0x658 ./VL53L1X_PLATFORM/vl53l1_platform.o
 .debug_loc     0x00006b8b     0x197a ./VL53L1X_API/VL53L1X_api.o
 .debug_loc     0x00008505      0x361 ./emdrv/ustimer.o
 .debug_loc     0x00008866      0xccd ./emlib/em_i2c.o
 .debug_loc     0x00009533      0x1af ./emlib/em_rtc.o
 .debug_loc     0x000096e2      0x381 ./emlib/em_timer.o
 .debug_loc     0x00009a63      0x992 ./emlib/em_usart.o
 .debug_loc     0x0000a3f5      0x1b2 ./src/VL43L1X.o
