Archive member included because of file (symbol)

/home/brecht/Programs/SimplicityStudio_v4/developer/toolchains/gnu_arm/4.9_2015q3/bin/../lib/gcc/arm-none-eabi/4.9.3/armv6-m/libgcc.a(_udivsi3.o)
                              ./src/blink.o (__aeabi_uidiv)
/home/brecht/Programs/SimplicityStudio_v4/developer/toolchains/gnu_arm/4.9_2015q3/bin/../lib/gcc/arm-none-eabi/4.9.3/armv6-m/libgcc.a(_dvmd_tls.o)
                              /home/brecht/Programs/SimplicityStudio_v4/developer/toolchains/gnu_arm/4.9_2015q3/bin/../lib/gcc/arm-none-eabi/4.9.3/armv6-m/libgcc.a(_udivsi3.o) (__aeabi_idiv0)
/home/brecht/Programs/SimplicityStudio_v4/developer/toolchains/gnu_arm/4.9_2015q3/bin/../lib/gcc/arm-none-eabi/4.9.3/armv6-m/libgcc.a(_clzsi2.o)
                              ./emlib/em_cmu.o (__clzsi2)
/home/brecht/Programs/SimplicityStudio_v4/developer/toolchains/gnu_arm/4.9_2015q3/bin/../lib/gcc/arm-none-eabi/4.9.3/../../../../arm-none-eabi/lib/armv6-m/libc_nano.a(lib_a-exit.o)
                              /home/brecht/Programs/SimplicityStudio_v4/developer/toolchains/gnu_arm/4.9_2015q3/bin/../lib/gcc/arm-none-eabi/4.9.3/../../../../arm-none-eabi/lib/armv6-m/crt0.o (exit)
/home/brecht/Programs/SimplicityStudio_v4/developer/toolchains/gnu_arm/4.9_2015q3/bin/../lib/gcc/arm-none-eabi/4.9.3/../../../../arm-none-eabi/lib/armv6-m/libc_nano.a(lib_a-impure.o)
                              /home/brecht/Programs/SimplicityStudio_v4/developer/toolchains/gnu_arm/4.9_2015q3/bin/../lib/gcc/arm-none-eabi/4.9.3/../../../../arm-none-eabi/lib/armv6-m/libc_nano.a(lib_a-exit.o) (_global_impure_ptr)
/home/brecht/Programs/SimplicityStudio_v4/developer/toolchains/gnu_arm/4.9_2015q3/bin/../lib/gcc/arm-none-eabi/4.9.3/../../../../arm-none-eabi/lib/armv6-m/libc_nano.a(lib_a-init.o)
                              /home/brecht/Programs/SimplicityStudio_v4/developer/toolchains/gnu_arm/4.9_2015q3/bin/../lib/gcc/arm-none-eabi/4.9.3/../../../../arm-none-eabi/lib/armv6-m/crt0.o (__libc_init_array)
/home/brecht/Programs/SimplicityStudio_v4/developer/toolchains/gnu_arm/4.9_2015q3/bin/../lib/gcc/arm-none-eabi/4.9.3/../../../../arm-none-eabi/lib/armv6-m/libc_nano.a(lib_a-memset.o)
                              /home/brecht/Programs/SimplicityStudio_v4/developer/toolchains/gnu_arm/4.9_2015q3/bin/../lib/gcc/arm-none-eabi/4.9.3/../../../../arm-none-eabi/lib/armv6-m/crt0.o (memset)
/home/brecht/Programs/SimplicityStudio_v4/developer/toolchains/gnu_arm/4.9_2015q3/bin/../lib/gcc/arm-none-eabi/4.9.3/../../../../arm-none-eabi/lib/armv6-m/libnosys.a(_exit.o)
                              /home/brecht/Programs/SimplicityStudio_v4/developer/toolchains/gnu_arm/4.9_2015q3/bin/../lib/gcc/arm-none-eabi/4.9.3/../../../../arm-none-eabi/lib/armv6-m/libc_nano.a(lib_a-exit.o) (_exit)

Discarded input sections

 .text          0x00000000        0x0 /home/brecht/Programs/SimplicityStudio_v4/developer/toolchains/gnu_arm/4.9_2015q3/bin/../lib/gcc/arm-none-eabi/4.9.3/armv6-m/crti.o
 .data          0x00000000        0x0 /home/brecht/Programs/SimplicityStudio_v4/developer/toolchains/gnu_arm/4.9_2015q3/bin/../lib/gcc/arm-none-eabi/4.9.3/armv6-m/crti.o
 .bss           0x00000000        0x0 /home/brecht/Programs/SimplicityStudio_v4/developer/toolchains/gnu_arm/4.9_2015q3/bin/../lib/gcc/arm-none-eabi/4.9.3/armv6-m/crti.o
 .data          0x00000000        0x4 /home/brecht/Programs/SimplicityStudio_v4/developer/toolchains/gnu_arm/4.9_2015q3/bin/../lib/gcc/arm-none-eabi/4.9.3/armv6-m/crtbegin.o
 .data          0x00000000        0x0 /home/brecht/Programs/SimplicityStudio_v4/developer/toolchains/gnu_arm/4.9_2015q3/bin/../lib/gcc/arm-none-eabi/4.9.3/../../../../arm-none-eabi/lib/armv6-m/crt0.o
 .bss           0x00000000        0x0 /home/brecht/Programs/SimplicityStudio_v4/developer/toolchains/gnu_arm/4.9_2015q3/bin/../lib/gcc/arm-none-eabi/4.9.3/../../../../arm-none-eabi/lib/armv6-m/crt0.o
 .ARM.extab     0x00000000        0x0 /home/brecht/Programs/SimplicityStudio_v4/developer/toolchains/gnu_arm/4.9_2015q3/bin/../lib/gcc/arm-none-eabi/4.9.3/../../../../arm-none-eabi/lib/armv6-m/crt0.o
 .group         0x00000000        0x8 ./src/blink.o
 .group         0x00000000        0x8 ./src/blink.o
 .group         0x00000000        0x8 ./src/blink.o
 .group         0x00000000        0x8 ./src/blink.o
 .group         0x00000000        0x8 ./src/blink.o
 .group         0x00000000        0x8 ./src/blink.o
 .group         0x00000000        0x8 ./src/blink.o
 .group         0x00000000        0x8 ./src/blink.o
 .group         0x00000000        0x8 ./src/blink.o
 .group         0x00000000        0x8 ./src/blink.o
 .group         0x00000000        0x8 ./src/blink.o
 .group         0x00000000        0x8 ./src/blink.o
 .group         0x00000000        0x8 ./src/blink.o
 .group         0x00000000        0x8 ./src/blink.o
 .group         0x00000000        0x8 ./src/blink.o
 .group         0x00000000        0x8 ./src/blink.o
 .group         0x00000000        0x8 ./src/blink.o
 .group         0x00000000        0x8 ./src/blink.o
 .group         0x00000000        0x8 ./src/blink.o
 .group         0x00000000        0x8 ./src/blink.o
 .group         0x00000000        0x8 ./src/blink.o
 .group         0x00000000        0x8 ./src/blink.o
 .group         0x00000000        0x8 ./src/blink.o
 .group         0x00000000        0x8 ./src/blink.o
 .group         0x00000000        0x8 ./src/blink.o
 .group         0x00000000        0x8 ./src/blink.o
 .group         0x00000000        0x8 ./src/blink.o
 .group         0x00000000        0x8 ./src/blink.o
 .group         0x00000000        0x8 ./src/blink.o
 .group         0x00000000        0x8 ./src/blink.o
 .group         0x00000000        0x8 ./src/blink.o
 .group         0x00000000        0x8 ./src/blink.o
 .group         0x00000000        0x8 ./src/blink.o
 .group         0x00000000        0x8 ./src/blink.o
 .group         0x00000000        0x8 ./src/blink.o
 .group         0x00000000        0x8 ./src/blink.o
 .group         0x00000000        0x8 ./src/blink.o
 .group         0x00000000        0x8 ./src/blink.o
 .group         0x00000000        0x8 ./src/blink.o
 .group         0x00000000        0x8 ./src/blink.o
 .group         0x00000000        0x8 ./src/blink.o
 .group         0x00000000        0x8 ./src/blink.o
 .group         0x00000000        0x8 ./src/blink.o
 .group         0x00000000        0x8 ./src/blink.o
 .group         0x00000000        0x8 ./src/blink.o
 .group         0x00000000        0x8 ./src/blink.o
 .group         0x00000000        0x8 ./src/blink.o
 .group         0x00000000        0x8 ./src/blink.o
 .group         0x00000000        0x8 ./src/blink.o
 .group         0x00000000        0x8 ./src/blink.o
 .group         0x00000000        0x8 ./src/blink.o
 .group         0x00000000        0x8 ./src/blink.o
 .group         0x00000000        0x8 ./src/blink.o
 .group         0x00000000        0x8 ./src/blink.o
 .group         0x00000000        0x8 ./src/blink.o
 .group         0x00000000        0x8 ./src/blink.o
 .text          0x00000000        0x0 ./src/blink.o
 .data          0x00000000        0x0 ./src/blink.o
 .bss           0x00000000        0x0 ./src/blink.o
 .text.powerSensor
                0x00000000       0xd4 ./src/blink.o
 .rodata.str1.4
                0x00000000       0x6c ./src/blink.o
 .group         0x00000000        0x8 ./emlib/em_assert.o
 .group         0x00000000        0x8 ./emlib/em_assert.o
 .group         0x00000000        0x8 ./emlib/em_assert.o
 .text          0x00000000        0x0 ./emlib/em_assert.o
 .data          0x00000000        0x0 ./emlib/em_assert.o
 .bss           0x00000000        0x0 ./emlib/em_assert.o
 .debug_macro   0x00000000      0x82c ./emlib/em_assert.o
 .debug_macro   0x00000000       0x10 ./emlib/em_assert.o
 .debug_macro   0x00000000       0x22 ./emlib/em_assert.o
 .group         0x00000000        0x8 ./emlib/em_cmu.o
 .group         0x00000000        0x8 ./emlib/em_cmu.o
 .group         0x00000000        0x8 ./emlib/em_cmu.o
 .group         0x00000000        0x8 ./emlib/em_cmu.o
 .group         0x00000000        0x8 ./emlib/em_cmu.o
 .group         0x00000000        0x8 ./emlib/em_cmu.o
 .group         0x00000000        0x8 ./emlib/em_cmu.o
 .group         0x00000000        0x8 ./emlib/em_cmu.o
 .group         0x00000000        0x8 ./emlib/em_cmu.o
 .group         0x00000000        0x8 ./emlib/em_cmu.o
 .group         0x00000000        0x8 ./emlib/em_cmu.o
 .group         0x00000000        0x8 ./emlib/em_cmu.o
 .group         0x00000000        0x8 ./emlib/em_cmu.o
 .group         0x00000000        0x8 ./emlib/em_cmu.o
 .group         0x00000000        0x8 ./emlib/em_cmu.o
 .group         0x00000000        0x8 ./emlib/em_cmu.o
 .group         0x00000000        0x8 ./emlib/em_cmu.o
 .group         0x00000000        0x8 ./emlib/em_cmu.o
 .group         0x00000000        0x8 ./emlib/em_cmu.o
 .group         0x00000000        0x8 ./emlib/em_cmu.o
 .group         0x00000000        0x8 ./emlib/em_cmu.o
 .group         0x00000000        0x8 ./emlib/em_cmu.o
 .group         0x00000000        0x8 ./emlib/em_cmu.o
 .group         0x00000000        0x8 ./emlib/em_cmu.o
 .group         0x00000000        0x8 ./emlib/em_cmu.o
 .group         0x00000000        0x8 ./emlib/em_cmu.o
 .group         0x00000000        0x8 ./emlib/em_cmu.o
 .group         0x00000000        0x8 ./emlib/em_cmu.o
 .group         0x00000000        0x8 ./emlib/em_cmu.o
 .group         0x00000000        0x8 ./emlib/em_cmu.o
 .group         0x00000000        0x8 ./emlib/em_cmu.o
 .group         0x00000000        0x8 ./emlib/em_cmu.o
 .group         0x00000000        0x8 ./emlib/em_cmu.o
 .group         0x00000000        0x8 ./emlib/em_cmu.o
 .group         0x00000000        0x8 ./emlib/em_cmu.o
 .group         0x00000000        0x8 ./emlib/em_cmu.o
 .group         0x00000000        0x8 ./emlib/em_cmu.o
 .group         0x00000000        0x8 ./emlib/em_cmu.o
 .group         0x00000000        0x8 ./emlib/em_cmu.o
 .group         0x00000000        0x8 ./emlib/em_cmu.o
 .group         0x00000000        0x8 ./emlib/em_cmu.o
 .group         0x00000000        0x8 ./emlib/em_cmu.o
 .group         0x00000000        0x8 ./emlib/em_cmu.o
 .group         0x00000000        0x8 ./emlib/em_cmu.o
 .group         0x00000000        0x8 ./emlib/em_cmu.o
 .group         0x00000000        0x8 ./emlib/em_cmu.o
 .group         0x00000000        0x8 ./emlib/em_cmu.o
 .group         0x00000000        0x8 ./emlib/em_cmu.o
 .group         0x00000000        0x8 ./emlib/em_cmu.o
 .group         0x00000000        0x8 ./emlib/em_cmu.o
 .group         0x00000000        0x8 ./emlib/em_cmu.o
 .group         0x00000000        0x8 ./emlib/em_cmu.o
 .group         0x00000000        0x8 ./emlib/em_cmu.o
 .group         0x00000000        0x8 ./emlib/em_cmu.o
 .group         0x00000000        0x8 ./emlib/em_cmu.o
 .group         0x00000000        0x8 ./emlib/em_cmu.o
 .group         0x00000000        0x8 ./emlib/em_cmu.o
 .group         0x00000000        0x8 ./emlib/em_cmu.o
 .group         0x00000000        0x8 ./emlib/em_cmu.o
 .group         0x00000000        0x8 ./emlib/em_cmu.o
 .text          0x00000000        0x0 ./emlib/em_cmu.o
 .data          0x00000000        0x0 ./emlib/em_cmu.o
 .bss           0x00000000        0x0 ./emlib/em_cmu.o
 .text.flashWaitStateMax
                0x00000000       0x50 ./emlib/em_cmu.o
 .text.CMU_UpdateWaitStates
                0x00000000       0x4c ./emlib/em_cmu.o
 .text.CMU_AUXHFRCOBandGet
                0x00000000       0x10 ./emlib/em_cmu.o
 .text.CMU_AUXHFRCOBandSet
                0x00000000       0x6c ./emlib/em_cmu.o
 .rodata.CMU_AUXHFRCOBandSet
                0x00000000       0x20 ./emlib/em_cmu.o
 .text.CMU_Calibrate
                0x00000000       0x94 ./emlib/em_cmu.o
 .rodata.CMU_Calibrate
                0x00000000       0x18 ./emlib/em_cmu.o
 .text.CMU_CalibrateConfig
                0x00000000       0xbc ./emlib/em_cmu.o
 .rodata.CMU_CalibrateConfig
                0x00000000       0x30 ./emlib/em_cmu.o
 .text.CMU_CalibrateCountGet
                0x00000000       0x28 ./emlib/em_cmu.o
 .text.CMU_ClockDivGet
                0x00000000       0x9c ./emlib/em_cmu.o
 .rodata.CMU_ClockDivGet
                0x00000000       0x28 ./emlib/em_cmu.o
 .text.CMU_ClockDivSet
                0x00000000      0x1d0 ./emlib/em_cmu.o
 .rodata.CMU_ClockDivSet
                0x00000000       0x28 ./emlib/em_cmu.o
 .text.CMU_FreezeEnable
                0x00000000       0x20 ./emlib/em_cmu.o
 .text.CMU_HFRCOBandGet
                0x00000000       0x10 ./emlib/em_cmu.o
 .text.CMU_HFRCOBandSet
                0x00000000       0xa0 ./emlib/em_cmu.o
 .rodata.CMU_HFRCOBandSet
                0x00000000       0x14 ./emlib/em_cmu.o
 .text.CMU_HFRCOStartupDelayGet
                0x00000000       0x10 ./emlib/em_cmu.o
 .text.CMU_HFRCOStartupDelaySet
                0x00000000       0x34 ./emlib/em_cmu.o
 .text.CMU_HFXOInit
                0x00000000       0x54 ./emlib/em_cmu.o
 .text.CMU_LCDClkFDIVGet
                0x00000000        0x4 ./emlib/em_cmu.o
 .text.CMU_LCDClkFDIVSet
                0x00000000        0x4 ./emlib/em_cmu.o
 .text.CMU_LFXOInit
                0x00000000       0x50 ./emlib/em_cmu.o
 .text.CMU_OscillatorEnable
                0x00000000       0x88 ./emlib/em_cmu.o
 .rodata.CMU_OscillatorEnable
                0x00000000       0x18 ./emlib/em_cmu.o
 .text.CMU_ClockSelectSet
                0x00000000      0x168 ./emlib/em_cmu.o
 .rodata.CMU_ClockSelectSet
                0x00000000       0x68 ./emlib/em_cmu.o
 .text.CMU_OscillatorTuningGet
                0x00000000       0x58 ./emlib/em_cmu.o
 .text.CMU_OscillatorTuningSet
                0x00000000       0xb8 ./emlib/em_cmu.o
 .text.CMU_PCNTClockExternalGet
                0x00000000       0x18 ./emlib/em_cmu.o
 .text.CMU_PCNTClockExternalSet
                0x00000000       0x38 ./emlib/em_cmu.o
 .text.CMU_USHFRCOBandGet
                0x00000000       0x10 ./emlib/em_cmu.o
 .text.CMU_USHFRCOBandSet
                0x00000000       0xb8 ./emlib/em_cmu.o
 .data.ushfrcoFreq
                0x00000000        0x4 ./emlib/em_cmu.o
 .debug_macro   0x00000000      0x82c ./emlib/em_cmu.o
 .debug_macro   0x00000000      0x2fc ./emlib/em_cmu.o
 .debug_macro   0x00000000       0x12 ./emlib/em_cmu.o
 .debug_macro   0x00000000       0x22 ./emlib/em_cmu.o
 .debug_macro   0x00000000       0x44 ./emlib/em_cmu.o
 .debug_macro   0x00000000       0xe3 ./emlib/em_cmu.o
 .debug_macro   0x00000000       0x22 ./emlib/em_cmu.o
 .debug_macro   0x00000000      0x1df ./emlib/em_cmu.o
 .debug_macro   0x00000000       0x1c ./emlib/em_cmu.o
 .debug_macro   0x00000000       0x22 ./emlib/em_cmu.o
 .debug_macro   0x00000000       0xb5 ./emlib/em_cmu.o
 .debug_macro   0x00000000       0x12 ./emlib/em_cmu.o
 .debug_macro   0x00000000       0x58 ./emlib/em_cmu.o
 .debug_macro   0x00000000       0x35 ./emlib/em_cmu.o
 .debug_macro   0x00000000       0x9c ./emlib/em_cmu.o
 .debug_macro   0x00000000      0x166 ./emlib/em_cmu.o
 .debug_macro   0x00000000       0x52 ./emlib/em_cmu.o
 .debug_macro   0x00000000       0x16 ./emlib/em_cmu.o
 .debug_macro   0x00000000       0x43 ./emlib/em_cmu.o
 .debug_macro   0x00000000      0x180 ./emlib/em_cmu.o
 .debug_macro   0x00000000      0x297 ./emlib/em_cmu.o
 .debug_macro   0x00000000       0x10 ./emlib/em_cmu.o
 .debug_macro   0x00000000       0x35 ./emlib/em_cmu.o
 .debug_macro   0x00000000       0xde ./emlib/em_cmu.o
 .debug_macro   0x00000000       0xe4 ./emlib/em_cmu.o
 .debug_macro   0x00000000      0x37c ./emlib/em_cmu.o
 .debug_macro   0x00000000      0x2b2 ./emlib/em_cmu.o
 .debug_macro   0x00000000     0x14a7 ./emlib/em_cmu.o
 .debug_macro   0x00000000      0x82f ./emlib/em_cmu.o
 .debug_macro   0x00000000       0xfa ./emlib/em_cmu.o
 .debug_macro   0x00000000      0x1b5 ./emlib/em_cmu.o
 .debug_macro   0x00000000     0x16b0 ./emlib/em_cmu.o
 .debug_macro   0x00000000      0x6cc ./emlib/em_cmu.o
 .debug_macro   0x00000000     0x1bdc ./emlib/em_cmu.o
 .debug_macro   0x00000000      0x22b ./emlib/em_cmu.o
 .debug_macro   0x00000000     0x1c0b ./emlib/em_cmu.o
 .debug_macro   0x00000000      0x33f ./emlib/em_cmu.o
 .debug_macro   0x00000000      0xf1e ./emlib/em_cmu.o
 .debug_macro   0x00000000      0xf9c ./emlib/em_cmu.o
 .debug_macro   0x00000000      0xa5d ./emlib/em_cmu.o
 .debug_macro   0x00000000     0x106c ./emlib/em_cmu.o
 .debug_macro   0x00000000      0x381 ./emlib/em_cmu.o
 .debug_macro   0x00000000      0x1cb ./emlib/em_cmu.o
 .debug_macro   0x00000000      0x166 ./emlib/em_cmu.o
 .debug_macro   0x00000000      0x258 ./emlib/em_cmu.o
 .debug_macro   0x00000000       0x40 ./emlib/em_cmu.o
 .debug_macro   0x00000000      0x2b9 ./emlib/em_cmu.o
 .debug_macro   0x00000000       0xc4 ./emlib/em_cmu.o
 .debug_macro   0x00000000      0x254 ./emlib/em_cmu.o
 .debug_macro   0x00000000     0x22e8 ./emlib/em_cmu.o
 .debug_macro   0x00000000      0x100 ./emlib/em_cmu.o
 .debug_macro   0x00000000      0x100 ./emlib/em_cmu.o
 .debug_macro   0x00000000       0x22 ./emlib/em_cmu.o
 .debug_macro   0x00000000       0x10 ./emlib/em_cmu.o
 .group         0x00000000        0x8 ./emlib/em_core.o
 .group         0x00000000        0x8 ./emlib/em_core.o
 .group         0x00000000        0x8 ./emlib/em_core.o
 .group         0x00000000        0x8 ./emlib/em_core.o
 .group         0x00000000        0x8 ./emlib/em_core.o
 .group         0x00000000        0x8 ./emlib/em_core.o
 .group         0x00000000        0x8 ./emlib/em_core.o
 .group         0x00000000        0x8 ./emlib/em_core.o
 .group         0x00000000        0x8 ./emlib/em_core.o
 .group         0x00000000        0x8 ./emlib/em_core.o
 .group         0x00000000        0x8 ./emlib/em_core.o
 .group         0x00000000        0x8 ./emlib/em_core.o
 .group         0x00000000        0x8 ./emlib/em_core.o
 .group         0x00000000        0x8 ./emlib/em_core.o
 .group         0x00000000        0x8 ./emlib/em_core.o
 .group         0x00000000        0x8 ./emlib/em_core.o
 .group         0x00000000        0x8 ./emlib/em_core.o
 .group         0x00000000        0x8 ./emlib/em_core.o
 .group         0x00000000        0x8 ./emlib/em_core.o
 .group         0x00000000        0x8 ./emlib/em_core.o
 .group         0x00000000        0x8 ./emlib/em_core.o
 .group         0x00000000        0x8 ./emlib/em_core.o
 .group         0x00000000        0x8 ./emlib/em_core.o
 .group         0x00000000        0x8 ./emlib/em_core.o
 .group         0x00000000        0x8 ./emlib/em_core.o
 .group         0x00000000        0x8 ./emlib/em_core.o
 .group         0x00000000        0x8 ./emlib/em_core.o
 .group         0x00000000        0x8 ./emlib/em_core.o
 .group         0x00000000        0x8 ./emlib/em_core.o
 .group         0x00000000        0x8 ./emlib/em_core.o
 .group         0x00000000        0x8 ./emlib/em_core.o
 .group         0x00000000        0x8 ./emlib/em_core.o
 .group         0x00000000        0x8 ./emlib/em_core.o
 .group         0x00000000        0x8 ./emlib/em_core.o
 .group         0x00000000        0x8 ./emlib/em_core.o
 .group         0x00000000        0x8 ./emlib/em_core.o
 .group         0x00000000        0x8 ./emlib/em_core.o
 .group         0x00000000        0x8 ./emlib/em_core.o
 .group         0x00000000        0x8 ./emlib/em_core.o
 .group         0x00000000        0x8 ./emlib/em_core.o
 .group         0x00000000        0x8 ./emlib/em_core.o
 .group         0x00000000        0x8 ./emlib/em_core.o
 .group         0x00000000        0x8 ./emlib/em_core.o
 .group         0x00000000        0x8 ./emlib/em_core.o
 .group         0x00000000        0x8 ./emlib/em_core.o
 .group         0x00000000        0x8 ./emlib/em_core.o
 .group         0x00000000        0x8 ./emlib/em_core.o
 .group         0x00000000        0x8 ./emlib/em_core.o
 .group         0x00000000        0x8 ./emlib/em_core.o
 .group         0x00000000        0x8 ./emlib/em_core.o
 .group         0x00000000        0x8 ./emlib/em_core.o
 .group         0x00000000        0x8 ./emlib/em_core.o
 .group         0x00000000        0x8 ./emlib/em_core.o
 .group         0x00000000        0x8 ./emlib/em_core.o
 .group         0x00000000        0x8 ./emlib/em_core.o
 .group         0x00000000        0x8 ./emlib/em_core.o
 .text          0x00000000        0x0 ./emlib/em_core.o
 .data          0x00000000        0x0 ./emlib/em_core.o
 .bss           0x00000000        0x0 ./emlib/em_core.o
 .text.CORE_CriticalDisableIrq
                0x00000000        0x4 ./emlib/em_core.o
 .text.CORE_CriticalEnableIrq
                0x00000000        0x4 ./emlib/em_core.o
 .text.CORE_EnterCritical
                0x00000000        0x8 ./emlib/em_core.o
 .text.CORE_ExitCritical
                0x00000000        0x8 ./emlib/em_core.o
 .text.CORE_YieldCritical
                0x00000000       0x14 ./emlib/em_core.o
 .text.CORE_AtomicDisableIrq
                0x00000000        0x4 ./emlib/em_core.o
 .text.CORE_AtomicEnableIrq
                0x00000000        0x4 ./emlib/em_core.o
 .text.CORE_EnterAtomic
                0x00000000        0x8 ./emlib/em_core.o
 .text.CORE_ExitAtomic
                0x00000000        0x8 ./emlib/em_core.o
 .text.CORE_YieldAtomic
                0x00000000       0x14 ./emlib/em_core.o
 .text.CORE_EnterNvicMask
                0x00000000       0x20 ./emlib/em_core.o
 .text.CORE_NvicDisableMask
                0x00000000       0x18 ./emlib/em_core.o
 .text.CORE_NvicEnableMask
                0x00000000       0x18 ./emlib/em_core.o
 .text.CORE_YieldNvicMask
                0x00000000       0x28 ./emlib/em_core.o
 .text.CORE_NvicMaskSetIRQ
                0x00000000       0x34 ./emlib/em_core.o
 .text.CORE_NvicMaskClearIRQ
                0x00000000       0x34 ./emlib/em_core.o
 .text.CORE_InIrqContext
                0x00000000       0x14 ./emlib/em_core.o
 .text.CORE_IrqIsDisabled
                0x00000000        0xc ./emlib/em_core.o
 .text.CORE_GetNvicEnabledMask
                0x00000000       0x18 ./emlib/em_core.o
 .text.CORE_GetNvicMaskDisableState
                0x00000000       0x20 ./emlib/em_core.o
 .text.CORE_NvicIRQDisabled
                0x00000000       0x34 ./emlib/em_core.o
 .text.CORE_IrqIsBlocked
                0x00000000       0xb8 ./emlib/em_core.o
 .text.CORE_GetNvicRamTableHandler
                0x00000000       0x30 ./emlib/em_core.o
 .text.CORE_SetNvicRamTableHandler
                0x00000000       0x30 ./emlib/em_core.o
 .text.CORE_InitNvicVectorTable
                0x00000000       0xc4 ./emlib/em_core.o
 .rodata.str1.4
                0x00000000       0x6b ./emlib/em_core.o
 .debug_info    0x00000000      0xce3 ./emlib/em_core.o
 .debug_abbrev  0x00000000      0x2d4 ./emlib/em_core.o
 .debug_loc     0x00000000      0x78a ./emlib/em_core.o
 .debug_aranges
                0x00000000       0xe0 ./emlib/em_core.o
 .debug_ranges  0x00000000      0x1c8 ./emlib/em_core.o
 .debug_macro   0x00000000      0x2ea ./emlib/em_core.o
 .debug_macro   0x00000000      0x82c ./emlib/em_core.o
 .debug_macro   0x00000000      0x2fc ./emlib/em_core.o
 .debug_macro   0x00000000       0x12 ./emlib/em_core.o
 .debug_macro   0x00000000       0x22 ./emlib/em_core.o
 .debug_macro   0x00000000       0x44 ./emlib/em_core.o
 .debug_macro   0x00000000       0xe3 ./emlib/em_core.o
 .debug_macro   0x00000000       0x22 ./emlib/em_core.o
 .debug_macro   0x00000000      0x1df ./emlib/em_core.o
 .debug_macro   0x00000000       0x1c ./emlib/em_core.o
 .debug_macro   0x00000000       0x22 ./emlib/em_core.o
 .debug_macro   0x00000000       0xb5 ./emlib/em_core.o
 .debug_macro   0x00000000       0x12 ./emlib/em_core.o
 .debug_macro   0x00000000       0x58 ./emlib/em_core.o
 .debug_macro   0x00000000       0x35 ./emlib/em_core.o
 .debug_macro   0x00000000       0x9c ./emlib/em_core.o
 .debug_macro   0x00000000      0x166 ./emlib/em_core.o
 .debug_macro   0x00000000       0x52 ./emlib/em_core.o
 .debug_macro   0x00000000       0x16 ./emlib/em_core.o
 .debug_macro   0x00000000       0x43 ./emlib/em_core.o
 .debug_macro   0x00000000      0x180 ./emlib/em_core.o
 .debug_macro   0x00000000      0x297 ./emlib/em_core.o
 .debug_macro   0x00000000       0x10 ./emlib/em_core.o
 .debug_macro   0x00000000       0x35 ./emlib/em_core.o
 .debug_macro   0x00000000       0xde ./emlib/em_core.o
 .debug_macro   0x00000000       0xe4 ./emlib/em_core.o
 .debug_macro   0x00000000      0x37c ./emlib/em_core.o
 .debug_macro   0x00000000      0x2b2 ./emlib/em_core.o
 .debug_macro   0x00000000     0x14a7 ./emlib/em_core.o
 .debug_macro   0x00000000      0x82f ./emlib/em_core.o
 .debug_macro   0x00000000       0xfa ./emlib/em_core.o
 .debug_macro   0x00000000      0x1b5 ./emlib/em_core.o
 .debug_macro   0x00000000     0x16b0 ./emlib/em_core.o
 .debug_macro   0x00000000      0x6cc ./emlib/em_core.o
 .debug_macro   0x00000000     0x1bdc ./emlib/em_core.o
 .debug_macro   0x00000000      0x22b ./emlib/em_core.o
 .debug_macro   0x00000000     0x1c0b ./emlib/em_core.o
 .debug_macro   0x00000000      0x33f ./emlib/em_core.o
 .debug_macro   0x00000000      0xf1e ./emlib/em_core.o
 .debug_macro   0x00000000      0xf9c ./emlib/em_core.o
 .debug_macro   0x00000000      0xa5d ./emlib/em_core.o
 .debug_macro   0x00000000     0x106c ./emlib/em_core.o
 .debug_macro   0x00000000      0x381 ./emlib/em_core.o
 .debug_macro   0x00000000      0x1cb ./emlib/em_core.o
 .debug_macro   0x00000000      0x166 ./emlib/em_core.o
 .debug_macro   0x00000000      0x258 ./emlib/em_core.o
 .debug_macro   0x00000000       0x40 ./emlib/em_core.o
 .debug_macro   0x00000000      0x2b9 ./emlib/em_core.o
 .debug_macro   0x00000000       0xc4 ./emlib/em_core.o
 .debug_macro   0x00000000      0x254 ./emlib/em_core.o
 .debug_macro   0x00000000     0x22e8 ./emlib/em_core.o
 .debug_macro   0x00000000      0x100 ./emlib/em_core.o
 .debug_macro   0x00000000      0x100 ./emlib/em_core.o
 .debug_macro   0x00000000       0x22 ./emlib/em_core.o
 .debug_macro   0x00000000       0x63 ./emlib/em_core.o
 .debug_macro   0x00000000       0xba ./emlib/em_core.o
 .debug_macro   0x00000000       0x10 ./emlib/em_core.o
 .debug_line    0x00000000      0xad8 ./emlib/em_core.o
 .debug_str     0x00000000    0x65172 ./emlib/em_core.o
 .comment       0x00000000       0x71 ./emlib/em_core.o
 .debug_frame   0x00000000      0x238 ./emlib/em_core.o
 .ARM.attributes
                0x00000000       0x32 ./emlib/em_core.o
 .group         0x00000000        0x8 ./emlib/em_emu.o
 .group         0x00000000        0x8 ./emlib/em_emu.o
 .group         0x00000000        0x8 ./emlib/em_emu.o
 .group         0x00000000        0x8 ./emlib/em_emu.o
 .group         0x00000000        0x8 ./emlib/em_emu.o
 .group         0x00000000        0x8 ./emlib/em_emu.o
 .group         0x00000000        0x8 ./emlib/em_emu.o
 .group         0x00000000        0x8 ./emlib/em_emu.o
 .group         0x00000000        0x8 ./emlib/em_emu.o
 .group         0x00000000        0x8 ./emlib/em_emu.o
 .group         0x00000000        0x8 ./emlib/em_emu.o
 .group         0x00000000        0x8 ./emlib/em_emu.o
 .group         0x00000000        0x8 ./emlib/em_emu.o
 .group         0x00000000        0x8 ./emlib/em_emu.o
 .group         0x00000000        0x8 ./emlib/em_emu.o
 .group         0x00000000        0x8 ./emlib/em_emu.o
 .group         0x00000000        0x8 ./emlib/em_emu.o
 .group         0x00000000        0x8 ./emlib/em_emu.o
 .group         0x00000000        0x8 ./emlib/em_emu.o
 .group         0x00000000        0x8 ./emlib/em_emu.o
 .group         0x00000000        0x8 ./emlib/em_emu.o
 .group         0x00000000        0x8 ./emlib/em_emu.o
 .group         0x00000000        0x8 ./emlib/em_emu.o
 .group         0x00000000        0x8 ./emlib/em_emu.o
 .group         0x00000000        0x8 ./emlib/em_emu.o
 .group         0x00000000        0x8 ./emlib/em_emu.o
 .group         0x00000000        0x8 ./emlib/em_emu.o
 .group         0x00000000        0x8 ./emlib/em_emu.o
 .group         0x00000000        0x8 ./emlib/em_emu.o
 .group         0x00000000        0x8 ./emlib/em_emu.o
 .group         0x00000000        0x8 ./emlib/em_emu.o
 .group         0x00000000        0x8 ./emlib/em_emu.o
 .group         0x00000000        0x8 ./emlib/em_emu.o
 .group         0x00000000        0x8 ./emlib/em_emu.o
 .group         0x00000000        0x8 ./emlib/em_emu.o
 .group         0x00000000        0x8 ./emlib/em_emu.o
 .group         0x00000000        0x8 ./emlib/em_emu.o
 .group         0x00000000        0x8 ./emlib/em_emu.o
 .group         0x00000000        0x8 ./emlib/em_emu.o
 .group         0x00000000        0x8 ./emlib/em_emu.o
 .group         0x00000000        0x8 ./emlib/em_emu.o
 .group         0x00000000        0x8 ./emlib/em_emu.o
 .group         0x00000000        0x8 ./emlib/em_emu.o
 .group         0x00000000        0x8 ./emlib/em_emu.o
 .group         0x00000000        0x8 ./emlib/em_emu.o
 .group         0x00000000        0x8 ./emlib/em_emu.o
 .group         0x00000000        0x8 ./emlib/em_emu.o
 .group         0x00000000        0x8 ./emlib/em_emu.o
 .group         0x00000000        0x8 ./emlib/em_emu.o
 .group         0x00000000        0x8 ./emlib/em_emu.o
 .group         0x00000000        0x8 ./emlib/em_emu.o
 .group         0x00000000        0x8 ./emlib/em_emu.o
 .group         0x00000000        0x8 ./emlib/em_emu.o
 .group         0x00000000        0x8 ./emlib/em_emu.o
 .group         0x00000000        0x8 ./emlib/em_emu.o
 .group         0x00000000        0x8 ./emlib/em_emu.o
 .group         0x00000000        0x8 ./emlib/em_emu.o
 .group         0x00000000        0x8 ./emlib/em_emu.o
 .group         0x00000000        0x8 ./emlib/em_emu.o
 .group         0x00000000        0x8 ./emlib/em_emu.o
 .group         0x00000000        0x8 ./emlib/em_emu.o
 .text          0x00000000        0x0 ./emlib/em_emu.o
 .data          0x00000000        0x0 ./emlib/em_emu.o
 .bss           0x00000000        0x0 ./emlib/em_emu.o
 .ram           0x00000000        0x8 ./emlib/em_emu.o
 .text.emState.part.0
                0x00000000       0x24 ./emlib/em_emu.o
 .text.emState  0x00000000       0x8c ./emlib/em_emu.o
 .text.EMU_EnterEM2
                0x00000000       0x50 ./emlib/em_emu.o
 .text.EMU_EnterEM3
                0x00000000       0x8c ./emlib/em_emu.o
 .text.EMU_Save
                0x00000000        0x8 ./emlib/em_emu.o
 .text.EMU_Restore
                0x00000000        0xc ./emlib/em_emu.o
 .text.EMU_EnterEM4
                0x00000000       0x40 ./emlib/em_emu.o
 .text.EMU_MemPwrDown
                0x00000000        0x4 ./emlib/em_emu.o
 .text.EMU_RamPowerDown
                0x00000000        0x4 ./emlib/em_emu.o
 .text.EMU_RamPowerUp
                0x00000000        0x4 ./emlib/em_emu.o
 .text.EMU_UpdateOscConfig
                0x00000000        0x8 ./emlib/em_emu.o
 .text.EMU_EM23Init
                0x00000000       0x24 ./emlib/em_emu.o
 .bss.cmuStatus.8279
                0x00000000        0x4 ./emlib/em_emu.o
 .bss.hfClock.8280
                0x00000000        0x1 ./emlib/em_emu.o
 .debug_info    0x00000000      0xc3e ./emlib/em_emu.o
 .debug_abbrev  0x00000000      0x307 ./emlib/em_emu.o
 .debug_loc     0x00000000      0x34f ./emlib/em_emu.o
 .debug_aranges
                0x00000000       0x80 ./emlib/em_emu.o
 .debug_ranges  0x00000000       0xf8 ./emlib/em_emu.o
 .debug_macro   0x00000000      0x371 ./emlib/em_emu.o
 .debug_macro   0x00000000      0x82c ./emlib/em_emu.o
 .debug_macro   0x00000000       0x58 ./emlib/em_emu.o
 .debug_macro   0x00000000       0x25 ./emlib/em_emu.o
 .debug_macro   0x00000000       0xee ./emlib/em_emu.o
 .debug_macro   0x00000000      0x2fc ./emlib/em_emu.o
 .debug_macro   0x00000000       0x12 ./emlib/em_emu.o
 .debug_macro   0x00000000       0x22 ./emlib/em_emu.o
 .debug_macro   0x00000000       0x44 ./emlib/em_emu.o
 .debug_macro   0x00000000       0xe3 ./emlib/em_emu.o
 .debug_macro   0x00000000       0x22 ./emlib/em_emu.o
 .debug_macro   0x00000000      0x1df ./emlib/em_emu.o
 .debug_macro   0x00000000       0x1c ./emlib/em_emu.o
 .debug_macro   0x00000000       0x22 ./emlib/em_emu.o
 .debug_macro   0x00000000       0xb5 ./emlib/em_emu.o
 .debug_macro   0x00000000       0x12 ./emlib/em_emu.o
 .debug_macro   0x00000000       0x35 ./emlib/em_emu.o
 .debug_macro   0x00000000       0x9c ./emlib/em_emu.o
 .debug_macro   0x00000000      0x166 ./emlib/em_emu.o
 .debug_macro   0x00000000       0x52 ./emlib/em_emu.o
 .debug_macro   0x00000000       0x16 ./emlib/em_emu.o
 .debug_macro   0x00000000       0x43 ./emlib/em_emu.o
 .debug_macro   0x00000000      0x180 ./emlib/em_emu.o
 .debug_macro   0x00000000      0x297 ./emlib/em_emu.o
 .debug_macro   0x00000000       0x10 ./emlib/em_emu.o
 .debug_macro   0x00000000       0x35 ./emlib/em_emu.o
 .debug_macro   0x00000000       0xde ./emlib/em_emu.o
 .debug_macro   0x00000000       0xe4 ./emlib/em_emu.o
 .debug_macro   0x00000000      0x37c ./emlib/em_emu.o
 .debug_macro   0x00000000      0x2b2 ./emlib/em_emu.o
 .debug_macro   0x00000000     0x14a7 ./emlib/em_emu.o
 .debug_macro   0x00000000      0x82f ./emlib/em_emu.o
 .debug_macro   0x00000000       0xfa ./emlib/em_emu.o
 .debug_macro   0x00000000      0x1b5 ./emlib/em_emu.o
 .debug_macro   0x00000000     0x16b0 ./emlib/em_emu.o
 .debug_macro   0x00000000      0x6cc ./emlib/em_emu.o
 .debug_macro   0x00000000     0x1bdc ./emlib/em_emu.o
 .debug_macro   0x00000000      0x22b ./emlib/em_emu.o
 .debug_macro   0x00000000     0x1c0b ./emlib/em_emu.o
 .debug_macro   0x00000000      0x33f ./emlib/em_emu.o
 .debug_macro   0x00000000      0xf1e ./emlib/em_emu.o
 .debug_macro   0x00000000      0xf9c ./emlib/em_emu.o
 .debug_macro   0x00000000      0xa5d ./emlib/em_emu.o
 .debug_macro   0x00000000     0x106c ./emlib/em_emu.o
 .debug_macro   0x00000000      0x381 ./emlib/em_emu.o
 .debug_macro   0x00000000      0x1cb ./emlib/em_emu.o
 .debug_macro   0x00000000      0x166 ./emlib/em_emu.o
 .debug_macro   0x00000000      0x258 ./emlib/em_emu.o
 .debug_macro   0x00000000       0x40 ./emlib/em_emu.o
 .debug_macro   0x00000000      0x2b9 ./emlib/em_emu.o
 .debug_macro   0x00000000       0xc4 ./emlib/em_emu.o
 .debug_macro   0x00000000      0x254 ./emlib/em_emu.o
 .debug_macro   0x00000000     0x22e8 ./emlib/em_emu.o
 .debug_macro   0x00000000      0x100 ./emlib/em_emu.o
 .debug_macro   0x00000000      0x100 ./emlib/em_emu.o
 .debug_macro   0x00000000       0x22 ./emlib/em_emu.o
 .debug_macro   0x00000000       0x10 ./emlib/em_emu.o
 .debug_macro   0x00000000       0xbf ./emlib/em_emu.o
 .debug_macro   0x00000000      0x2f8 ./emlib/em_emu.o
 .debug_macro   0x00000000       0x69 ./emlib/em_emu.o
 .debug_macro   0x00000000       0xba ./emlib/em_emu.o
 .debug_macro   0x00000000       0x34 ./emlib/em_emu.o
 .debug_line    0x00000000      0xa77 ./emlib/em_emu.o
 .debug_str     0x00000000    0x66864 ./emlib/em_emu.o
 .comment       0x00000000       0x71 ./emlib/em_emu.o
 .debug_frame   0x00000000      0x124 ./emlib/em_emu.o
 .ARM.attributes
                0x00000000       0x32 ./emlib/em_emu.o
 .group         0x00000000        0x8 ./emlib/em_gpio.o
 .group         0x00000000        0x8 ./emlib/em_gpio.o
 .group         0x00000000        0x8 ./emlib/em_gpio.o
 .group         0x00000000        0x8 ./emlib/em_gpio.o
 .group         0x00000000        0x8 ./emlib/em_gpio.o
 .group         0x00000000        0x8 ./emlib/em_gpio.o
 .group         0x00000000        0x8 ./emlib/em_gpio.o
 .group         0x00000000        0x8 ./emlib/em_gpio.o
 .group         0x00000000        0x8 ./emlib/em_gpio.o
 .group         0x00000000        0x8 ./emlib/em_gpio.o
 .group         0x00000000        0x8 ./emlib/em_gpio.o
 .group         0x00000000        0x8 ./emlib/em_gpio.o
 .group         0x00000000        0x8 ./emlib/em_gpio.o
 .group         0x00000000        0x8 ./emlib/em_gpio.o
 .group         0x00000000        0x8 ./emlib/em_gpio.o
 .group         0x00000000        0x8 ./emlib/em_gpio.o
 .group         0x00000000        0x8 ./emlib/em_gpio.o
 .group         0x00000000        0x8 ./emlib/em_gpio.o
 .group         0x00000000        0x8 ./emlib/em_gpio.o
 .group         0x00000000        0x8 ./emlib/em_gpio.o
 .group         0x00000000        0x8 ./emlib/em_gpio.o
 .group         0x00000000        0x8 ./emlib/em_gpio.o
 .group         0x00000000        0x8 ./emlib/em_gpio.o
 .group         0x00000000        0x8 ./emlib/em_gpio.o
 .group         0x00000000        0x8 ./emlib/em_gpio.o
 .group         0x00000000        0x8 ./emlib/em_gpio.o
 .group         0x00000000        0x8 ./emlib/em_gpio.o
 .group         0x00000000        0x8 ./emlib/em_gpio.o
 .group         0x00000000        0x8 ./emlib/em_gpio.o
 .group         0x00000000        0x8 ./emlib/em_gpio.o
 .group         0x00000000        0x8 ./emlib/em_gpio.o
 .group         0x00000000        0x8 ./emlib/em_gpio.o
 .group         0x00000000        0x8 ./emlib/em_gpio.o
 .group         0x00000000        0x8 ./emlib/em_gpio.o
 .group         0x00000000        0x8 ./emlib/em_gpio.o
 .group         0x00000000        0x8 ./emlib/em_gpio.o
 .group         0x00000000        0x8 ./emlib/em_gpio.o
 .group         0x00000000        0x8 ./emlib/em_gpio.o
 .group         0x00000000        0x8 ./emlib/em_gpio.o
 .group         0x00000000        0x8 ./emlib/em_gpio.o
 .group         0x00000000        0x8 ./emlib/em_gpio.o
 .group         0x00000000        0x8 ./emlib/em_gpio.o
 .group         0x00000000        0x8 ./emlib/em_gpio.o
 .group         0x00000000        0x8 ./emlib/em_gpio.o
 .group         0x00000000        0x8 ./emlib/em_gpio.o
 .group         0x00000000        0x8 ./emlib/em_gpio.o
 .group         0x00000000        0x8 ./emlib/em_gpio.o
 .group         0x00000000        0x8 ./emlib/em_gpio.o
 .group         0x00000000        0x8 ./emlib/em_gpio.o
 .group         0x00000000        0x8 ./emlib/em_gpio.o
 .group         0x00000000        0x8 ./emlib/em_gpio.o
 .group         0x00000000        0x8 ./emlib/em_gpio.o
 .group         0x00000000        0x8 ./emlib/em_gpio.o
 .group         0x00000000        0x8 ./emlib/em_gpio.o
 .group         0x00000000        0x8 ./emlib/em_gpio.o
 .text          0x00000000        0x0 ./emlib/em_gpio.o
 .data          0x00000000        0x0 ./emlib/em_gpio.o
 .bss           0x00000000        0x0 ./emlib/em_gpio.o
 .text.GPIO_DbgLocationSet
                0x00000000        0x4 ./emlib/em_gpio.o
 .text.GPIO_DriveModeSet
                0x00000000       0x38 ./emlib/em_gpio.o
 .text.GPIO_ExtIntConfig
                0x00000000       0xe4 ./emlib/em_gpio.o
 .text.GPIO_PinModeGet
                0x00000000       0x9c ./emlib/em_gpio.o
 .text.GPIO_EM4EnablePinWakeup
                0x00000000       0x6c ./emlib/em_gpio.o
 .debug_macro   0x00000000      0x82c ./emlib/em_gpio.o
 .debug_macro   0x00000000      0x2fc ./emlib/em_gpio.o
 .debug_macro   0x00000000       0x12 ./emlib/em_gpio.o
 .debug_macro   0x00000000       0x22 ./emlib/em_gpio.o
 .debug_macro   0x00000000       0x44 ./emlib/em_gpio.o
 .debug_macro   0x00000000       0xe3 ./emlib/em_gpio.o
 .debug_macro   0x00000000       0x22 ./emlib/em_gpio.o
 .debug_macro   0x00000000      0x1df ./emlib/em_gpio.o
 .debug_macro   0x00000000       0x1c ./emlib/em_gpio.o
 .debug_macro   0x00000000       0x22 ./emlib/em_gpio.o
 .debug_macro   0x00000000       0xb5 ./emlib/em_gpio.o
 .debug_macro   0x00000000       0x12 ./emlib/em_gpio.o
 .debug_macro   0x00000000       0x58 ./emlib/em_gpio.o
 .debug_macro   0x00000000       0x35 ./emlib/em_gpio.o
 .debug_macro   0x00000000       0x9c ./emlib/em_gpio.o
 .debug_macro   0x00000000      0x166 ./emlib/em_gpio.o
 .debug_macro   0x00000000       0x52 ./emlib/em_gpio.o
 .debug_macro   0x00000000       0x16 ./emlib/em_gpio.o
 .debug_macro   0x00000000       0x43 ./emlib/em_gpio.o
 .debug_macro   0x00000000      0x180 ./emlib/em_gpio.o
 .debug_macro   0x00000000      0x297 ./emlib/em_gpio.o
 .debug_macro   0x00000000       0x10 ./emlib/em_gpio.o
 .debug_macro   0x00000000       0x35 ./emlib/em_gpio.o
 .debug_macro   0x00000000       0xde ./emlib/em_gpio.o
 .debug_macro   0x00000000       0xe4 ./emlib/em_gpio.o
 .debug_macro   0x00000000      0x37c ./emlib/em_gpio.o
 .debug_macro   0x00000000      0x2b2 ./emlib/em_gpio.o
 .debug_macro   0x00000000     0x14a7 ./emlib/em_gpio.o
 .debug_macro   0x00000000      0x82f ./emlib/em_gpio.o
 .debug_macro   0x00000000       0xfa ./emlib/em_gpio.o
 .debug_macro   0x00000000      0x1b5 ./emlib/em_gpio.o
 .debug_macro   0x00000000     0x16b0 ./emlib/em_gpio.o
 .debug_macro   0x00000000      0x6cc ./emlib/em_gpio.o
 .debug_macro   0x00000000     0x1bdc ./emlib/em_gpio.o
 .debug_macro   0x00000000      0x22b ./emlib/em_gpio.o
 .debug_macro   0x00000000     0x1c0b ./emlib/em_gpio.o
 .debug_macro   0x00000000      0x33f ./emlib/em_gpio.o
 .debug_macro   0x00000000      0xf1e ./emlib/em_gpio.o
 .debug_macro   0x00000000      0xf9c ./emlib/em_gpio.o
 .debug_macro   0x00000000      0xa5d ./emlib/em_gpio.o
 .debug_macro   0x00000000     0x106c ./emlib/em_gpio.o
 .debug_macro   0x00000000      0x381 ./emlib/em_gpio.o
 .debug_macro   0x00000000      0x1cb ./emlib/em_gpio.o
 .debug_macro   0x00000000      0x166 ./emlib/em_gpio.o
 .debug_macro   0x00000000      0x258 ./emlib/em_gpio.o
 .debug_macro   0x00000000       0x40 ./emlib/em_gpio.o
 .debug_macro   0x00000000      0x2b9 ./emlib/em_gpio.o
 .debug_macro   0x00000000       0xc4 ./emlib/em_gpio.o
 .debug_macro   0x00000000      0x254 ./emlib/em_gpio.o
 .debug_macro   0x00000000     0x22e8 ./emlib/em_gpio.o
 .debug_macro   0x00000000      0x100 ./emlib/em_gpio.o
 .debug_macro   0x00000000      0x100 ./emlib/em_gpio.o
 .debug_macro   0x00000000       0x22 ./emlib/em_gpio.o
 .debug_macro   0x00000000       0x10 ./emlib/em_gpio.o
 .debug_macro   0x00000000       0xb9 ./emlib/em_gpio.o
 .data          0x00000000        0x0 ./CMSIS/EFM32HG/startup_efm32hg.o
 .bss           0x00000000        0x0 ./CMSIS/EFM32HG/startup_efm32hg.o
 .group         0x00000000        0x8 ./CMSIS/EFM32HG/system_efm32hg.o
 .group         0x00000000        0x8 ./CMSIS/EFM32HG/system_efm32hg.o
 .group         0x00000000        0x8 ./CMSIS/EFM32HG/system_efm32hg.o
 .group         0x00000000        0x8 ./CMSIS/EFM32HG/system_efm32hg.o
 .group         0x00000000        0x8 ./CMSIS/EFM32HG/system_efm32hg.o
 .group         0x00000000        0x8 ./CMSIS/EFM32HG/system_efm32hg.o
 .group         0x00000000        0x8 ./CMSIS/EFM32HG/system_efm32hg.o
 .group         0x00000000        0x8 ./CMSIS/EFM32HG/system_efm32hg.o
 .group         0x00000000        0x8 ./CMSIS/EFM32HG/system_efm32hg.o
 .group         0x00000000        0x8 ./CMSIS/EFM32HG/system_efm32hg.o
 .group         0x00000000        0x8 ./CMSIS/EFM32HG/system_efm32hg.o
 .group         0x00000000        0x8 ./CMSIS/EFM32HG/system_efm32hg.o
 .group         0x00000000        0x8 ./CMSIS/EFM32HG/system_efm32hg.o
 .group         0x00000000        0x8 ./CMSIS/EFM32HG/system_efm32hg.o
 .group         0x00000000        0x8 ./CMSIS/EFM32HG/system_efm32hg.o
 .group         0x00000000        0x8 ./CMSIS/EFM32HG/system_efm32hg.o
 .group         0x00000000        0x8 ./CMSIS/EFM32HG/system_efm32hg.o
 .group         0x00000000        0x8 ./CMSIS/EFM32HG/system_efm32hg.o
 .group         0x00000000        0x8 ./CMSIS/EFM32HG/system_efm32hg.o
 .group         0x00000000        0x8 ./CMSIS/EFM32HG/system_efm32hg.o
 .group         0x00000000        0x8 ./CMSIS/EFM32HG/system_efm32hg.o
 .group         0x00000000        0x8 ./CMSIS/EFM32HG/system_efm32hg.o
 .group         0x00000000        0x8 ./CMSIS/EFM32HG/system_efm32hg.o
 .group         0x00000000        0x8 ./CMSIS/EFM32HG/system_efm32hg.o
 .group         0x00000000        0x8 ./CMSIS/EFM32HG/system_efm32hg.o
 .group         0x00000000        0x8 ./CMSIS/EFM32HG/system_efm32hg.o
 .group         0x00000000        0x8 ./CMSIS/EFM32HG/system_efm32hg.o
 .group         0x00000000        0x8 ./CMSIS/EFM32HG/system_efm32hg.o
 .group         0x00000000        0x8 ./CMSIS/EFM32HG/system_efm32hg.o
 .group         0x00000000        0x8 ./CMSIS/EFM32HG/system_efm32hg.o
 .group         0x00000000        0x8 ./CMSIS/EFM32HG/system_efm32hg.o
 .group         0x00000000        0x8 ./CMSIS/EFM32HG/system_efm32hg.o
 .group         0x00000000        0x8 ./CMSIS/EFM32HG/system_efm32hg.o
 .group         0x00000000        0x8 ./CMSIS/EFM32HG/system_efm32hg.o
 .group         0x00000000        0x8 ./CMSIS/EFM32HG/system_efm32hg.o
 .group         0x00000000        0x8 ./CMSIS/EFM32HG/system_efm32hg.o
 .group         0x00000000        0x8 ./CMSIS/EFM32HG/system_efm32hg.o
 .group         0x00000000        0x8 ./CMSIS/EFM32HG/system_efm32hg.o
 .group         0x00000000        0x8 ./CMSIS/EFM32HG/system_efm32hg.o
 .group         0x00000000        0x8 ./CMSIS/EFM32HG/system_efm32hg.o
 .group         0x00000000        0x8 ./CMSIS/EFM32HG/system_efm32hg.o
 .group         0x00000000        0x8 ./CMSIS/EFM32HG/system_efm32hg.o
 .group         0x00000000        0x8 ./CMSIS/EFM32HG/system_efm32hg.o
 .group         0x00000000        0x8 ./CMSIS/EFM32HG/system_efm32hg.o
 .group         0x00000000        0x8 ./CMSIS/EFM32HG/system_efm32hg.o
 .group         0x00000000        0x8 ./CMSIS/EFM32HG/system_efm32hg.o
 .group         0x00000000        0x8 ./CMSIS/EFM32HG/system_efm32hg.o
 .group         0x00000000        0x8 ./CMSIS/EFM32HG/system_efm32hg.o
 .group         0x00000000        0x8 ./CMSIS/EFM32HG/system_efm32hg.o
 .group         0x00000000        0x8 ./CMSIS/EFM32HG/system_efm32hg.o
 .group         0x00000000        0x8 ./CMSIS/EFM32HG/system_efm32hg.o
 .group         0x00000000        0x8 ./CMSIS/EFM32HG/system_efm32hg.o
 .text          0x00000000        0x0 ./CMSIS/EFM32HG/system_efm32hg.o
 .data          0x00000000        0x0 ./CMSIS/EFM32HG/system_efm32hg.o
 .bss           0x00000000        0x0 ./CMSIS/EFM32HG/system_efm32hg.o
 .text.SystemMaxCoreClockGet
                0x00000000        0x8 ./CMSIS/EFM32HG/system_efm32hg.o
 .text.SystemHFXOClockGet
                0x00000000        0xc ./CMSIS/EFM32HG/system_efm32hg.o
 .text.SystemHFXOClockSet
                0x00000000       0x2c ./CMSIS/EFM32HG/system_efm32hg.o
 .text.SystemLFXOClockSet
                0x00000000       0x2c ./CMSIS/EFM32HG/system_efm32hg.o
 .debug_macro   0x00000000      0x82c ./CMSIS/EFM32HG/system_efm32hg.o
 .debug_macro   0x00000000       0x22 ./CMSIS/EFM32HG/system_efm32hg.o
 .debug_macro   0x00000000       0x44 ./CMSIS/EFM32HG/system_efm32hg.o
 .debug_macro   0x00000000       0xe3 ./CMSIS/EFM32HG/system_efm32hg.o
 .debug_macro   0x00000000       0x22 ./CMSIS/EFM32HG/system_efm32hg.o
 .debug_macro   0x00000000      0x1df ./CMSIS/EFM32HG/system_efm32hg.o
 .debug_macro   0x00000000      0x2fc ./CMSIS/EFM32HG/system_efm32hg.o
 .debug_macro   0x00000000       0x12 ./CMSIS/EFM32HG/system_efm32hg.o
 .debug_macro   0x00000000       0x1c ./CMSIS/EFM32HG/system_efm32hg.o
 .debug_macro   0x00000000       0x22 ./CMSIS/EFM32HG/system_efm32hg.o
 .debug_macro   0x00000000       0xb5 ./CMSIS/EFM32HG/system_efm32hg.o
 .debug_macro   0x00000000       0x12 ./CMSIS/EFM32HG/system_efm32hg.o
 .debug_macro   0x00000000       0x58 ./CMSIS/EFM32HG/system_efm32hg.o
 .debug_macro   0x00000000       0x35 ./CMSIS/EFM32HG/system_efm32hg.o
 .debug_macro   0x00000000       0x9c ./CMSIS/EFM32HG/system_efm32hg.o
 .debug_macro   0x00000000      0x166 ./CMSIS/EFM32HG/system_efm32hg.o
 .debug_macro   0x00000000       0x52 ./CMSIS/EFM32HG/system_efm32hg.o
 .debug_macro   0x00000000       0x16 ./CMSIS/EFM32HG/system_efm32hg.o
 .debug_macro   0x00000000       0x43 ./CMSIS/EFM32HG/system_efm32hg.o
 .debug_macro   0x00000000      0x180 ./CMSIS/EFM32HG/system_efm32hg.o
 .debug_macro   0x00000000      0x297 ./CMSIS/EFM32HG/system_efm32hg.o
 .debug_macro   0x00000000       0x10 ./CMSIS/EFM32HG/system_efm32hg.o
 .debug_macro   0x00000000       0x35 ./CMSIS/EFM32HG/system_efm32hg.o
 .debug_macro   0x00000000       0xde ./CMSIS/EFM32HG/system_efm32hg.o
 .debug_macro   0x00000000       0xe4 ./CMSIS/EFM32HG/system_efm32hg.o
 .debug_macro   0x00000000      0x37c ./CMSIS/EFM32HG/system_efm32hg.o
 .debug_macro   0x00000000      0x2b2 ./CMSIS/EFM32HG/system_efm32hg.o
 .debug_macro   0x00000000     0x14a7 ./CMSIS/EFM32HG/system_efm32hg.o
 .debug_macro   0x00000000      0x82f ./CMSIS/EFM32HG/system_efm32hg.o
 .debug_macro   0x00000000       0xfa ./CMSIS/EFM32HG/system_efm32hg.o
 .debug_macro   0x00000000      0x1b5 ./CMSIS/EFM32HG/system_efm32hg.o
 .debug_macro   0x00000000     0x16b0 ./CMSIS/EFM32HG/system_efm32hg.o
 .debug_macro   0x00000000      0x6cc ./CMSIS/EFM32HG/system_efm32hg.o
 .debug_macro   0x00000000     0x1bdc ./CMSIS/EFM32HG/system_efm32hg.o
 .debug_macro   0x00000000      0x22b ./CMSIS/EFM32HG/system_efm32hg.o
 .debug_macro   0x00000000     0x1c0b ./CMSIS/EFM32HG/system_efm32hg.o
 .debug_macro   0x00000000      0x33f ./CMSIS/EFM32HG/system_efm32hg.o
 .debug_macro   0x00000000      0xf1e ./CMSIS/EFM32HG/system_efm32hg.o
 .debug_macro   0x00000000      0xf9c ./CMSIS/EFM32HG/system_efm32hg.o
 .debug_macro   0x00000000      0xa5d ./CMSIS/EFM32HG/system_efm32hg.o
 .debug_macro   0x00000000     0x106c ./CMSIS/EFM32HG/system_efm32hg.o
 .debug_macro   0x00000000      0x381 ./CMSIS/EFM32HG/system_efm32hg.o
 .debug_macro   0x00000000      0x1cb ./CMSIS/EFM32HG/system_efm32hg.o
 .debug_macro   0x00000000      0x166 ./CMSIS/EFM32HG/system_efm32hg.o
 .debug_macro   0x00000000      0x258 ./CMSIS/EFM32HG/system_efm32hg.o
 .debug_macro   0x00000000       0x40 ./CMSIS/EFM32HG/system_efm32hg.o
 .debug_macro   0x00000000      0x2b9 ./CMSIS/EFM32HG/system_efm32hg.o
 .debug_macro   0x00000000       0xc4 ./CMSIS/EFM32HG/system_efm32hg.o
 .debug_macro   0x00000000      0x254 ./CMSIS/EFM32HG/system_efm32hg.o
 .debug_macro   0x00000000     0x22e8 ./CMSIS/EFM32HG/system_efm32hg.o
 .debug_macro   0x00000000      0x100 ./CMSIS/EFM32HG/system_efm32hg.o
 .debug_macro   0x00000000      0x100 ./CMSIS/EFM32HG/system_efm32hg.o
 .data          0x00000000        0x0 /home/brecht/Programs/SimplicityStudio_v4/developer/toolchains/gnu_arm/4.9_2015q3/bin/../lib/gcc/arm-none-eabi/4.9.3/armv6-m/libgcc.a(_udivsi3.o)
 .bss           0x00000000        0x0 /home/brecht/Programs/SimplicityStudio_v4/developer/toolchains/gnu_arm/4.9_2015q3/bin/../lib/gcc/arm-none-eabi/4.9.3/armv6-m/libgcc.a(_udivsi3.o)
 .data          0x00000000        0x0 /home/brecht/Programs/SimplicityStudio_v4/developer/toolchains/gnu_arm/4.9_2015q3/bin/../lib/gcc/arm-none-eabi/4.9.3/armv6-m/libgcc.a(_dvmd_tls.o)
 .bss           0x00000000        0x0 /home/brecht/Programs/SimplicityStudio_v4/developer/toolchains/gnu_arm/4.9_2015q3/bin/../lib/gcc/arm-none-eabi/4.9.3/armv6-m/libgcc.a(_dvmd_tls.o)
 .text          0x00000000       0x3c /home/brecht/Programs/SimplicityStudio_v4/developer/toolchains/gnu_arm/4.9_2015q3/bin/../lib/gcc/arm-none-eabi/4.9.3/armv6-m/libgcc.a(_clzsi2.o)
 .data          0x00000000        0x0 /home/brecht/Programs/SimplicityStudio_v4/developer/toolchains/gnu_arm/4.9_2015q3/bin/../lib/gcc/arm-none-eabi/4.9.3/armv6-m/libgcc.a(_clzsi2.o)
 .bss           0x00000000        0x0 /home/brecht/Programs/SimplicityStudio_v4/developer/toolchains/gnu_arm/4.9_2015q3/bin/../lib/gcc/arm-none-eabi/4.9.3/armv6-m/libgcc.a(_clzsi2.o)
 .ARM.attributes
                0x00000000       0x1e /home/brecht/Programs/SimplicityStudio_v4/developer/toolchains/gnu_arm/4.9_2015q3/bin/../lib/gcc/arm-none-eabi/4.9.3/armv6-m/libgcc.a(_clzsi2.o)
 .text          0x00000000        0x0 /home/brecht/Programs/SimplicityStudio_v4/developer/toolchains/gnu_arm/4.9_2015q3/bin/../lib/gcc/arm-none-eabi/4.9.3/../../../../arm-none-eabi/lib/armv6-m/libc_nano.a(lib_a-exit.o)
 .data          0x00000000        0x0 /home/brecht/Programs/SimplicityStudio_v4/developer/toolchains/gnu_arm/4.9_2015q3/bin/../lib/gcc/arm-none-eabi/4.9.3/../../../../arm-none-eabi/lib/armv6-m/libc_nano.a(lib_a-exit.o)
 .bss           0x00000000        0x0 /home/brecht/Programs/SimplicityStudio_v4/developer/toolchains/gnu_arm/4.9_2015q3/bin/../lib/gcc/arm-none-eabi/4.9.3/../../../../arm-none-eabi/lib/armv6-m/libc_nano.a(lib_a-exit.o)
 .text          0x00000000        0x0 /home/brecht/Programs/SimplicityStudio_v4/developer/toolchains/gnu_arm/4.9_2015q3/bin/../lib/gcc/arm-none-eabi/4.9.3/../../../../arm-none-eabi/lib/armv6-m/libc_nano.a(lib_a-impure.o)
 .data          0x00000000        0x0 /home/brecht/Programs/SimplicityStudio_v4/developer/toolchains/gnu_arm/4.9_2015q3/bin/../lib/gcc/arm-none-eabi/4.9.3/../../../../arm-none-eabi/lib/armv6-m/libc_nano.a(lib_a-impure.o)
 .bss           0x00000000        0x0 /home/brecht/Programs/SimplicityStudio_v4/developer/toolchains/gnu_arm/4.9_2015q3/bin/../lib/gcc/arm-none-eabi/4.9.3/../../../../arm-none-eabi/lib/armv6-m/libc_nano.a(lib_a-impure.o)
 .data._impure_ptr
                0x00000000        0x4 /home/brecht/Programs/SimplicityStudio_v4/developer/toolchains/gnu_arm/4.9_2015q3/bin/../lib/gcc/arm-none-eabi/4.9.3/../../../../arm-none-eabi/lib/armv6-m/libc_nano.a(lib_a-impure.o)
 .text          0x00000000        0x0 /home/brecht/Programs/SimplicityStudio_v4/developer/toolchains/gnu_arm/4.9_2015q3/bin/../lib/gcc/arm-none-eabi/4.9.3/../../../../arm-none-eabi/lib/armv6-m/libc_nano.a(lib_a-init.o)
 .data          0x00000000        0x0 /home/brecht/Programs/SimplicityStudio_v4/developer/toolchains/gnu_arm/4.9_2015q3/bin/../lib/gcc/arm-none-eabi/4.9.3/../../../../arm-none-eabi/lib/armv6-m/libc_nano.a(lib_a-init.o)
 .bss           0x00000000        0x0 /home/brecht/Programs/SimplicityStudio_v4/developer/toolchains/gnu_arm/4.9_2015q3/bin/../lib/gcc/arm-none-eabi/4.9.3/../../../../arm-none-eabi/lib/armv6-m/libc_nano.a(lib_a-init.o)
 .text          0x00000000        0x0 /home/brecht/Programs/SimplicityStudio_v4/developer/toolchains/gnu_arm/4.9_2015q3/bin/../lib/gcc/arm-none-eabi/4.9.3/../../../../arm-none-eabi/lib/armv6-m/libc_nano.a(lib_a-memset.o)
 .data          0x00000000        0x0 /home/brecht/Programs/SimplicityStudio_v4/developer/toolchains/gnu_arm/4.9_2015q3/bin/../lib/gcc/arm-none-eabi/4.9.3/../../../../arm-none-eabi/lib/armv6-m/libc_nano.a(lib_a-memset.o)
 .bss           0x00000000        0x0 /home/brecht/Programs/SimplicityStudio_v4/developer/toolchains/gnu_arm/4.9_2015q3/bin/../lib/gcc/arm-none-eabi/4.9.3/../../../../arm-none-eabi/lib/armv6-m/libc_nano.a(lib_a-memset.o)
 .text          0x00000000        0x0 /home/brecht/Programs/SimplicityStudio_v4/developer/toolchains/gnu_arm/4.9_2015q3/bin/../lib/gcc/arm-none-eabi/4.9.3/../../../../arm-none-eabi/lib/armv6-m/libnosys.a(_exit.o)
 .data          0x00000000        0x0 /home/brecht/Programs/SimplicityStudio_v4/developer/toolchains/gnu_arm/4.9_2015q3/bin/../lib/gcc/arm-none-eabi/4.9.3/../../../../arm-none-eabi/lib/armv6-m/libnosys.a(_exit.o)
 .bss           0x00000000        0x0 /home/brecht/Programs/SimplicityStudio_v4/developer/toolchains/gnu_arm/4.9_2015q3/bin/../lib/gcc/arm-none-eabi/4.9.3/../../../../arm-none-eabi/lib/armv6-m/libnosys.a(_exit.o)
 .text          0x00000000        0x0 /home/brecht/Programs/SimplicityStudio_v4/developer/toolchains/gnu_arm/4.9_2015q3/bin/../lib/gcc/arm-none-eabi/4.9.3/armv6-m/crtend.o
 .data          0x00000000        0x0 /home/brecht/Programs/SimplicityStudio_v4/developer/toolchains/gnu_arm/4.9_2015q3/bin/../lib/gcc/arm-none-eabi/4.9.3/armv6-m/crtend.o
 .bss           0x00000000        0x0 /home/brecht/Programs/SimplicityStudio_v4/developer/toolchains/gnu_arm/4.9_2015q3/bin/../lib/gcc/arm-none-eabi/4.9.3/armv6-m/crtend.o
 .text          0x00000000        0x0 /home/brecht/Programs/SimplicityStudio_v4/developer/toolchains/gnu_arm/4.9_2015q3/bin/../lib/gcc/arm-none-eabi/4.9.3/armv6-m/crtn.o
 .data          0x00000000        0x0 /home/brecht/Programs/SimplicityStudio_v4/developer/toolchains/gnu_arm/4.9_2015q3/bin/../lib/gcc/arm-none-eabi/4.9.3/armv6-m/crtn.o
 .bss           0x00000000        0x0 /home/brecht/Programs/SimplicityStudio_v4/developer/toolchains/gnu_arm/4.9_2015q3/bin/../lib/gcc/arm-none-eabi/4.9.3/armv6-m/crtn.o

Memory Configuration

Name             Origin             Length             Attributes
FLASH            0x00000000         0x00010000         xr
RAM              0x20000000         0x00002000         xrw
*default*        0x00000000         0xffffffff

Linker script and memory map

LOAD /home/brecht/Programs/SimplicityStudio_v4/developer/toolchains/gnu_arm/4.9_2015q3/bin/../lib/gcc/arm-none-eabi/4.9.3/armv6-m/crti.o
LOAD /home/brecht/Programs/SimplicityStudio_v4/developer/toolchains/gnu_arm/4.9_2015q3/bin/../lib/gcc/arm-none-eabi/4.9.3/armv6-m/crtbegin.o
LOAD /home/brecht/Programs/SimplicityStudio_v4/developer/toolchains/gnu_arm/4.9_2015q3/bin/../lib/gcc/arm-none-eabi/4.9.3/../../../../arm-none-eabi/lib/armv6-m/crt0.o
LOAD ./src/blink.o
LOAD ./emlib/em_assert.o
LOAD ./emlib/em_cmu.o
LOAD ./emlib/em_core.o
LOAD ./emlib/em_emu.o
LOAD ./emlib/em_gpio.o
LOAD ./CMSIS/EFM32HG/startup_efm32hg.o
LOAD ./CMSIS/EFM32HG/system_efm32hg.o
START GROUP
LOAD /home/brecht/Programs/SimplicityStudio_v4/developer/toolchains/gnu_arm/4.9_2015q3/bin/../lib/gcc/arm-none-eabi/4.9.3/armv6-m/libgcc.a
LOAD /home/brecht/Programs/SimplicityStudio_v4/developer/toolchains/gnu_arm/4.9_2015q3/bin/../lib/gcc/arm-none-eabi/4.9.3/../../../../arm-none-eabi/lib/armv6-m/libc_nano.a
LOAD /home/brecht/Programs/SimplicityStudio_v4/developer/toolchains/gnu_arm/4.9_2015q3/bin/../lib/gcc/arm-none-eabi/4.9.3/../../../../arm-none-eabi/lib/armv6-m/libnosys.a
END GROUP
START GROUP
LOAD /home/brecht/Programs/SimplicityStudio_v4/developer/toolchains/gnu_arm/4.9_2015q3/bin/../lib/gcc/arm-none-eabi/4.9.3/armv6-m/libgcc.a
LOAD /home/brecht/Programs/SimplicityStudio_v4/developer/toolchains/gnu_arm/4.9_2015q3/bin/../lib/gcc/arm-none-eabi/4.9.3/../../../../arm-none-eabi/lib/armv6-m/libg_nano.a
LOAD /home/brecht/Programs/SimplicityStudio_v4/developer/toolchains/gnu_arm/4.9_2015q3/bin/../lib/gcc/arm-none-eabi/4.9.3/../../../../arm-none-eabi/lib/armv6-m/libc_nano.a
END GROUP
START GROUP
LOAD /home/brecht/Programs/SimplicityStudio_v4/developer/toolchains/gnu_arm/4.9_2015q3/bin/../lib/gcc/arm-none-eabi/4.9.3/armv6-m/libgcc.a
LOAD /home/brecht/Programs/SimplicityStudio_v4/developer/toolchains/gnu_arm/4.9_2015q3/bin/../lib/gcc/arm-none-eabi/4.9.3/../../../../arm-none-eabi/lib/armv6-m/libc_nano.a
END GROUP
LOAD /home/brecht/Programs/SimplicityStudio_v4/developer/toolchains/gnu_arm/4.9_2015q3/bin/../lib/gcc/arm-none-eabi/4.9.3/armv6-m/crtend.o
LOAD /home/brecht/Programs/SimplicityStudio_v4/developer/toolchains/gnu_arm/4.9_2015q3/bin/../lib/gcc/arm-none-eabi/4.9.3/armv6-m/crtn.o

.text           0x00000000      0xd70
 *(.vectors)
 .vectors       0x00000000       0x94 ./CMSIS/EFM32HG/startup_efm32hg.o
                0x00000000                __Vectors
                0x00000094                __Vectors_End = .
                0x00000094                __Vectors_Size = (__Vectors_End - __Vectors)
                0x00000094                __end__ = .
 *(.text*)
 .text          0x00000094       0x60 /home/brecht/Programs/SimplicityStudio_v4/developer/toolchains/gnu_arm/4.9_2015q3/bin/../lib/gcc/arm-none-eabi/4.9.3/armv6-m/crtbegin.o
 .text          0x000000f4       0x78 /home/brecht/Programs/SimplicityStudio_v4/developer/toolchains/gnu_arm/4.9_2015q3/bin/../lib/gcc/arm-none-eabi/4.9.3/../../../../arm-none-eabi/lib/armv6-m/crt0.o
                0x000000f4                _mainCRTStartup
                0x000000f4                _start
 .text.SysTick_Handler
                0x0000016c       0x10 ./src/blink.o
                0x0000016c                SysTick_Handler
 .text.startup.main
                0x0000017c       0xd4 ./src/blink.o
                0x0000017c                main
 .text.assertEFM
                0x00000250        0x4 ./emlib/em_assert.o
                0x00000250                assertEFM
 .text.auxClkGet
                0x00000254       0x94 ./emlib/em_cmu.o
 .text.CMU_ClockEnable
                0x000002e8       0x9c ./emlib/em_cmu.o
                0x000002e8                CMU_ClockEnable
 .text.CMU_ClockSelectGet
                0x00000384       0xcc ./emlib/em_cmu.o
                0x00000384                CMU_ClockSelectGet
 .text.lfClkGet
                0x00000450       0xec ./emlib/em_cmu.o
 .text.CMU_ClockFreqGet
                0x0000053c       0xec ./emlib/em_cmu.o
                0x0000053c                CMU_ClockFreqGet
 .text.GPIO_PinModeSet
                0x00000628      0x240 ./emlib/em_gpio.o
                0x00000628                GPIO_PinModeSet
 .text          0x00000868       0x30 ./CMSIS/EFM32HG/startup_efm32hg.o
                0x00000868                Reset_Handler
                0x00000894                TIMER2_IRQHandler
                0x00000894                USART0_TX_IRQHandler
                0x00000894                I2C0_IRQHandler
                0x00000894                HardFault_Handler
                0x00000894                USART1_RX_IRQHandler
                0x00000894                PendSV_Handler
                0x00000894                NMI_Handler
                0x00000894                USART1_TX_IRQHandler
                0x00000894                MSC_IRQHandler
                0x00000894                ADC0_IRQHandler
                0x00000894                LEUART0_IRQHandler
                0x00000894                GPIO_EVEN_IRQHandler
                0x00000894                RTC_IRQHandler
                0x00000894                TIMER0_IRQHandler
                0x00000894                TIMER1_IRQHandler
                0x00000894                Default_Handler
                0x00000894                PCNT0_IRQHandler
                0x00000894                USB_IRQHandler
                0x00000894                ACMP0_IRQHandler
                0x00000894                USART0_RX_IRQHandler
                0x00000894                SVC_Handler
                0x00000894                CMU_IRQHandler
                0x00000894                GPIO_ODD_IRQHandler
                0x00000894                AES_IRQHandler
                0x00000894                VCMP_IRQHandler
                0x00000894                DMA_IRQHandler
 .text.SystemHFClockGet
                0x00000898       0xc0 ./CMSIS/EFM32HG/system_efm32hg.o
                0x00000898                SystemHFClockGet
 .text.SystemCoreClockGet
                0x00000958       0x20 ./CMSIS/EFM32HG/system_efm32hg.o
                0x00000958                SystemCoreClockGet
 .text.SystemInit
                0x00000978       0x10 ./CMSIS/EFM32HG/system_efm32hg.o
                0x00000978                SystemInit
 .text.SystemLFRCOClockGet
                0x00000988        0x8 ./CMSIS/EFM32HG/system_efm32hg.o
                0x00000988                SystemLFRCOClockGet
 .text.SystemULFRCOClockGet
                0x00000990        0x8 ./CMSIS/EFM32HG/system_efm32hg.o
                0x00000990                SystemULFRCOClockGet
 .text.SystemLFXOClockGet
                0x00000998        0xc ./CMSIS/EFM32HG/system_efm32hg.o
                0x00000998                SystemLFXOClockGet
 .text          0x000009a4      0x120 /home/brecht/Programs/SimplicityStudio_v4/developer/toolchains/gnu_arm/4.9_2015q3/bin/../lib/gcc/arm-none-eabi/4.9.3/armv6-m/libgcc.a(_udivsi3.o)
                0x000009a4                __udivsi3
                0x000009a4                __aeabi_uidiv
                0x00000ab0                __aeabi_uidivmod
 .text          0x00000ac4        0x4 /home/brecht/Programs/SimplicityStudio_v4/developer/toolchains/gnu_arm/4.9_2015q3/bin/../lib/gcc/arm-none-eabi/4.9.3/armv6-m/libgcc.a(_dvmd_tls.o)
                0x00000ac4                __aeabi_ldiv0
                0x00000ac4                __aeabi_idiv0
 .text.exit     0x00000ac8       0x2c /home/brecht/Programs/SimplicityStudio_v4/developer/toolchains/gnu_arm/4.9_2015q3/bin/../lib/gcc/arm-none-eabi/4.9.3/../../../../arm-none-eabi/lib/armv6-m/libc_nano.a(lib_a-exit.o)
                0x00000ac8                exit
 .text.__libc_init_array
                0x00000af4       0x4c /home/brecht/Programs/SimplicityStudio_v4/developer/toolchains/gnu_arm/4.9_2015q3/bin/../lib/gcc/arm-none-eabi/4.9.3/../../../../arm-none-eabi/lib/armv6-m/libc_nano.a(lib_a-init.o)
                0x00000af4                __libc_init_array
 .text.memset   0x00000b40       0x10 /home/brecht/Programs/SimplicityStudio_v4/developer/toolchains/gnu_arm/4.9_2015q3/bin/../lib/gcc/arm-none-eabi/4.9.3/../../../../arm-none-eabi/lib/armv6-m/libc_nano.a(lib_a-memset.o)
                0x00000b40                memset
 .text._exit    0x00000b50        0x4 /home/brecht/Programs/SimplicityStudio_v4/developer/toolchains/gnu_arm/4.9_2015q3/bin/../lib/gcc/arm-none-eabi/4.9.3/../../../../arm-none-eabi/lib/armv6-m/libnosys.a(_exit.o)
                0x00000b50                _exit
 *(.init)
 .init          0x00000b54        0x4 /home/brecht/Programs/SimplicityStudio_v4/developer/toolchains/gnu_arm/4.9_2015q3/bin/../lib/gcc/arm-none-eabi/4.9.3/armv6-m/crti.o
                0x00000b54                _init
 .init          0x00000b58        0x8 /home/brecht/Programs/SimplicityStudio_v4/developer/toolchains/gnu_arm/4.9_2015q3/bin/../lib/gcc/arm-none-eabi/4.9.3/armv6-m/crtn.o
 *(.fini)
 .fini          0x00000b60        0x4 /home/brecht/Programs/SimplicityStudio_v4/developer/toolchains/gnu_arm/4.9_2015q3/bin/../lib/gcc/arm-none-eabi/4.9.3/armv6-m/crti.o
                0x00000b60                _fini
 .fini          0x00000b64        0x8 /home/brecht/Programs/SimplicityStudio_v4/developer/toolchains/gnu_arm/4.9_2015q3/bin/../lib/gcc/arm-none-eabi/4.9.3/armv6-m/crtn.o
 *crtbegin.o(.ctors)
 *crtbegin?.o(.ctors)
 *(EXCLUDE_FILE(*crtend.o *crtend?.o) .ctors)
 *(SORT(.ctors.*))
 *(.ctors)
 *crtbegin.o(.dtors)
 *crtbegin?.o(.dtors)
 *(EXCLUDE_FILE(*crtend.o *crtend?.o) .dtors)
 *(SORT(.dtors.*))
 *(.dtors)
 *(.rodata*)
 .rodata.CMU_ClockEnable
                0x00000b6c       0x2c ./emlib/em_cmu.o
 .rodata.CMU_ClockSelectGet
                0x00000b98       0x1c ./emlib/em_cmu.o
 .rodata.str1.4
                0x00000bb4       0xd7 ./emlib/em_cmu.o
 *fill*         0x00000c8b        0x1 
 .rodata.str1.4
                0x00000c8c       0xd8 ./emlib/em_gpio.o
 .rodata.str1.1
                0x00000d64        0x2 /home/brecht/Programs/SimplicityStudio_v4/developer/toolchains/gnu_arm/4.9_2015q3/bin/../lib/gcc/arm-none-eabi/4.9.3/../../../../arm-none-eabi/lib/armv6-m/libc_nano.a(lib_a-impure.o)
 *fill*         0x00000d66        0x2 
 .rodata._global_impure_ptr
                0x00000d68        0x4 /home/brecht/Programs/SimplicityStudio_v4/developer/toolchains/gnu_arm/4.9_2015q3/bin/../lib/gcc/arm-none-eabi/4.9.3/../../../../arm-none-eabi/lib/armv6-m/libc_nano.a(lib_a-impure.o)
                0x00000d68                _global_impure_ptr
 *(.eh_frame*)
 .eh_frame      0x00000d6c        0x0 /home/brecht/Programs/SimplicityStudio_v4/developer/toolchains/gnu_arm/4.9_2015q3/bin/../lib/gcc/arm-none-eabi/4.9.3/armv6-m/crtbegin.o
 .eh_frame      0x00000d6c        0x4 /home/brecht/Programs/SimplicityStudio_v4/developer/toolchains/gnu_arm/4.9_2015q3/bin/../lib/gcc/arm-none-eabi/4.9.3/armv6-m/crtend.o

.glue_7         0x00000d70        0x0
 .glue_7        0x00000000        0x0 linker stubs

.glue_7t        0x00000d70        0x0
 .glue_7t       0x00000000        0x0 linker stubs

.vfp11_veneer   0x00000d70        0x0
 .vfp11_veneer  0x00000000        0x0 linker stubs

.v4_bx          0x00000d70        0x0
 .v4_bx         0x00000000        0x0 linker stubs

.iplt           0x00000d70        0x0
 .iplt          0x00000000        0x0 /home/brecht/Programs/SimplicityStudio_v4/developer/toolchains/gnu_arm/4.9_2015q3/bin/../lib/gcc/arm-none-eabi/4.9.3/armv6-m/crtbegin.o

.ARM.extab
 *(.ARM.extab* .gnu.linkonce.armextab.*)
                0x00000d70                __exidx_start = .

.ARM.exidx      0x00000d70        0x8
 *(.ARM.exidx* .gnu.linkonce.armexidx.*)
 .ARM.exidx     0x00000d70        0x8 /home/brecht/Programs/SimplicityStudio_v4/developer/toolchains/gnu_arm/4.9_2015q3/bin/../lib/gcc/arm-none-eabi/4.9.3/../../../../arm-none-eabi/lib/armv6-m/crt0.o
                0x00000d78                __exidx_end = .
                0x00000d78                __etext = .

.rel.dyn        0x00000d78        0x0
 .rel.iplt      0x00000000        0x0 /home/brecht/Programs/SimplicityStudio_v4/developer/toolchains/gnu_arm/4.9_2015q3/bin/../lib/gcc/arm-none-eabi/4.9.3/armv6-m/crtbegin.o

.data           0x20000000       0x78 load address 0x00000d78
                0x20000000                __data_start__ = .
 *(vtable)
 *(.data*)
 .data.SystemLFXOClock
                0x20000000        0x4 ./CMSIS/EFM32HG/system_efm32hg.o
 .data.SystemHFXOClock
                0x20000004        0x4 ./CMSIS/EFM32HG/system_efm32hg.o
 .data.SystemCoreClock
                0x20000008        0x4 ./CMSIS/EFM32HG/system_efm32hg.o
                0x20000008                SystemCoreClock
 .data.impure_data
                0x2000000c       0x60 /home/brecht/Programs/SimplicityStudio_v4/developer/toolchains/gnu_arm/4.9_2015q3/bin/../lib/gcc/arm-none-eabi/4.9.3/../../../../arm-none-eabi/lib/armv6-m/libc_nano.a(lib_a-impure.o)
                0x2000006c                . = ALIGN (0x4)
 *(.ram)
                0x2000006c                . = ALIGN (0x4)
                0x2000006c                PROVIDE (__preinit_array_start, .)
 *(.preinit_array)
                0x2000006c                PROVIDE (__preinit_array_end, .)
                0x2000006c                . = ALIGN (0x4)
                0x2000006c                PROVIDE (__init_array_start, .)
 *(SORT(.init_array.*))
 *(.init_array)
 .init_array    0x2000006c        0x4 /home/brecht/Programs/SimplicityStudio_v4/developer/toolchains/gnu_arm/4.9_2015q3/bin/../lib/gcc/arm-none-eabi/4.9.3/armv6-m/crtbegin.o
                0x20000070                PROVIDE (__init_array_end, .)
                0x20000070                . = ALIGN (0x4)
                0x20000070                PROVIDE (__fini_array_start, .)
 *(SORT(.fini_array.*))
 *(.fini_array)
 .fini_array    0x20000070        0x4 /home/brecht/Programs/SimplicityStudio_v4/developer/toolchains/gnu_arm/4.9_2015q3/bin/../lib/gcc/arm-none-eabi/4.9.3/armv6-m/crtbegin.o
                0x20000074                PROVIDE (__fini_array_end, .)
 *(.jcr*)
 .jcr           0x20000074        0x0 /home/brecht/Programs/SimplicityStudio_v4/developer/toolchains/gnu_arm/4.9_2015q3/bin/../lib/gcc/arm-none-eabi/4.9.3/armv6-m/crtbegin.o
 .jcr           0x20000074        0x4 /home/brecht/Programs/SimplicityStudio_v4/developer/toolchains/gnu_arm/4.9_2015q3/bin/../lib/gcc/arm-none-eabi/4.9.3/armv6-m/crtend.o
                0x20000078                . = ALIGN (0x4)
                0x20000078                __data_end__ = .

.igot.plt       0x20000078        0x0 load address 0x00000df0
 .igot.plt      0x00000000        0x0 /home/brecht/Programs/SimplicityStudio_v4/developer/toolchains/gnu_arm/4.9_2015q3/bin/../lib/gcc/arm-none-eabi/4.9.3/armv6-m/crtbegin.o

.bss            0x20000078       0x20 load address 0x00000df0
                0x20000078                . = ALIGN (0x4)
                0x20000078                __bss_start__ = .
 *(.bss*)
 .bss           0x20000078       0x1c /home/brecht/Programs/SimplicityStudio_v4/developer/toolchains/gnu_arm/4.9_2015q3/bin/../lib/gcc/arm-none-eabi/4.9.3/armv6-m/crtbegin.o
 .bss.msTicks   0x20000094        0x4 ./src/blink.o
 *(COMMON)
                0x20000098                . = ALIGN (0x4)
                0x20000098                __bss_end__ = .

.heap           0x20000098      0x400
                0x20000098                __HeapBase = .
                0x20000098                __end__ = .
                0x20000098                end = __end__
                0x20000098                _end = __end__
 *(.heap*)
 .heap          0x20000098      0x400 ./CMSIS/EFM32HG/startup_efm32hg.o
                0x20000498                __HeapLimit = .

.stack_dummy    0x20000098      0x400
 *(.stack*)
 .stack         0x20000098      0x400 ./CMSIS/EFM32HG/startup_efm32hg.o
                0x20002000                __StackTop = (ORIGIN (RAM) + 0x2000)
                0x20001c00                __StackLimit = (__StackTop - SIZEOF (.stack_dummy))
                0x20002000                PROVIDE (__stack, __StackTop)
                0x00000001                ASSERT ((__StackLimit >= __HeapLimit), region RAM overflowed with stack)
                0x00000001                ASSERT ((0x10000 >= (__etext + SIZEOF (.data))), FLASH memory overflowed !)
OUTPUT(EFM32HG222F64_blink.axf elf32-littlearm)

.ARM.attributes
                0x00000000       0x28
 .ARM.attributes
                0x00000000       0x1e /home/brecht/Programs/SimplicityStudio_v4/developer/toolchains/gnu_arm/4.9_2015q3/bin/../lib/gcc/arm-none-eabi/4.9.3/armv6-m/crti.o
 .ARM.attributes
                0x0000001e       0x2c /home/brecht/Programs/SimplicityStudio_v4/developer/toolchains/gnu_arm/4.9_2015q3/bin/../lib/gcc/arm-none-eabi/4.9.3/armv6-m/crtbegin.o
 .ARM.attributes
                0x0000004a       0x1b /home/brecht/Programs/SimplicityStudio_v4/developer/toolchains/gnu_arm/4.9_2015q3/bin/../lib/gcc/arm-none-eabi/4.9.3/../../../../arm-none-eabi/lib/armv6-m/crt0.o
 .ARM.attributes
                0x00000065       0x32 ./src/blink.o
 .ARM.attributes
                0x00000097       0x32 ./emlib/em_assert.o
 .ARM.attributes
                0x000000c9       0x32 ./emlib/em_cmu.o
 .ARM.attributes
                0x000000fb       0x32 ./emlib/em_gpio.o
 .ARM.attributes
                0x0000012d       0x1b ./CMSIS/EFM32HG/startup_efm32hg.o
 .ARM.attributes
                0x00000148       0x32 ./CMSIS/EFM32HG/system_efm32hg.o
 .ARM.attributes
                0x0000017a       0x1e /home/brecht/Programs/SimplicityStudio_v4/developer/toolchains/gnu_arm/4.9_2015q3/bin/../lib/gcc/arm-none-eabi/4.9.3/armv6-m/libgcc.a(_udivsi3.o)
 .ARM.attributes
                0x00000198       0x1e /home/brecht/Programs/SimplicityStudio_v4/developer/toolchains/gnu_arm/4.9_2015q3/bin/../lib/gcc/arm-none-eabi/4.9.3/armv6-m/libgcc.a(_dvmd_tls.o)
 .ARM.attributes
                0x000001b6       0x2c /home/brecht/Programs/SimplicityStudio_v4/developer/toolchains/gnu_arm/4.9_2015q3/bin/../lib/gcc/arm-none-eabi/4.9.3/../../../../arm-none-eabi/lib/armv6-m/libc_nano.a(lib_a-exit.o)
 .ARM.attributes
                0x000001e2       0x2c /home/brecht/Programs/SimplicityStudio_v4/developer/toolchains/gnu_arm/4.9_2015q3/bin/../lib/gcc/arm-none-eabi/4.9.3/../../../../arm-none-eabi/lib/armv6-m/libc_nano.a(lib_a-impure.o)
 .ARM.attributes
                0x0000020e       0x2c /home/brecht/Programs/SimplicityStudio_v4/developer/toolchains/gnu_arm/4.9_2015q3/bin/../lib/gcc/arm-none-eabi/4.9.3/../../../../arm-none-eabi/lib/armv6-m/libc_nano.a(lib_a-init.o)
 .ARM.attributes
                0x0000023a       0x2c /home/brecht/Programs/SimplicityStudio_v4/developer/toolchains/gnu_arm/4.9_2015q3/bin/../lib/gcc/arm-none-eabi/4.9.3/../../../../arm-none-eabi/lib/armv6-m/libc_nano.a(lib_a-memset.o)
 .ARM.attributes
                0x00000266       0x2c /home/brecht/Programs/SimplicityStudio_v4/developer/toolchains/gnu_arm/4.9_2015q3/bin/../lib/gcc/arm-none-eabi/4.9.3/../../../../arm-none-eabi/lib/armv6-m/libnosys.a(_exit.o)
 .ARM.attributes
                0x00000292       0x2c /home/brecht/Programs/SimplicityStudio_v4/developer/toolchains/gnu_arm/4.9_2015q3/bin/../lib/gcc/arm-none-eabi/4.9.3/armv6-m/crtend.o
 .ARM.attributes
                0x000002be       0x1e /home/brecht/Programs/SimplicityStudio_v4/developer/toolchains/gnu_arm/4.9_2015q3/bin/../lib/gcc/arm-none-eabi/4.9.3/armv6-m/crtn.o

.comment        0x00000000       0x70
 .comment       0x00000000       0x70 ./src/blink.o
                                 0x71 (size before relaxing)
 .comment       0x00000000       0x71 ./emlib/em_assert.o
 .comment       0x00000000       0x71 ./emlib/em_cmu.o
 .comment       0x00000000       0x71 ./emlib/em_gpio.o
 .comment       0x00000000       0x71 ./CMSIS/EFM32HG/system_efm32hg.o

.debug_info     0x00000000     0x3df6
 .debug_info    0x00000000      0xd9f ./src/blink.o
 .debug_info    0x00000d9f       0x77 ./emlib/em_assert.o
 .debug_info    0x00000e16     0x1f99 ./emlib/em_cmu.o
 .debug_info    0x00002daf      0x964 ./emlib/em_gpio.o
 .debug_info    0x00003713      0x10d ./CMSIS/EFM32HG/startup_efm32hg.o
 .debug_info    0x00003820      0x5d6 ./CMSIS/EFM32HG/system_efm32hg.o

.debug_abbrev   0x00000000      0xbec
 .debug_abbrev  0x00000000      0x318 ./src/blink.o
 .debug_abbrev  0x00000318       0x66 ./emlib/em_assert.o
 .debug_abbrev  0x0000037e      0x3fe ./emlib/em_cmu.o
 .debug_abbrev  0x0000077c      0x283 ./emlib/em_gpio.o
 .debug_abbrev  0x000009ff       0x14 ./CMSIS/EFM32HG/startup_efm32hg.o
 .debug_abbrev  0x00000a13      0x1d9 ./CMSIS/EFM32HG/system_efm32hg.o

.debug_loc      0x00000000     0x32ea
 .debug_loc     0x00000000      0x363 ./src/blink.o
 .debug_loc     0x00000363     0x2144 ./emlib/em_cmu.o
 .debug_loc     0x000024a7      0xcbc ./emlib/em_gpio.o
 .debug_loc     0x00003163      0x187 ./CMSIS/EFM32HG/system_efm32hg.o

.debug_aranges  0x00000000      0x230
 .debug_aranges
                0x00000000       0x30 ./src/blink.o
 .debug_aranges
                0x00000030       0x20 ./emlib/em_assert.o
 .debug_aranges
                0x00000050      0x110 ./emlib/em_cmu.o
 .debug_aranges
                0x00000160       0x48 ./emlib/em_gpio.o
 .debug_aranges
                0x000001a8       0x20 ./CMSIS/EFM32HG/startup_efm32hg.o
 .debug_aranges
                0x000001c8       0x68 ./CMSIS/EFM32HG/system_efm32hg.o

.debug_ranges   0x00000000      0x5d8
 .debug_ranges  0x00000000      0x100 ./src/blink.o
 .debug_ranges  0x00000100       0x10 ./emlib/em_assert.o
 .debug_ranges  0x00000110      0x2b8 ./emlib/em_cmu.o
 .debug_ranges  0x000003c8      0x1b8 ./emlib/em_gpio.o
 .debug_ranges  0x00000580       0x58 ./CMSIS/EFM32HG/system_efm32hg.o

.debug_macro    0x00000000    0x11bfb
 .debug_macro   0x00000000      0x2e6 ./src/blink.o
 .debug_macro   0x000002e6      0x82c ./src/blink.o
 .debug_macro   0x00000b12      0x2fc ./src/blink.o
 .debug_macro   0x00000e0e       0x12 ./src/blink.o
 .debug_macro   0x00000e20       0x22 ./src/blink.o
 .debug_macro   0x00000e42       0x44 ./src/blink.o
 .debug_macro   0x00000e86       0xe3 ./src/blink.o
 .debug_macro   0x00000f69       0x22 ./src/blink.o
 .debug_macro   0x00000f8b      0x1df ./src/blink.o
 .debug_macro   0x0000116a       0x1c ./src/blink.o
 .debug_macro   0x00001186       0x22 ./src/blink.o
 .debug_macro   0x000011a8       0xb5 ./src/blink.o
 .debug_macro   0x0000125d       0x12 ./src/blink.o
 .debug_macro   0x0000126f       0x58 ./src/blink.o
 .debug_macro   0x000012c7       0x35 ./src/blink.o
 .debug_macro   0x000012fc       0x9c ./src/blink.o
 .debug_macro   0x00001398      0x166 ./src/blink.o
 .debug_macro   0x000014fe       0x52 ./src/blink.o
 .debug_macro   0x00001550       0x16 ./src/blink.o
 .debug_macro   0x00001566       0x43 ./src/blink.o
 .debug_macro   0x000015a9      0x180 ./src/blink.o
 .debug_macro   0x00001729      0x297 ./src/blink.o
 .debug_macro   0x000019c0       0x10 ./src/blink.o
 .debug_macro   0x000019d0       0x35 ./src/blink.o
 .debug_macro   0x00001a05       0xde ./src/blink.o
 .debug_macro   0x00001ae3       0xe4 ./src/blink.o
 .debug_macro   0x00001bc7      0x37c ./src/blink.o
 .debug_macro   0x00001f43      0x2b2 ./src/blink.o
 .debug_macro   0x000021f5     0x14a7 ./src/blink.o
 .debug_macro   0x0000369c      0x82f ./src/blink.o
 .debug_macro   0x00003ecb       0xfa ./src/blink.o
 .debug_macro   0x00003fc5      0x1b5 ./src/blink.o
 .debug_macro   0x0000417a     0x16b0 ./src/blink.o
 .debug_macro   0x0000582a      0x6cc ./src/blink.o
 .debug_macro   0x00005ef6     0x1bdc ./src/blink.o
 .debug_macro   0x00007ad2      0x22b ./src/blink.o
 .debug_macro   0x00007cfd     0x1c0b ./src/blink.o
 .debug_macro   0x00009908      0x33f ./src/blink.o
 .debug_macro   0x00009c47      0xf1e ./src/blink.o
 .debug_macro   0x0000ab65      0xf9c ./src/blink.o
 .debug_macro   0x0000bb01      0xa5d ./src/blink.o
 .debug_macro   0x0000c55e     0x106c ./src/blink.o
 .debug_macro   0x0000d5ca      0x381 ./src/blink.o
 .debug_macro   0x0000d94b      0x1cb ./src/blink.o
 .debug_macro   0x0000db16      0x166 ./src/blink.o
 .debug_macro   0x0000dc7c      0x258 ./src/blink.o
 .debug_macro   0x0000ded4       0x40 ./src/blink.o
 .debug_macro   0x0000df14      0x2b9 ./src/blink.o
 .debug_macro   0x0000e1cd       0xc4 ./src/blink.o
 .debug_macro   0x0000e291      0x254 ./src/blink.o
 .debug_macro   0x0000e4e5     0x22e8 ./src/blink.o
 .debug_macro   0x000107cd      0x100 ./src/blink.o
 .debug_macro   0x000108cd      0x100 ./src/blink.o
 .debug_macro   0x000109cd       0x22 ./src/blink.o
 .debug_macro   0x000109ef       0x10 ./src/blink.o
 .debug_macro   0x000109ff       0xb9 ./src/blink.o
 .debug_macro   0x00010ab8      0x2fe ./src/blink.o
 .debug_macro   0x00010db6       0x23 ./emlib/em_assert.o
 .debug_macro   0x00010dd9      0x347 ./emlib/em_cmu.o
 .debug_macro   0x00011120       0xbf ./emlib/em_cmu.o
 .debug_macro   0x000111df      0x2f8 ./emlib/em_cmu.o
 .debug_macro   0x000114d7       0x2b ./emlib/em_cmu.o
 .debug_macro   0x00011502       0xee ./emlib/em_cmu.o
 .debug_macro   0x000115f0       0x69 ./emlib/em_cmu.o
 .debug_macro   0x00011659       0x11 ./emlib/em_cmu.o
 .debug_macro   0x0001166a      0x2d5 ./emlib/em_gpio.o
 .debug_macro   0x0001193f      0x2bc ./CMSIS/EFM32HG/system_efm32hg.o

.debug_line     0x00000000     0x2cf4
 .debug_line    0x00000000      0x829 ./src/blink.o
 .debug_line    0x00000829      0x196 ./emlib/em_assert.o
 .debug_line    0x000009bf     0x10ba ./emlib/em_cmu.o
 .debug_line    0x00001a79      0x993 ./emlib/em_gpio.o
 .debug_line    0x0000240c       0xdc ./CMSIS/EFM32HG/startup_efm32hg.o
 .debug_line    0x000024e8      0x80c ./CMSIS/EFM32HG/system_efm32hg.o

.debug_str      0x00000000    0x66d6f
 .debug_str     0x00000000    0x65a4f ./src/blink.o
                              0x65cce (size before relaxing)
 .debug_str     0x00065a4f       0x72 ./emlib/em_assert.o
                               0x243e (size before relaxing)
 .debug_str     0x00065ac1      0xed7 ./emlib/em_cmu.o
                              0x666d2 (size before relaxing)
 .debug_str     0x00066998      0x237 ./emlib/em_gpio.o
                              0x64ef4 (size before relaxing)
 .debug_str     0x00066bcf      0x1a0 ./CMSIS/EFM32HG/system_efm32hg.o
                              0x64620 (size before relaxing)

.debug_frame    0x00000000      0x598
 .debug_frame   0x00000000       0x58 ./src/blink.o
 .debug_frame   0x00000058       0x20 ./emlib/em_assert.o
 .debug_frame   0x00000078      0x2e0 ./emlib/em_cmu.o
 .debug_frame   0x00000358       0xbc ./emlib/em_gpio.o
 .debug_frame   0x00000414       0xd0 ./CMSIS/EFM32HG/system_efm32hg.o
 .debug_frame   0x000004e4       0x20 /home/brecht/Programs/SimplicityStudio_v4/developer/toolchains/gnu_arm/4.9_2015q3/bin/../lib/gcc/arm-none-eabi/4.9.3/armv6-m/libgcc.a(_udivsi3.o)
 .debug_frame   0x00000504       0x28 /home/brecht/Programs/SimplicityStudio_v4/developer/toolchains/gnu_arm/4.9_2015q3/bin/../lib/gcc/arm-none-eabi/4.9.3/../../../../arm-none-eabi/lib/armv6-m/libc_nano.a(lib_a-exit.o)
 .debug_frame   0x0000052c       0x2c /home/brecht/Programs/SimplicityStudio_v4/developer/toolchains/gnu_arm/4.9_2015q3/bin/../lib/gcc/arm-none-eabi/4.9.3/../../../../arm-none-eabi/lib/armv6-m/libc_nano.a(lib_a-init.o)
 .debug_frame   0x00000558       0x20 /home/brecht/Programs/SimplicityStudio_v4/developer/toolchains/gnu_arm/4.9_2015q3/bin/../lib/gcc/arm-none-eabi/4.9.3/../../../../arm-none-eabi/lib/armv6-m/libc_nano.a(lib_a-memset.o)
 .debug_frame   0x00000578       0x20 /home/brecht/Programs/SimplicityStudio_v4/developer/toolchains/gnu_arm/4.9_2015q3/bin/../lib/gcc/arm-none-eabi/4.9.3/../../../../arm-none-eabi/lib/armv6-m/libnosys.a(_exit.o)
